******************************************************************************
                  TI ARM Linker PC v20.2.4                     
******************************************************************************
>> Linked Sun Apr 25 12:45:19 2021

OUTPUT FILE NAME:   <ADC_to_UART.out>
ENTRY POINT SYMBOL: "_c_int00"  address: 000056d1


MEMORY CONFIGURATION

         name            origin    length      used     unused   attr    fill
----------------------  --------  ---------  --------  --------  ----  --------
  MAIN                  00000000   00040000  0000850c  00037af4  R  X
  INFO                  00200000   00004000  00000000  00004000  R  X
  SRAM_CODE             01000000   00010000  0000b5e3  00004a1d  RW X
  SRAM_DATA             20000000   00010000  0000b5e3  00004a1d  RW  


SEGMENT ALLOCATION MAP

run origin  load origin   length   init length attrs members
----------  ----------- ---------- ----------- ----- -------
00000000    00000000    00008518   00008518    r-x
  00000000    00000000    0000003c   0000003c    r-- .resetVecs
  00000040    00000040    00007bd2   00007bd2    r-x .text
  00007c14    00007c14    00000696   00000696    r-- .const
  000082b0    000082b0    00000268   00000268    r-- .cinit
20000140    20000140    00008000   00000000    r--
  20000140    20000140    00008000   00000000    r-- .priheap
20008200    20008200    000030a6   00000000    rw-
  20008200    20008200    00002a35   00000000    rw- .bss
  2000ac38    2000ac38    0000066e   00000000    rw- .data
2000fc00    2000fc00    00000400   00000000    rw-
  2000fc00    2000fc00    00000400   00000000    rw- .stack


SECTION ALLOCATION MAP

 output                                  attributes/
section   page    origin      length       input sections
--------  ----  ----------  ----------   ----------------
.text      0    00000040    00007bd2     
                  00000040    00000468     sysbios.aem4f : BIOS.obj (.text:xdc_runtime_System_doPrint__I)
                  000004a8    00000380     drivers_msp432p401x.aem4f : ADCBufMSP432.oem4f (.text:primeConvert)
                  00000828    000002f8                               : PowerMSP432.oem4f (.text:Power_sleep)
                  00000b20    000002d0                               : UARTMSP432.oem4f (.text:UARTMSP432_open)
                  00000df0    0000028a     msp432p4xx_driverlib.lib : pcm.o (.text:__PCM_setPowerStateAdvanced)
                  0000107a    00000002     ti_drivers_config.obj (.text:Board_initHook)
                  0000107c    00000288     drivers_msp432p401x.aem4f : PowerMSP432.oem4f (.text:initPerfControl)
                  00001304    000001d8     adcBufDifferential.obj (.text:mainThread)
                  000014dc    000001b6     rtsv7M4_T_le_v4SPD16_eabi.lib : fd_add_t2.asm.obj (.text)
                  00001692    00000002     display.aem4f : DisplayUart.oem4f (.text:DisplayUartMin_clear)
                  00001694    00000188     release_pem4f.oem4f (.text:xdc_runtime_System_printfExtend__I)
                  0000181c    00000170     drivers_msp432p401x.aem4f : GPIOMSP432.oem4f (.text:GPIO_setConfig)
                  0000198c    00000164                               : ADCBufMSP432.oem4f (.text:initHw)
                  00001af0    00000160     msp432p4xx_driverlib.lib : adc14.o (.text:_getIndexForMemRegister)
                  00001c50    0000015c                              : pcm.o (.text:__PCM_setPowerModeAdvanced)
                  00001dac    00000140     drivers_msp432p401x.aem4f : ADCBufMSP432.oem4f (.text:ADCBufMSP432_open)
                  00001eec    00000130                               : UDMAMSP432.oem4f (.text:setupInterrupt)
                  0000201c    00000004                               : ADCBufMSP432.oem4f (.text:ADCBufMSP432_getResolution)
                  00002020    00000130     sysbios.aem4f : BIOS.obj (.text:ti_sysbios_knl_Semaphore_pend__E)
                  00002150    0000011c     msp432p4xx_driverlib.lib : uart.o (.text:UART_initModule)
                  0000226c    00000108                              : pcm.o (.text:__PCM_setCoreVoltageLevelAdvanced)
                  00002374    00000004                              : cpu.o (.text:CPU_wfi)
                  00002378    00000108     sysbios.aem4f : BIOS.obj (.text:ti_sysbios_knl_Task_postInit__I)
                  00002480    00000108                   : BIOS.obj (.text:xdc_runtime_Startup_startMods__I)
                  00002588    00000104                   : BIOS.obj (.text:ti_sysbios_knl_Task_Instance_finalize__E)
                  0000268c    000000fc     rtsv7M4_T_le_v4SPD16_eabi.lib : fd_mul_t2.asm.obj (.text)
                  00002788    000000f8     sysbios.aem4f : BIOS.obj (.text:ti_sysbios_family_arm_msp432_init_Boot_configureClocksHigh)
                  00002880    000000f0     msp432p4xx_driverlib.lib : dma.o (.text:DMA_setChannelTransfer)
                  00002970    000000f0     adcBufDifferential.obj (.text:convertAdjustedDifferential)
                  00002a60    000000f0     sysbios.aem4f : BIOS.obj (.text:pthread_create)
                  00002b50    000000f0                   : m3_Hwi_asm.obj (.text:ti_sysbios_family_arm_m3_Hwi_dispatch__I)
                  00002c40    000000e4     msp432p4xx_driverlib.lib : cs.o (.text:CS_startHFXTWithTimeout)
                  00002d24    000000e0     drivers_msp432p401x.aem4f : ADCBufMSP432.oem4f (.text:ADCBufMSP432_hwiIntFxn)
                  00002e04    000000e0     msp432p4xx_driverlib.lib : cs.o (.text:CS_startLFXTWithTimeout)
                  00002ee4    00000004     dpl_msp432p401x.aem4f : ClockP_tirtos.oem4f (.text:ClockP_setTimeout)
                  00002ee8    000000e0     sysbios.aem4f : BIOS.obj (.text:ti_sysbios_knl_Task_Instance_init__E)
                  00002fc8    000000dc     drivers_msp432p401x.aem4f : UARTMSP432.oem4f (.text:UARTMSP432_readPolling)
                  000030a4    000000dc                               : UDMAMSP432.oem4f (.text:UDMAMSP432_close)
                  00003180    000000dc     msp432p4xx_driverlib.lib : cs.o (.text:_CSGetHFXTFrequency)
                  0000325c    00000004     dpl_msp432p401x.aem4f : ClockP_tirtos.oem4f (.text:ClockP_start)
                  00003260    000000d0     sysbios.aem4f : BIOS.obj (.text:ti_sysbios_heaps_HeapMem_alloc__E)
                  00003330    000000cc     drivers_msp432p401x.aem4f : ADCBufMSP432.oem4f (.text:ADCBufMSP432_control)
                  000033fc    000000ca                               : UARTMSP432.oem4f (.text:UARTMSP432_hwiIntFxn)
                  000034c6    00000002     display.aem4f : DisplayUart.oem4f (.text:DisplayUartMin_clearLines)
                  000034c8    000000b8     drivers_msp432p401x.aem4f : UARTMSP432.oem4f (.text:initHw)
                  00003580    000000b8                               : UARTMSP432.oem4f (.text:readTaskCallback)
                  00003638    000000b8     sysbios.aem4f : BIOS.obj (.text:ti_sysbios_family_arm_m3_Hwi_Instance_init__E)
                  000036f0    000000b4     msp432p4xx_driverlib.lib : adc14.o (.text:ADC14_configureConversionMemory)
                  000037a4    000000b4                              : adc14.o (.text:ADC14_configureMultiSequenceMode)
                  00003858    000000b4     drivers_msp432p401x.aem4f : UARTMSP432.oem4f (.text:UARTMSP432_control)
                  0000390c    000000b4                               : UARTMSP432.oem4f (.text:UARTMSP432_writePolling)
                  000039c0    000000ac                               : GPIOMSP432.oem4f (.text:GPIO_init)
                  00003a6c    00000004     dpl_msp432p401x.aem4f : ClockP_tirtos.oem4f (.text:ClockP_stop)
                  00003a70    000000aa     sysbios.aem4f : BIOS.obj (.text:xdc_runtime_Core_createObject__I)
                  00003b1a    000000a8     drivers_msp432p401x.aem4f : UARTMSP432.oem4f (.text:UARTMSP432_write)
                  00003bc2    000000a8                               : UARTMSP432.oem4f (.text:readTaskBlocking)
                  00003c6a    00000006                               : ADCBufMSP432.oem4f (.text:ADCBufMSP432_adjustRawValues)
                  00003c70    000000a8     sysbios.aem4f : BIOS.obj (.text:ti_sysbios_family_arm_msp432_Timer_periodicStub__E)
                  00003d18    000000a4                   : BIOS.obj (.text:ti_sysbios_knl_Task_setPri__E)
                  00003dbc    000000a0     auto_init.aem4f : auto_init.oem4f (.text)
                  00003e5c    000000a0     drivers_msp432p401x.aem4f : UARTMSP432.oem4f (.text:readIsrTextCallback)
                  00003efc    0000009c                               : PowerMSP432.oem4f (.text:Power_init)
                  00003f98    0000009c                               : UDMAMSP432.oem4f (.text:UDMAMSP432_setupPingPongTransfer)
                  00004034    0000009c     rtsv7M4_T_le_v4SPD16_eabi.lib : memcpy_t2.asm.obj (.text)
                  000040d0    00000094     drivers_msp432p401x.aem4f : UDMAMSP432.oem4f (.text:UDMAMSP432_init)
                  00004164    00000094                               : UDMAMSP432.oem4f (.text:UDMAMSP432_open)
                  000041f8    00000094     sysbios.aem4f : BIOS.obj (.text:_pthread_removeThreadKeys)
                  0000428c    00000004     dpl_msp432p401x.aem4f : HwiP_tirtos.oem4f (.text:HwiP_clearInterrupt)
                  00004290    00000094     sysbios.aem4f : BIOS.obj (.text:ti_sysbios_family_arm_m3_Hwi_initNVIC__E)
                  00004324    00000004     dpl_msp432p401x.aem4f : HwiP_tirtos.oem4f (.text:HwiP_disable)
                  00004328    00000094     sysbios.aem4f : BIOS.obj (.text:ti_sysbios_knl_Task_exit__E)
                  000043bc    00000092     drivers_msp432p401x.aem4f : UARTMSP432.oem4f (.text:UARTMSP432_close)
                  0000444e    00000092                               : UARTMSP432.oem4f (.text:writeData)
                  000044e0    00000090     sysbios.aem4f : BIOS.obj (.text:ti_sysbios_knl_Task_Module_startup__E)
                  00004570    0000008c     drivers_msp432p401x.aem4f : UARTMSP432.oem4f (.text:readIsrTextBlocking)
                  000045fc    0000008c     sysbios.aem4f : m3_TaskSupport_asm.obj (.text:ti_sysbios_family_arm_m3_TaskSupport_buildTaskStack)
                  00004688    0000008c                   : BIOS.obj (.text:xdc_runtime_Memory_alloc__E)
                  00004714    00000086     rtsv7M4_T_le_v4SPD16_eabi.lib : fd_cmp_t2.asm.obj (.text:__aeabi_cdcmple)
                  0000479a    00000086                                   : fd_cmp_t2.asm.obj (.text:__aeabi_cdrcmple)
                  00004820    00000086     sysbios.aem4f : BIOS.obj (.text:xdc_runtime_Core_constructObject__I)
                  000048a6    00000002     display.aem4f : DisplayUart.oem4f (.text:DisplayUartMin_init)
                  000048a8    00000084     msp432p4xx_driverlib.lib : pcm.o (.text:PCM_gotoLPM3)
                  0000492c    00000084     drivers_msp432p401x.aem4f : UDMAMSP432.oem4f (.text:UDMAMSP432_setupTransfer)
                  000049b0    00000084                               : PowerMSP432.oem4f (.text:restartHFXT)
                  00004a34    00000004     dpl_msp432p401x.aem4f : SemaphoreP_tirtos.oem4f (.text:SemaphoreP_post)
                  00004a38    00000084     sysbios.aem4f : BIOS.obj (.text:ti_sysbios_family_arm_m3_Hwi_postInit__I)
                  00004abc    00000004     dpl_msp432p401x.aem4f : SystemP_tirtos.oem4f (.text:SystemP_vsnprintf)
                  00004ac0    00000084     sysbios.aem4f : BIOS.obj (.text:ti_sysbios_heaps_HeapMem_free__E)
                  00004b44    00000004     release_pem4f.oem4f (.text:ti_sysbios_BIOS_RtsGateProxy_enter__E)
                  00004b48    00000080     sysbios.aem4f : BIOS.obj (.text:ti_sysbios_knl_Clock_workFunc__E)
                  00004bc8    0000007a     rtsv7M4_T_le_v4SPD16_eabi.lib : memset_t2.asm.obj (.text)
                  00004c42    00000002     dpl_msp432p401x.aem4f : PowerMSP432_tirtos.oem4f (.text:PowerMSP432_initPolicy)
                  00004c44    00000078     drivers_msp432p401x.aem4f : ADCBufMSP432.oem4f (.text:ADCBufMSP432_close)
                  00004cbc    00000078                               : TimerMSP432.oem4f (.text:TimerMSP432_allocateTimerResource)
                  00004d34    00000004     release_pem4f.oem4f (.text:ti_sysbios_BIOS_RtsGateProxy_leave__E)
                  00004d38    00000075     sysbios.aem4f : BIOS.obj (.text:xdc_runtime_System_formatNum__I)
                  00004dad    00000001     --HOLE-- [fill = 0]
                  00004dae    00000070     drivers_msp432p401x.aem4f : UARTMSP432.oem4f (.text:UARTMSP432_writeCancel)
                  00004e1e    00000002                               : UARTMSP432.oem4f (.text:UARTMSP432_init)
                  00004e20    00000070                               : ADCBufMSP432.oem4f (.text:configDMA)
                  00004e90    00000070     sysbios.aem4f : BIOS.obj (.text:ti_sysbios_heaps_HeapMem_initPrimary__I)
                  00004f00    0000006c                   : BIOS.obj (.text:ti_sysbios_knl_Swi_restoreHwi__E)
                  00004f6c    00000068     drivers_msp432p401x.aem4f : ADCBufMSP432.oem4f (.text:ADCBufMSP432_convert)
                  00004fd4    00000068                               : GPIOMSP432.oem4f (.text:GPIO_hwiIntFxn)
                  0000503c    00000068                               : PowerMSP432.oem4f (.text:PowerMSP432_getFreqs)
                  000050a4    00000068     rtsv7M4_T_le_v4SPD16_eabi.lib : copy_decompress_lzss.c.obj (.text:decompress:lzss:__TI_decompress_lzss)
                  0000510c    00000066     drivers_msp432p401x.aem4f : ADCBufMSP432.oem4f (.text:completeDMAConversion)
                  00005172    00000006     display.aem4f : DisplayUart.oem4f (.text:DisplayUartMin_control)
                  00005178    00000066     sysbios.aem4f : BIOS.obj (.text:xdc_runtime_Core_deleteObject__I)
                  000051de    00000064     drivers_msp432p401x.aem4f : ADCBufMSP432.oem4f (.text:completeConversion)
                  00005242    00000002     rtsv7M4_T_le_v4SPD16_eabi.lib : _lock.c.obj (.text:_nop)
                  00005244    00000064     main_tirtos.obj (.text:main)
                  000052a8    00000064     sysbios.aem4f : BIOS.obj (.text:pthread_exit)
                  0000530c    00000004     release_pem4f.oem4f (.text:ti_sysbios_family_arm_m3_Hwi_delete)
                  00005310    00000064     sysbios.aem4f : BIOS.obj (.text:ti_sysbios_family_arm_m3_Hwi_dispatchC__I)
                  00005374    00000060     drivers_msp432p401x.aem4f : GPIOMSP432.oem4f (.text:GPIO_setCallback)
                  000053d4    00000004     release_pem4f.oem4f (.text:ti_sysbios_family_arm_m3_TaskSupport_Module__startupDone__S)
                  000053d8    00000060     sysbios.aem4f : BIOS.obj (.text:ti_sysbios_knl_Semaphore_post__E)
                  00005438    00000060                   : BIOS.obj (.text:ti_sysbios_knl_Swi_run__I)
                  00005498    0000005e     msp432p4xx_driverlib.lib : pcm.o (.text:PCM_getCoreVoltageLevel)
                  000054f6    00000002     rtsv7M4_T_le_v4SPD16_eabi.lib : div0.asm.obj (.text)
                  000054f8    0000005c     display.aem4f : Display.oem4f (.text:Display_doOpen)
                  00005554    00000004     release_pem4f.oem4f (.text:ti_sysbios_heaps_HeapMem_Module_GateProxy_enter__E)
                  00005558    0000005c     sysbios.aem4f : BIOS.obj (.text:ti_sysbios_knl_Swi_schedule__I)
                  000055b4    00000004     release_pem4f.oem4f (.text:ti_sysbios_heaps_HeapMem_Module_GateProxy_leave__E)
                  000055b8    0000005c     sysbios.aem4f : BIOS.obj (.text:ti_sysbios_knl_Task_startCore__E)
                  00005614    00000004     release_pem4f.oem4f (.text:ti_sysbios_knl_Clock_TimerProxy_getMaxTicks__E)
                  00005618    0000005c     sysbios.aem4f : BIOS.obj (.text:xdc_runtime_Startup_exec__E)
                  00005674    0000005a     msp432p4xx_driverlib.lib : pcm.o (.text:PCM_getPowerMode)
                  000056ce    00000002     release_pem4f.oem4f (.text:ti_sysbios_BIOS_nullFunc__I)
                  000056d0    00000058     boot.aem4f : boot.oem4f (.text)
                  00005728    00000058     drivers_msp432p401x.aem4f : UARTMSP432.oem4f (.text:readIsrBinaryBlocking)
                  00005780    00000058     sysbios.aem4f : m3_Hwi_asm_switch.obj (.text:ti_sysbios_family_arm_m3_Hwi_initStacks__E)
                  000057d8    00000054     drivers_msp432p401x.aem4f : ADCBufMSP432.oem4f (.text:ADCBufMSP432DMA_hwiIntFxn)
                  0000582c    00000054     msp432p4xx_driverlib.lib : pcm.o (.text:PCM_shutdownDevice)
                  00005880    00000054     drivers_msp432p401x.aem4f : TimerMSP432.oem4f (.text:TimerMSP432_freeTimerResource)
                  000058d4    00000054                               : UDMAMSP432.oem4f (.text:UDMAMSP432_PingPongToggleBuffer)
                  00005928    00000054     release_pem4f.oem4f (.text:ti_sysbios_family_arm_m3_Hwi_create)
                  0000597c    00000004     release_pem4f.oem4f (.text:ti_sysbios_knl_Clock_TimerProxy_getPeriod__E)
                  00005980    00000054     sysbios.aem4f : BIOS.obj (.text:ti_sysbios_family_arm_msp432_Timer_initDevice__I)
                  000059d4    00000050     dpl_msp432p401x.aem4f : ClockP_tirtos.oem4f (.text:ClockP_create)
                  00005a24    00000050     drivers_msp432p401x.aem4f : UDMAMSP432.oem4f (.text:UDMAMSP432_hwiFxn)
                  00005a74    00000004     release_pem4f.oem4f (.text:ti_sysbios_knl_Clock_delete)
                  00005a78    00000050     sysbios.aem4f : BIOS.obj (.text:ti_sysbios_family_arm_m3_Hwi_Module_startup__E)
                  00005ac8    00000050     release_pem4f.oem4f (.text:ti_sysbios_knl_Task_create)
                  00005b18    0000004c     dpl_msp432p401x.aem4f : PowerMSP432_tirtos.oem4f (.text:PowerMSP432_sleepPolicy)
                  00005b64    0000004c     rtsv7M4_T_le_v4SPD16_eabi.lib : cpy_tbl.c.obj (.text:copy_in)
                  00005bb0    0000004c     drivers_msp432p401x.aem4f : UARTMSP432.oem4f (.text:readIsrBinaryCallback)
                  00005bfc    00000004     release_pem4f.oem4f (.text:ti_sysbios_knl_Semaphore_delete)
                  00005c00    0000004c     sysbios.aem4f : BIOS.obj (.text:ti_sysbios_family_arm_msp432_Timer_postInit__I)
                  00005c4c    00000004     release_pem4f.oem4f (.text:ti_sysbios_knl_Task_delete)
                  00005c50    0000004c     sysbios.aem4f : BIOS.obj (.text:ti_sysbios_family_arm_msp432_Timer_start__E)
                  00005c9c    00000004     release_pem4f.oem4f (.text:xdc_runtime_System_Module_GateProxy_enter__E)
                  00005ca0    0000004c     sysbios.aem4f : BIOS.obj (.text:ti_sysbios_heaps_HeapMem_getStats__E)
                  00005cec    00000004     release_pem4f.oem4f (.text:xdc_runtime_System_Module_GateProxy_leave__E)
                  00005cf0    0000004c     sysbios.aem4f : BIOS.obj (.text:ti_sysbios_knl_Swi_runLoop__I)
                  00005d3c    00000004     --HOLE-- [fill = 0]
                  00005d40    0000004c                   : BIOS.obj (.text:ti_sysbios_knl_Task_allBlockedFunction__I)
                  00005d8c    00000004     --HOLE-- [fill = 0]
                  00005d90    0000004c                   : BIOS.obj (.text:ti_sysbios_knl_Task_schedule__I)
                  00005ddc    0000004a     display.aem4f : DisplayUart.oem4f (.text:DisplayUartMin_open)
                  00005e26    00000002     --HOLE-- [fill = 0]
                  00005e28    00000048     drivers_msp432p401x.aem4f : PowerMSP432.oem4f (.text:Power_releaseConstraint)
                  00005e70    00000048     rtsv7M4_T_le_v4SPD16_eabi.lib : fd_toi_t2.asm.obj (.text)
                  00005eb8    00000048     sysbios.aem4f : BIOS.obj (.text:ti_sysbios_family_arm_m3_Hwi_disableInterrupt__E)
                  00005f00    00000048                   : BIOS.obj (.text:ti_sysbios_family_arm_m3_Hwi_enableInterrupt__E)
                  00005f48    00000048                   : BIOS.obj (.text:ti_sysbios_knl_Mailbox_Module_startup__E)
                  00005f90    00000048                   : BIOS.obj (.text:xdc_runtime_Core_assignParams__I)
                  00005fd8    00000046     drivers_msp432p401x.aem4f : ADCBufMSP432.oem4f (.text:ADCBufMSP432_convertAdjustedToMicroVolts)
                  0000601e    00000046     display.aem4f : DisplayUart.oem4f (.text:DisplayUartMin_vprintf)
                  00006064    00000046     drivers_msp432p401x.aem4f : RingBuf.oem4f (.text:RingBuf_put)
                  000060aa    00000002     --HOLE-- [fill = 0]
                  000060ac    00000044                               : ADCBufMSP432.oem4f (.text:ADCBufMSP432_init)
                  000060f0    00000044                               : ADCBuf.oem4f (.text:ADCBuf_init)
                  00006134    00000044                               : UART.oem4f (.text:UART_init)
                  00006178    00000044     rtsv7M4_T_le_v4SPD16_eabi.lib : fd_tou_t2.asm.obj (.text)
                  000061bc    00000004     --HOLE-- [fill = 0]
                  000061c0    00000044     sysbios.aem4f : BIOS.obj (.text:ti_sysbios_family_arm_m3_Hwi_getStackInfo__E)
                  00006204    00000004     --HOLE-- [fill = 0]
                  00006208    00000044                   : BIOS.obj (.text:ti_sysbios_knl_Swi_post__E)
                  0000624c    00000040     drivers_msp432p401x.aem4f : ADCBuf.oem4f (.text:ADCBuf_open)
                  0000628c    00000040     dpl_msp432p401x.aem4f : HwiP_tirtos.oem4f (.text:HwiP_create)
                  000062cc    00000040     drivers_msp432p401x.aem4f : RingBuf.oem4f (.text:RingBuf_get)
                  0000630c    00000040                               : UARTMSP432.oem4f (.text:UARTMSP432_read)
                  0000634c    00000040                               : UART.oem4f (.text:UART_open)
                  0000638c    00000040                               : UARTMSP432.oem4f (.text:perfChangeNotifyFxn)
                  000063cc    00000040     rtsv7M4_T_le_v4SPD16_eabi.lib : u_divt2.asm.obj (.text)
                  0000640c    00000004     --HOLE-- [fill = 0]
                  00006410    00000040     sysbios.aem4f : BIOS.obj (.text:ti_sysbios_family_arm_msp432_Timer_Module_startup__E)
                  00006450    00000040                   : BIOS.obj (.text:ti_sysbios_family_arm_msp432_Timer_startup__E)
                  00006490    00000040                   : BIOS.obj (.text:ti_sysbios_heaps_HeapMem_Instance_init__E)
                  000064d0    00000040                   : BIOS.obj (.text:ti_sysbios_knl_Clock_Instance_init__E)
                  00006510    0000003c     dpl_msp432p401x.aem4f : SemaphoreP_tirtos.oem4f (.text:SemaphoreP_create)
                  0000654c    00000004     --HOLE-- [fill = 0]
                  00006550    0000003c     sysbios.aem4f : BIOS.obj (.text:ti_sysbios_family_arm_m3_Hwi_Instance_finalize__E)
                  0000658c    00000004     --HOLE-- [fill = 0]
                  00006590    0000003c                   : BIOS.obj (.text:ti_sysbios_family_arm_msp432_Seconds_Module_startup__E)
                  000065cc    0000003c     release_pem4f.oem4f (.text:ti_sysbios_knl_Clock_create)
                  00006608    0000003c     sysbios.aem4f : BIOS.obj (.text:ti_sysbios_knl_Swi_restore__E)
                  00006644    00000038     drivers_msp432p401x.aem4f : GPIOMSP432.oem4f (.text:GPIO_toggle)
                  0000667c    00000038                               : PowerMSP432.oem4f (.text:Power_setConstraint)
                  000066b4    00000038     adcBufDifferential.obj (.text:adcBufCallback)
                  000066ec    00000038     drivers_msp432p401x.aem4f : PowerMSP432.oem4f (.text:notify)
                  00006724    00000038     rtsv7M4_T_le_v4SPD16_eabi.lib : fs_tod_t2.asm.obj (.text)
                  0000675c    00000004     --HOLE-- [fill = 0]
                  00006760    00000038     sysbios.aem4f : BIOS.obj (.text:xdc_runtime_System_atexit__E)
                  00006798    00000036     drivers_msp432p401x.aem4f : UARTMSP432.oem4f (.text:UARTMSP432_readCancel)
                  000067ce    00000002     --HOLE-- [fill = 0]
                  000067d0    00000034     release_pem4f.oem4f (.text:ti_sysbios_knl_Semaphore_create)
                  00006804    00000004     --HOLE-- [fill = 0]
                  00006808    00000032     sysbios.aem4f : BIOS.obj (.text:ti_sysbios_hal_Hwi_initStack)
                  0000683a    00000006     display.aem4f : DisplayUart.oem4f (.text:DisplayUartMin_getType)
                  00006840    00000032     sysbios.aem4f : BIOS.obj (.text:xdc_runtime_System_putchar__I)
                  00006872    00000030     drivers_msp432p401x.aem4f : ADCBufMSP432.oem4f (.text:ADCBufMSP432_convertCancel)
                  000068a2    00000002     --HOLE-- [fill = 0]
                  000068a4    00000030                               : UARTMSP432.oem4f (.text:mapPin)
                  000068d4    00000030     release_pem4f.oem4f (.text:ti_sysbios_BIOS_atExitFunc__I)
                  00006904    00000030     release_pem4f.oem4f (.text:ti_sysbios_BIOS_startFunc__I)
                  00006934    00000004     --HOLE-- [fill = 0]
                  00006938    00000030     sysbios.aem4f : BIOS.obj (.text:ti_sysbios_family_arm_m3_TaskSupport_start__E)
                  00006968    00000030     release_pem4f.oem4f (.text:ti_sysbios_gates_GateHwi_Object__create__S)
                  00006998    00000030     release_pem4f.oem4f (.text:ti_sysbios_gates_GateMutex_Object__create__S)
                  000069c8    00000030     sysbios.aem4f : BIOS.obj (.text:ti_sysbios_gates_GateMutex_enter__E)
                  000069f8    00000030     release_pem4f.oem4f (.text:ti_sysbios_heaps_HeapMem_Object__create__S)
                  00006a28    00000030     sysbios.aem4f : BIOS.obj (.text:ti_sysbios_knl_Mailbox_postInit__I)
                  00006a58    00000030     release_pem4f.oem4f (.text:ti_sysbios_knl_Semaphore_construct)
                  00006a88    00000030     sysbios.aem4f : BIOS.obj (.text:ti_sysbios_knl_Semaphore_pendTimeout__I)
                  00006ab8    00000030                   : BIOS.obj (.text:ti_sysbios_knl_Task_processVitalTaskFlag__I)
                  00006ae8    00000030                   : BIOS.obj (.text:ti_sysbios_knl_Task_restore__E)
                  00006b18    00000030                   : BIOS.obj (.text:ti_sysbios_knl_Task_unblockI__E)
                  00006b48    00000030                   : BIOS.obj (.text:xdc_runtime_System_processAtExit__E)
                  00006b78    0000002e                   : BIOS.obj (.text:pthread_setcancelstate)
                  00006ba6    0000002e     rtsv7M4_T_le_v4SPD16_eabi.lib : i_tofd_t2.asm.obj (.text)
                  00006bd4    0000002c     dpl_msp432p401x.aem4f : PowerMSP432_tirtos.oem4f (.text:PowerMSP432_updateFreqs)
                  00006c00    0000002c     msp432p4xx_driverlib.lib : rtc_c.o (.text:RTC_C_holdClock)
                  00006c2c    0000002c     dpl_msp432p401x.aem4f : SemaphoreP_tirtos.oem4f (.text:SemaphoreP_createBinary)
                  00006c58    0000002c     sysbios.aem4f : BIOS.obj (.text:_pthread_cleanupFxn)
                  00006c84    00000004     --HOLE-- [fill = 0]
                  00006c88    0000002c                   : BIOS.obj (.text:_pthread_delete$43)
                  00006cb4    0000002c     release_pem4f.oem4f (.text:ti_sysbios_gates_GateHwi_Handle__label__S)
                  00006ce0    0000002c     release_pem4f.oem4f (.text:ti_sysbios_gates_GateMutex_Handle__label__S)
                  00006d0c    0000002c     release_pem4f.oem4f (.text:ti_sysbios_heaps_HeapMem_Handle__label__S)
                  00006d38    0000002c     release_pem4f.oem4f (.text:ti_sysbios_knl_Clock_doTick__I)
                  00006d64    0000002c     release_pem4f.oem4f (.text:ti_sysbios_knl_Queue_construct)
                  00006d90    0000002a     display.aem4f : Display.oem4f (.text:Display_doPrintf)
                  00006dba    00000006                   : Display.oem4f (.text:Display_doParamsInit)
                  00006dc0    0000002a     sysbios.aem4f : BIOS.obj (.text:sem_init)
                  00006dea    00000002     --HOLE-- [fill = 0]
                  00006dec    00000028     msp432p4xx_driverlib.lib : adc14.o (.text:ADC14_getResult)
                  00006e14    00000028     display.aem4f : Display.oem4f (.text:Display_doInit)
                  00006e3c    00000028     msp432p4xx_driverlib.lib : pcm.o (.text:PCM_gotoLPM0)
                  00006e64    00000028     drivers_msp432p401x.aem4f : PowerMSP432.oem4f (.text:Power_registerNotify)
                  00006e8c    00000028                               : PowerMSP432.oem4f (.text:disableFaultCounter)
                  00006eb4    00000028                               : PowerMSP432.oem4f (.text:disableHFXT)
                  00006edc    00000028                               : UARTMSP432.oem4f (.text:findBaudDividerIndex)
                  00006f04    00000028     sysbios.aem4f : m3_Hwi_asm.obj (.text:ti_sysbios_family_arm_m3_Hwi_excHandlerAsm__I)
                  00006f2c    00000004     --HOLE-- [fill = 0]
                  00006f30    00000028                   : BIOS.obj (.text:ti_sysbios_knl_Clock_addI__E)
                  00006f58    00000028                   : BIOS.obj (.text:ti_sysbios_knl_Swi_Module_startup__E)
                  00006f80    00000026     drivers_msp432p401x.aem4f : List.oem4f (.text:List_put)
                  00006fa6    00000026                               : List.oem4f (.text:List_remove)
                  00006fcc    00000026     sysbios.aem4f : m3_Hwi_asm.obj (.text:ti_sysbios_family_arm_m3_Hwi_pendSV__I)
                  00006ff2    00000002     --HOLE-- [fill = 0]
                  00006ff4    00000024     msp432p4xx_driverlib.lib : wdt_a.o (.text:WDT_A_holdTimer)
                  00007018    00000024     sysbios.aem4f : BIOS.obj (.text:pthread_attr_init)
                  0000703c    00000024     release_pem4f.oem4f (.text:ti_sysbios_BIOS_registerRTSLock__I)
                  00007060    00000024     release_pem4f.oem4f (.text:ti_sysbios_BIOS_removeRTSLock__I)
                  00007084    00000004     --HOLE-- [fill = 0]
                  00007088    00000024     sysbios.aem4f : BIOS.obj (.text:ti_sysbios_family_arm_msp432_ClockFreqs_setFrequency__E)
                  000070ac    00000024     release_pem4f.oem4f (.text:ti_sysbios_gates_GateMutex_Object__delete__S)
                  000070d0    00000024     sysbios.aem4f : BIOS.obj (.text:ti_sysbios_knl_Clock_Module_startup__E)
                  000070f4    00000024     release_pem4f.oem4f (.text:ti_sysbios_knl_Clock_Object__delete__S)
                  00007118    00000024     sysbios.aem4f : BIOS.obj (.text:ti_sysbios_knl_Clock_start__E)
                  0000713c    00000004     --HOLE-- [fill = 0]
                  00007140    00000024                   : BIOS.obj (.text:ti_sysbios_knl_Semaphore_Instance_init__E)
                  00007164    00000024     release_pem4f.oem4f (.text:ti_sysbios_knl_Semaphore_Object__delete__S)
                  00007188    00000024     sysbios.aem4f : BIOS.obj (.text:ti_sysbios_knl_Task_restoreHwi__E)
                  000071ac    00000004     --HOLE-- [fill = 0]
                  000071b0    00000024                   : BIOS.obj (.text:xdc_runtime_Error_policyMin__E)
                  000071d4    00000020     msp432p4xx_driverlib.lib : cs.o (.text:CS_setExternalClockSourceFrequency)
                  000071f4    00000020     drivers_msp432p401x.aem4f : PowerMSP432.oem4f (.text:Power_unregisterNotify)
                  00007214    00000020                               : RingBuf.oem4f (.text:RingBuf_peek)
                  00007234    00000020     release_pem4f.oem4f (.text:ti_sysbios_BIOS_rtsLock__I)
                  00007254    00000020     release_pem4f.oem4f (.text:ti_sysbios_family_arm_m3_Hwi_Object__delete__S)
                  00007274    00000004     --HOLE-- [fill = 0]
                  00007278    00000020     sysbios.aem4f : BIOS.obj (.text:ti_sysbios_family_arm_m3_Hwi_clearInterrupt__E)
                  00007298    00000020     release_pem4f.oem4f (.text:ti_sysbios_gates_GateHwi_Object__delete__S)
                  000072b8    00000020     release_pem4f.oem4f (.text:ti_sysbios_heaps_HeapMem_Object__delete__S)
                  000072d8    00000020     sysbios.aem4f : BIOS.obj (.text:ti_sysbios_knl_Idle_run__E)
                  000072f8    00000020     release_pem4f.oem4f (.text:ti_sysbios_knl_Semaphore_destruct)
                  00007318    00000020     release_pem4f.oem4f (.text:ti_sysbios_knl_Task_Object__delete__S)
                  00007338    0000001e     sysbios.aem4f : m3_Hwi_asm_switch.obj (.text:ti_sysbios_family_xxx_Hwi_switchAndRunFunc)
                  00007356    00000002     --HOLE-- [fill = 0]
                  00007358    0000001c     ti_drivers_config.obj (.text:dmaErrorFxn)
                  00007374    00000004     --HOLE-- [fill = 0]
                  00007378    0000001c     sysbios.aem4f : BIOS.obj (.text:ti_sysbios_family_arm_m3_Hwi_excHandler__I)
                  00007394    00000004     --HOLE-- [fill = 0]
                  00007398    0000001c                   : BIOS.obj (.text:ti_sysbios_gates_GateMutex_Instance_init__E)
                  000073b4    00000004     --HOLE-- [fill = 0]
                  000073b8    0000001c                   : BIOS.obj (.text:ti_sysbios_knl_Clock_Instance_finalize__E)
                  000073d4    0000001c     release_pem4f.oem4f (.text:ti_sysbios_knl_Queue_destruct)
                  000073f0    0000001c     sysbios.aem4f : BIOS.obj (.text:ti_sysbios_knl_Queue_put__E)
                  0000740c    00000004     --HOLE-- [fill = 0]
                  00007410    0000001c                   : BIOS.obj (.text:ti_sysbios_knl_Task_enter__I)
                  0000742c    00000004     --HOLE-- [fill = 0]
                  00007430    0000001c                   : BIOS.obj (.text:ti_sysbios_rts_ti_ReentSupport_getReent__F)
                  0000744c    00000004     --HOLE-- [fill = 0]
                  00007450    0000001c                   : BIOS.obj (.text:xdc_runtime_Memory_valloc__E)
                  0000746c    00000004     --HOLE-- [fill = 0]
                  00007470    0000001c                   : BIOS.obj (.text:xdc_runtime_System_abort__E)
                  0000748c    00000018     release_pem4f.oem4f (.text:.bootCodeSection:ti_sysbios_family_arm_msp432_init_Boot_init__I)
                  000074a4    00000018     msp432p4xx_driverlib.lib : sysctl_a.o (.text:SysCtl_A_disableNMISource)
                  000074bc    00000018                              : sysctl_a.o (.text:SysCtl_A_enableNMISource)
                  000074d4    00000018     drivers_msp432p401x.aem4f : UART.oem4f (.text:UART_Params_init)
                  000074ec    00000018     rtsv7M4_T_le_v4SPD16_eabi.lib : args_main.c.obj (.text:_args_main)
                  00007504    00000018     release_pem4f.oem4f (.text:ti_sysbios_BIOS_rtsUnlock__I)
                  0000751c    00000018     release_pem4f.oem4f (.text:ti_sysbios_family_arm_m3_Hwi_Module__startupDone__F)
                  00007534    00000018     sysbios.aem4f : m3_TaskSupport_asm.obj (.text:ti_sysbios_family_arm_m3_TaskSupport_swap__E)
                  0000754c    00000018     release_pem4f.oem4f (.text:ti_sysbios_family_arm_msp432_Timer_Module__startupDone__F)
                  00007564    00000004     --HOLE-- [fill = 0]
                  00007568    00000018     sysbios.aem4f : BIOS.obj (.text:ti_sysbios_gates_GateMutex_leave__E)
                  00007580    00000018     release_pem4f.oem4f (.text:ti_sysbios_rts_ti_ReentSupport_getTlsAddr__I)
                  00007598    00000018     sysbios.aem4f : BIOS.obj (.text:xdc_runtime_Error_init__E)
                  000075b0    00000018                   : BIOS.obj (.text:xdc_runtime_System_exit__E)
                  000075c8    00000016     display.aem4f : DisplayUart.oem4f (.text:DisplayUartMin_close)
                  000075de    00000016     release_pem4f.oem4f (.text:ti_sysbios_BIOS_exitFunc__I)
                  000075f4    00000004     --HOLE-- [fill = 0]
                  000075f8    00000016     sysbios.aem4f : BIOS.obj (.text:ti_sysbios_knl_Task_unblock__E)
                  0000760e    00000002     --HOLE-- [fill = 0]
                  00007610    00000014     drivers_msp432p401x.aem4f : ADCBuf.oem4f (.text:ADCBuf_Params_init)
                  00007624    00000014     msp432p4xx_driverlib.lib : pcm.o (.text:PCM_getPowerState)
                  00007638    00000014     drivers_msp432p401x.aem4f : PowerMSP432.oem4f (.text:Power_idleFunc)
                  0000764c    00000014                               : UARTMSP432.oem4f (.text:clearTXCPTIFG)
                  00007660    00000014     sysbios.aem4f : BIOS.obj (.text:pthread_attr_setschedparam)
                  00007674    00000014     rtsv7M4_T_le_v4SPD16_eabi.lib : strlen.c.obj (.text:strlen)
                  00007688    00000014     release_pem4f.oem4f (.text:ti_sysbios_family_arm_m3_Hwi_Object__get__S)
                  0000769c    00000004     --HOLE-- [fill = 0]
                  000076a0    00000014     sysbios.aem4f : BIOS.obj (.text:ti_sysbios_family_arm_m3_Hwi_switchFromBootStack__E)
                  000076b4    00000014     release_pem4f.oem4f (.text:ti_sysbios_heaps_HeapMem_Object__get__S)
                  000076c8    00000014     release_pem4f.oem4f (.text:ti_sysbios_knl_Swi_Object__get__S)
                  000076dc    00000012     drivers_msp432p401x.aem4f : RingBuf.oem4f (.text:RingBuf_construct)
                  000076ee    00000012     dpl_msp432p401x.aem4f : SemaphoreP_tirtos.oem4f (.text:SemaphoreP_pend)
                  00007700    00000012     sysbios.aem4f : BIOS.obj (.text:_pthread_cleanup_pop)
                  00007712    00000006     --HOLE-- [fill = 0]
                  00007718    00000012                   : BIOS.obj (.text:_pthread_runStub$43)
                  0000772a    00000006     --HOLE-- [fill = 0]
                  00007730    00000012                   : BIOS.obj (.text:ti_sysbios_hal_Hwi_Module_startup__E)
                  00007742    00000012     release_pem4f.oem4f (.text:xdc_runtime_Startup_exec__I)
                  00007754    00000010     msp432p4xx_driverlib.lib : adc14.o (.text:ADCIsConversionRunning)
                  00007764    00000010     dpl_msp432p401x.aem4f : HwiP_tirtos.oem4f (.text:HwiP_Params_init)
                  00007774    00000010     msp432p4xx_driverlib.lib : pcm.o (.text:PCM_gotoLPM4)
                  00007784    00000010                              : pcm.o (.text:PCM_setPowerMode)
                  00007794    00000010                              : pcm.o (.text:PCM_setPowerState)
                  000077a4    00000010     drivers_msp432p401x.aem4f : PowerMSP432.oem4f (.text:PowerMSP432_getNumPerfLevels)
                  000077b4    00000010     msp432p4xx_driverlib.lib : sysctl_a.o (.text:SysCtl_A_getNMISourceStatus)
                  000077c4    00000010                              : sysctl.o (.text:SysCtl_getNMISourceStatus)
                  000077d4    00000010     drivers_msp432p401x.aem4f : UARTMSP432.oem4f (.text:readBlockingTimeout)
                  000077e4    00000004     --HOLE-- [fill = 0]
                  000077e8    00000010     sysbios.aem4f : BIOS.obj (.text:ti_sysbios_BIOS_exit__E)
                  000077f8    00000010                   : BIOS.obj (.text:ti_sysbios_BIOS_setCpuFreq__E)
                  00007808    00000010                   : BIOS.obj (.text:ti_sysbios_BIOS_setThreadType__E)
                  00007818    00000010                   : BIOS.obj (.text:ti_sysbios_BIOS_start__E)
                  00007828    00000010                   : m3_TaskSupport_asm.obj (.text:ti_sysbios_family_arm_m3_TaskSupport_glue)
                  00007838    00000010                   : BIOS.obj (.text:ti_sysbios_family_arm_msp432_init_Boot_disableWatchdog)
                  00007848    00000010                   : BIOS.obj (.text:ti_sysbios_gates_GateMutex_Instance_finalize__E)
                  00007858    00000010     release_pem4f.oem4f (.text:ti_sysbios_knl_Mailbox_Object__get__S)
                  00007868    00000010     sysbios.aem4f : BIOS.obj (.text:ti_sysbios_knl_Semaphore_Instance_finalize__E)
                  00007878    00000010                   : BIOS.obj (.text:ti_sysbios_knl_Swi_disable__E)
                  00007888    00000010     release_pem4f.oem4f (.text:ti_sysbios_knl_Task_Object__get__S)
                  00007898    00000010     sysbios.aem4f : BIOS.obj (.text:ti_sysbios_knl_Task_disable__E)
                  000078a8    00000010                   : BIOS.obj (.text:xdc_runtime_Gate_leaveSystem__E)
                  000078b8    00000010                   : BIOS.obj (.text:xdc_runtime_Memory_free__E)
                  000078c8    00000010                   : BIOS.obj (.text:xdc_runtime_SysCallback_abort__E)
                  000078d8    00000010                   : BIOS.obj (.text:xdc_runtime_SysCallback_exit__E)
                  000078e8    00000010                   : BIOS.obj (.text:xdc_runtime_SysCallback_putch__E)
                  000078f8    00000010                   : BIOS.obj (.text:xdc_runtime_SysCallback_ready__E)
                  00007908    00000010                   : BIOS.obj (.text:xdc_runtime_System_vsnprintf__E)
                  00007918    0000000e     rtsv7M4_T_le_v4SPD16_eabi.lib : copy_decompress_none.c.obj (.text:decompress:none:__TI_decompress_none)
                  00007926    00000002     --HOLE-- [fill = 0]
                  00007928    0000000e     sysbios.aem4f : BIOS.obj (.text:pthread_attr_setdetachstate)
                  00007936    00000002     --HOLE-- [fill = 0]
                  00007938    0000000e                   : BIOS.obj (.text:sem_wait)
                  00007946    00000002     --HOLE-- [fill = 0]
                  00007948    0000000e                   : BIOS.obj (.text:ti_sysbios_knl_Idle_loop__E)
                  00007956    00000002     --HOLE-- [fill = 0]
                  00007958    0000000e                   : BIOS.obj (.text:ti_sysbios_knl_Queue_empty__E)
                  00007966    0000000c     ti_drivers_config.obj (.text:Board_init)
                  00007972    0000000c     msp432p4xx_driverlib.lib : cpu.o (.text:CPU_cpsid)
                  0000797e    0000000c                              : cpu.o (.text:CPU_cpsie)
                  0000798a    0000000c     dpl_msp432p401x.aem4f : ClockP_tirtos.oem4f (.text:ClockP_delete)
                  00007996    0000000c                           : HwiP_tirtos.oem4f (.text:HwiP_delete)
                  000079a2    00000002     --HOLE-- [fill = 0]
                  000079a4    0000000c     drivers_msp432p401x.aem4f : PowerMSP432.oem4f (.text:Power_getConstraintMask)
                  000079b0    0000000c                               : PowerMSP432.oem4f (.text:Power_getPerformanceLevel)
                  000079bc    0000000c     dpl_msp432p401x.aem4f : SemaphoreP_tirtos.oem4f (.text:SemaphoreP_delete)
                  000079c8    0000000c     rtsv7M4_T_le_v4SPD16_eabi.lib : _lock.c.obj (.text:_register_lock)
                  000079d4    0000000c                                   : _lock.c.obj (.text:_register_unlock)
                  000079e0    0000000c                                   : copy_zero_init.c.obj (.text:decompress:ZI:__TI_zero_init)
                  000079ec    00000004     --HOLE-- [fill = 0]
                  000079f0    0000000c     sysbios.aem4f : BIOS.obj (.text:pthread_self)
                  000079fc    0000000c     release_pem4f.oem4f (.text:ti_sysbios_family_arm_m3_Hwi_Params__init__S)
                  00007a08    0000000c     sysbios.aem4f : BIOS.obj (.text:ti_sysbios_family_arm_m3_Hwi_disableFxn__E)
                  00007a14    00000004     --HOLE-- [fill = 0]
                  00007a18    0000000c                   : BIOS.obj (.text:ti_sysbios_family_arm_m3_TaskSupport_getStackAlignment__E)
                  00007a24    00000004     --HOLE-- [fill = 0]
                  00007a28    0000000c                   : BIOS.obj (.text:ti_sysbios_family_arm_msp432_Timer_getMaxTicks__E)
                  00007a34    00000004     --HOLE-- [fill = 0]
                  00007a38    0000000c                   : BIOS.obj (.text:ti_sysbios_gates_GateHwi_enter__E)
                  00007a44    0000000c     release_pem4f.oem4f (.text:ti_sysbios_knl_Clock_Params__init__S)
                  00007a50    0000000c     sysbios.aem4f : BIOS.obj (.text:ti_sysbios_knl_Clock_getTickPeriod__E)
                  00007a5c    00000004     --HOLE-- [fill = 0]
                  00007a60    0000000c                   : BIOS.obj (.text:ti_sysbios_knl_Clock_getTicks__E)
                  00007a6c    0000000c     release_pem4f.oem4f (.text:ti_sysbios_knl_Queue_Object__get__S)
                  00007a78    0000000c     release_pem4f.oem4f (.text:ti_sysbios_knl_Semaphore_Params__init__S)
                  00007a84    0000000c     release_pem4f.oem4f (.text:ti_sysbios_knl_Task_Params__init__S)
                  00007a90    0000000c     sysbios.aem4f : BIOS.obj (.text:ti_sysbios_knl_Task_self__E)
                  00007a9c    00000004     --HOLE-- [fill = 0]
                  00007aa0    0000000c                   : BIOS.obj (.text:ti_sysbios_rts_ti_ReentSupport_taskRegHook__I)
                  00007aac    00000004     --HOLE-- [fill = 0]
                  00007ab0    0000000c                   : BIOS.obj (.text:xdc_runtime_Gate_enterSystem__E)
                  00007abc    00000004     --HOLE-- [fill = 0]
                  00007ac0    0000000c                   : BIOS.obj (.text:xdc_runtime_Startup_rtsDone__E)
                  00007acc    0000000a     drivers_msp432p401x.aem4f : ADCBuf.oem4f (.text:ADCBuf_convert)
                  00007ad6    0000000a     dpl_msp432p401x.aem4f : ClockP_tirtos.oem4f (.text:ClockP_Params_init)
                  00007ae0    0000000a     drivers_msp432p401x.aem4f : UART.oem4f (.text:UART_close)
                  00007aea    0000000a                               : UART.oem4f (.text:UART_control)
                  00007af4    0000000a                               : UART.oem4f (.text:UART_write)
                  00007afe    00000002     --HOLE-- [fill = 0]
                  00007b00    0000000a     sysbios.aem4f : BIOS.obj (.text:sem_post)
                  00007b0a    0000000a     release_pem4f.oem4f (.text:xdc_runtime_IHeap_alloc)
                  00007b14    0000000a     release_pem4f.oem4f (.text:xdc_runtime_IHeap_free)
                  00007b1e    00000008     dpl_msp432p401x.aem4f : SemaphoreP_tirtos.oem4f (.text:SemaphoreP_Params_init)
                  00007b26    00000008     drivers_msp432p401x.aem4f : ADCBufMSP432.oem4f (.text:blockingConvertCallback)
                  00007b2e    00000002     --HOLE-- [fill = 0]
                  00007b30    00000008     sysbios.aem4f : BIOS.obj (.text:pthread_attr_setstacksize)
                  00007b38    00000008     drivers_msp432p401x.aem4f : UARTMSP432.oem4f (.text:readSemCallback)
                  00007b40    00000008     sysbios.aem4f : BIOS.obj (.text:ti_sysbios_family_arm_m3_Hwi_doSwiRestore__I)
                  00007b48    00000008                   : BIOS.obj (.text:ti_sysbios_family_arm_m3_Hwi_startup__E)
                  00007b50    00000008     drivers_msp432p401x.aem4f : UARTMSP432.oem4f (.text:txcptEnabledStatus)
                  00007b58    00000008                               : UARTMSP432.oem4f (.text:writeSemCallback)
                  00007b60    00000006     sysbios.aem4f : BIOS.obj (.text:ti_sysbios_family_arm_m3_Hwi_doTaskRestore__I)
                  00007b66    00000002     --HOLE-- [fill = 0]
                  00007b68    00000006                   : BIOS.obj (.text:ti_sysbios_family_arm_m3_Hwi_restoreFxn__E)
                  00007b6e    00000002     --HOLE-- [fill = 0]
                  00007b70    00000006                   : BIOS.obj (.text:ti_sysbios_gates_GateHwi_leave__E)
                  00007b76    00000002     --HOLE-- [fill = 0]
                  00007b78    00000006                   : BIOS.obj (.text:ti_sysbios_heaps_HeapMem_isBlocking__E)
                  00007b7e    00000002     --HOLE-- [fill = 0]
                  00007b80    00000006                   : BIOS.obj (.text:ti_sysbios_knl_Clock_stop__E)
                  00007b86    00000002     --HOLE-- [fill = 0]
                  00007b88    00000006                   : BIOS.obj (.text:ti_sysbios_knl_Queue_Instance_init__E)
                  00007b8e    00000002     --HOLE-- [fill = 0]
                  00007b90    00000006                   : BIOS.obj (.text:ti_sysbios_knl_Swi_startup__E)
                  00007b96    00000002     --HOLE-- [fill = 0]
                  00007b98    00000006                   : BIOS.obj (.text:xdc_runtime_System_Module_startup__E)
                  00007b9e    00000002     --HOLE-- [fill = 0]
                  00007ba0    00000004                   : BIOS.obj (.text:__aeabi_errno_addr)
                  00007ba4    00000004     --HOLE-- [fill = 0]
                  00007ba8    00000004                   : BIOS.obj (.text:ti_sysbios_family_arm_msp432_Timer_getPeriod__E)
                  00007bac    00000004     --HOLE-- [fill = 0]
                  00007bb0    00000004                   : BIOS.obj (.text:ti_sysbios_gates_GateHwi_query__E)
                  00007bb4    00000004     --HOLE-- [fill = 0]
                  00007bb8    00000004                   : BIOS.obj (.text:ti_sysbios_gates_GateMutex_query__E)
                  00007bbc    00000004     --HOLE-- [fill = 0]
                  00007bc0    00000004                   : BIOS.obj (.text:ti_sysbios_knl_Clock_setTimeout__E)
                  00007bc4    00000004     --HOLE-- [fill = 0]
                  00007bc8    00000004                   : BIOS.obj (.text:ti_sysbios_knl_Task_startup__E)
                  00007bcc    00000004     --HOLE-- [fill = 0]
                  00007bd0    00000004                   : BIOS.obj (.text:xdc_runtime_SysCallback_defaultReady)
                  00007bd4    00000004     --HOLE-- [fill = 0]
                  00007bd8    00000002                   : BIOS.obj (.text:ti_sysbios_BIOS_linkedWithIncorrectBootLibrary__E)
                  00007bda    00000006     --HOLE-- [fill = 0]
                  00007be0    00000002                   : BIOS.obj (.text:ti_sysbios_gates_GateHwi_Instance_init__E)
                  00007be2    00000006     --HOLE-- [fill = 0]
                  00007be8    00000002                   : BIOS.obj (.text:ti_sysbios_knl_Clock_logTick__E)
                  00007bea    00000006     --HOLE-- [fill = 0]
                  00007bf0    00000002                   : BIOS.obj (.text:xdc_runtime_SysCallback_defaultAbort)
                  00007bf2    00000006     --HOLE-- [fill = 0]
                  00007bf8    00000002                   : BIOS.obj (.text:xdc_runtime_SysCallback_defaultExit)
                  00007bfa    00000006     --HOLE-- [fill = 0]
                  00007c00    00000002                   : BIOS.obj (.text:xdc_runtime_SysCallback_defaultPutch)
                  00007c02    00000006     --HOLE-- [fill = 0]
                  00007c08    00000002                   : BIOS.obj (.text:xdc_runtime_System_abortSpin__E)
                  00007c0a    00000006     --HOLE-- [fill = 0]
                  00007c10    00000002                   : BIOS.obj (.text:xdc_runtime_System_exitSpin__E)

.const     0    00007c14    00000696     
                  00007c14    00000080     msp432p4xx_driverlib.lib : adc14.o (.const:_ctlRegs)
                  00007c94    00000040     ti_drivers_config.obj (.const:uartMSP432Baudrates)
                  00007cd4    0000003c     release_pem4f.oem4f (.const:ti_sysbios_knl_Task_Object__PARAMS__C)
                  00007d10    00000038     ti_drivers_config.obj (.const:PowerMSP432_config)
                  00007d48    00000030     release_pem4f.oem4f (.const:ti_sysbios_family_arm_m3_Hwi_Object__PARAMS__C)
                  00007d78    0000002c     ti_drivers_config.obj (.const:uartMSP432HWAttrs)
                  00007da4    00000028     drivers_msp432p401x.aem4f : UARTMSP432.oem4f (.const:UARTMSP432_fxnTable)
                  00007dcc    00000028     release_pem4f.oem4f (.const:ti_sysbios_heaps_HeapMem_Module__FXNS__C)
                  00007df4    00000024     drivers_msp432p401x.aem4f : ADCBufMSP432.oem4f (.const:ADCBufMSP432_fxnTable)
                  00007e18    00000024                               : UART.oem4f (.const:UART_defaultParams)
                  00007e3c    00000024     release_pem4f.oem4f (.const:ti_sysbios_gates_GateHwi_Module__FXNS__C)
                  00007e60    00000024     release_pem4f.oem4f (.const:ti_sysbios_gates_GateMutex_Module__FXNS__C)
                  00007e84    00000024     release_pem4f.oem4f (.const:ti_sysbios_heaps_HeapMem_Object__PARAMS__C)
                  00007ea8    00000024     release_pem4f.oem4f (.const:ti_sysbios_knl_Clock_Object__PARAMS__C)
                  00007ecc    00000024     release_pem4f.oem4f (.const:ti_sysbios_knl_Semaphore_Object__PARAMS__C)
                  00007ef0    00000024     release_pem4f.oem4f (.const:xdc_runtime_Startup_sfxnTab__A)
                  00007f14    00000020     display.aem4f : DisplayUart.oem4f (.const:DisplayUartMin_fxnTable)
                  00007f34    00000020     drivers_msp432p401x.aem4f : UARTMSP432.oem4f (.const:staticFxnTable)
                  00007f54    00000020     release_pem4f.oem4f (.const:ti_sysbios_family_arm_m3_Hwi_Object__DESC__C)
                  00007f74    00000020     release_pem4f.oem4f (.const:ti_sysbios_gates_GateHwi_Object__DESC__C)
                  00007f94    00000020     release_pem4f.oem4f (.const:ti_sysbios_gates_GateMutex_Object__DESC__C)
                  00007fb4    00000020     release_pem4f.oem4f (.const:ti_sysbios_heaps_HeapMem_Object__DESC__C)
                  00007fd4    00000020     release_pem4f.oem4f (.const:ti_sysbios_knl_Clock_Object__DESC__C)
                  00007ff4    00000020     release_pem4f.oem4f (.const:ti_sysbios_knl_Queue_Object__DESC__C)
                  00008014    00000020     release_pem4f.oem4f (.const:ti_sysbios_knl_Semaphore_Object__DESC__C)
                  00008034    00000020     release_pem4f.oem4f (.const:ti_sysbios_knl_Task_Object__DESC__C)
                  00008054    00000018     drivers_msp432p401x.aem4f : ADCBufMSP432.oem4f (.const:$P$T0$1)
                  0000806c    00000018                               : ADCBuf.oem4f (.const:ADCBuf_defaultParams)
                  00008084    00000018     release_pem4f.oem4f (.const:ti_sysbios_gates_GateHwi_Object__PARAMS__C)
                  0000809c    00000018     release_pem4f.oem4f (.const:ti_sysbios_gates_GateMutex_Object__PARAMS__C)
                  000080b4    00000018     release_pem4f.oem4f (.const:ti_sysbios_knl_Queue_Object__PARAMS__C)
                  000080cc    00000018     release_pem4f.oem4f (.const:ti_sysbios_knl_Task_hooks__A)
                  000080e4    00000014     ti_drivers_config.obj (.const:GPIOMSP432_config)
                  000080f8    00000014     ti_drivers_config.obj (.const:adcbufMSP432HWAttrs)
                  0000810c    00000014     ti_drivers_config.obj (.const:displayUartHWAttrs)
                  00008120    00000012     release_pem4f.oem4f (.const:xdc_runtime_Startup_sfxnRts__A)
                  00008132    00000002     release_pem4f.oem4f (.const:ti_sysbios_family_arm_m3_Hwi_Module__id__C)
                  00008134    00000010     drivers_msp432p401x.aem4f : ADCBufMSP432.oem4f (.const:$P$T1$2)
                  00008144    0000000c     ti_drivers_config.obj (.const:ADCBuf_config)
                  00008150    0000000c     ti_drivers_config.obj (.const:Display_config)
                  0000815c    0000000c     ti_drivers_config.obj (.const:UART_config)
                  00008168    0000000c     ti_drivers_config.obj (.const:udmaMSP432HWAttrs)
                  00008174    0000000c     release_pem4f.oem4f (.const:xdc_runtime_Startup_firstFxns__A)
                  00008180    00000008     ti_drivers_config.obj (.const:UDMAMSP432_config)
                  00008188    00000008     release_pem4f.oem4f (.const:ti_sysbios_knl_Idle_funcList__A)
                  00008190    00000008     release_pem4f.oem4f (.const:ti_sysbios_knl_Idle_funcList__C)
                  00008198    00000008     release_pem4f.oem4f (.const:ti_sysbios_knl_Task_hooks__C)
                  000081a0    00000008     release_pem4f.oem4f (.const:xdc_runtime_Startup_firstFxns__C)
                  000081a8    00000008     release_pem4f.oem4f (.const:xdc_runtime_Startup_lastFxns__C)
                  000081b0    00000006     drivers_msp432p401x.aem4f : GPIOMSP432.oem4f (.const:.string:interruptType)
                  000081b6    00000006                               : GPIOMSP432.oem4f (.const:.string:portInterruptIds)
                  000081bc    00000005                               : UARTMSP432.oem4f (.const:.string:parityTypes)
                  000081c1    00000001     display.aem4f : Display.oem4f (.const:Display_defaultParams)
                  000081c2    00000004     drivers_msp432p401x.aem4f : UARTMSP432.oem4f (.const:stopBits)
                  000081c6    00000002     release_pem4f.oem4f (.const:ti_sysbios_family_arm_msp432_init_Boot_bypassHFXT__C)
                  000081c8    00000004     release_pem4f.oem4f (.const:ti_sysbios_family_arm_m3_Hwi_E_alreadyDefined__C)
                  000081cc    00000004     release_pem4f.oem4f (.const:ti_sysbios_family_arm_m3_Hwi_E_badIntNum__C)
                  000081d0    00000004     release_pem4f.oem4f (.const:ti_sysbios_family_arm_m3_Hwi_NUM_INTERRUPTS__C)
                  000081d4    00000004     release_pem4f.oem4f (.const:ti_sysbios_family_arm_m3_Hwi_Object__count__C)
                  000081d8    00000004     release_pem4f.oem4f (.const:ti_sysbios_family_arm_m3_Hwi_ccr__C)
                  000081dc    00000004     release_pem4f.oem4f (.const:ti_sysbios_family_arm_m3_Hwi_excHandlerFunc__C)
                  000081e0    00000004     release_pem4f.oem4f (.const:ti_sysbios_family_arm_m3_Hwi_nullIsrFunc__C)
                  000081e4    00000004     release_pem4f.oem4f (.const:ti_sysbios_family_arm_m3_Hwi_priGroup__C)
                  000081e8    00000004     release_pem4f.oem4f (.const:ti_sysbios_family_arm_m3_Hwi_swiDisable__C)
                  000081ec    00000004     release_pem4f.oem4f (.const:ti_sysbios_family_arm_m3_Hwi_swiRestore__C)
                  000081f0    00000004     release_pem4f.oem4f (.const:ti_sysbios_family_arm_m3_TaskSupport_stackAlignment__C)
                  000081f4    00000004     release_pem4f.oem4f (.const:ti_sysbios_family_arm_msp432_Timer_numTimerDevices__C)
                  000081f8    00000004     release_pem4f.oem4f (.const:ti_sysbios_family_arm_msp432_Timer_startupNeeded__C)
                  000081fc    00000004     release_pem4f.oem4f (.const:ti_sysbios_gates_GateMutex_Instance_State_sem__O)
                  00008200    00000004     release_pem4f.oem4f (.const:ti_sysbios_heaps_HeapMem_E_memory__C)
                  00008204    00000004     release_pem4f.oem4f (.const:ti_sysbios_heaps_HeapMem_Module__gateObj__C)
                  00008208    00000004     release_pem4f.oem4f (.const:ti_sysbios_heaps_HeapMem_Object__count__C)
                  0000820c    00000004     release_pem4f.oem4f (.const:ti_sysbios_heaps_HeapMem_primaryHeapBaseAddr__C)
                  00008210    00000004     release_pem4f.oem4f (.const:ti_sysbios_heaps_HeapMem_primaryHeapEndAddr__C)
                  00008214    00000004     release_pem4f.oem4f (.const:ti_sysbios_heaps_HeapMem_reqAlign__C)
                  00008218    00000004     release_pem4f.oem4f (.const:ti_sysbios_knl_Clock_Module_State_clockQ__O)
                  0000821c    00000004     release_pem4f.oem4f (.const:ti_sysbios_knl_Clock_tickPeriod__C)
                  00008220    00000004     release_pem4f.oem4f (.const:ti_sysbios_knl_Mailbox_Instance_State_freeQue__O)
                  00008224    00000004     release_pem4f.oem4f (.const:ti_sysbios_knl_Mailbox_Object__count__C)
                  00008228    00000004     release_pem4f.oem4f (.const:ti_sysbios_knl_Mailbox_maxTypeAlign__C)
                  0000822c    00000004     release_pem4f.oem4f (.const:ti_sysbios_knl_Semaphore_Instance_State_pendQ__O)
                  00008230    00000004     release_pem4f.oem4f (.const:ti_sysbios_knl_Swi_Object__count__C)
                  00008234    00000004     release_pem4f.oem4f (.const:ti_sysbios_knl_Task_Module_State_inactiveQ__O)
                  00008238    00000004     release_pem4f.oem4f (.const:ti_sysbios_knl_Task_Object__count__C)
                  0000823c    00000004     release_pem4f.oem4f (.const:ti_sysbios_knl_Task_Object__heap__C)
                  00008240    00000004     release_pem4f.oem4f (.const:ti_sysbios_knl_Task_allBlockedFunc__C)
                  00008244    00000004     release_pem4f.oem4f (.const:ti_sysbios_knl_Task_defaultStackHeap__C)
                  00008248    00000004     release_pem4f.oem4f (.const:ti_sysbios_knl_Task_defaultStackSize__C)
                  0000824c    00000004     release_pem4f.oem4f (.const:ti_sysbios_knl_Task_numConstructedTasks__C)
                  00008250    00000004     release_pem4f.oem4f (.const:xdc_runtime_Error_E_memory__C)
                  00008254    00000004     release_pem4f.oem4f (.const:xdc_runtime_Error_policyFxn__C)
                  00008258    00000004     release_pem4f.oem4f (.const:xdc_runtime_IGateProvider_Interface__BASE__C)
                  0000825c    00000004     release_pem4f.oem4f (.const:xdc_runtime_IHeap_Interface__BASE__C)
                  00008260    00000004     release_pem4f.oem4f (.const:xdc_runtime_IModule_Interface__BASE__C)
                  00008264    00000004     release_pem4f.oem4f (.const:xdc_runtime_Memory_defaultHeapInstance__C)
                  00008268    00000004     release_pem4f.oem4f (.const:xdc_runtime_Startup_execImpl__C)
                  0000826c    00000004     release_pem4f.oem4f (.const:xdc_runtime_Startup_maxPasses__C)
                  00008270    00000004     release_pem4f.oem4f (.const:xdc_runtime_Startup_sfxnRts__C)
                  00008274    00000004     release_pem4f.oem4f (.const:xdc_runtime_Startup_sfxnTab__C)
                  00008278    00000004     release_pem4f.oem4f (.const:xdc_runtime_SysCallback_abortFxn__C)
                  0000827c    00000004     release_pem4f.oem4f (.const:xdc_runtime_SysCallback_exitFxn__C)
                  00008280    00000004     release_pem4f.oem4f (.const:xdc_runtime_SysCallback_putchFxn__C)
                  00008284    00000004     release_pem4f.oem4f (.const:xdc_runtime_SysCallback_readyFxn__C)
                  00008288    00000004     release_pem4f.oem4f (.const:xdc_runtime_System_Module__gateObj__C)
                  0000828c    00000004     release_pem4f.oem4f (.const:xdc_runtime_System_abortFxn__C)
                  00008290    00000004     release_pem4f.oem4f (.const:xdc_runtime_System_exitFxn__C)
                  00008294    00000004     release_pem4f.oem4f (.const:xdc_runtime_System_extendFxn__C)
                  00008298    00000004     release_pem4f.oem4f (.const:xdc_runtime_System_maxAtexitHandlers__C)
                  0000829c    00000003     ti_drivers_config.obj (.const)
                  0000829f    00000001     release_pem4f.oem4f (.const:xdc_runtime_Error_policy__C)
                  000082a0    00000002     release_pem4f.oem4f (.const:ti_sysbios_family_arm_msp432_init_Boot_bypassLFXT__C)
                  000082a2    00000002     release_pem4f.oem4f (.const:ti_sysbios_family_arm_msp432_init_Boot_enableHFXT__C)
                  000082a4    00000002     release_pem4f.oem4f (.const:ti_sysbios_family_arm_msp432_init_Boot_enableLFXT__C)
                  000082a6    00000002     release_pem4f.oem4f (.const:ti_sysbios_heaps_HeapMem_Module__id__C)
                  000082a8    00000002     release_pem4f.oem4f (.const:xdc_runtime_Memory_Module__id__C)

.cinit     0    000082b0    00000268     
                  000082b0    00000242     (.cinit..data.load) [load image, compression = lzss]
                  000084f2    00000002     --HOLE-- [fill = 0]
                  000084f4    0000000c     (__TI_handler_table)
                  00008500    00000008     (.cinit..bss.load) [load image, compression = zero_init]
                  00008508    00000010     (__TI_cinit_table)

.init_array 
*          0    00000000    00000000     UNINITIALIZED

.bss       0    20008200    00002a35     UNINITIALIZED
                  20008200    00001000     (.common:voltageBuffer)
                  20009200    00000800     (.common:sampleBufferOne)
                  20009a00    00000800     (.common:sampleBufferTwo)
                  2000a200    00000400     ti_drivers_config.obj (.bss:displayUARTBuffer)
                  2000a600    00000200     release_pem4f.oem4f (.bss:taskStackSection)
                  2000a800    00000140     (.common:ti_sysbios_family_arm_m3_Hwi_dispatchTable)
                  2000a940    00000088     (.common:adcbufMSP432Objects)
                  2000a9c8    00000030     drivers_msp432p401x.aem4f : GPIOMSP432.oem4f (.bss:gpioCallbackInfo)
                  2000a9f8    00000008     msp432p4xx_driverlib.lib : cs.o (.bss)
                  2000aa00    00000100     ti_drivers_config.obj (.bss:dmaControlTable)
                  2000ab00    00000080     (.common:uartMSP432Objects)
                  2000ab80    00000020     drivers_msp432p401x.aem4f : UDMAMSP432.oem4f (.bss:hwiFxnArgs)
                  2000aba0    00000020                               : UDMAMSP432.oem4f (.bss:hwiFxnHandlers)
                  2000abc0    00000020     ti_drivers_config.obj (.bss:uartMSP432RingBuffer0)
                  2000abe0    0000001c     (.common:adcbufSem)
                  2000abfc    00000010     drivers_msp432p401x.aem4f : UDMAMSP432.oem4f (.bss:hwiHandles)
                  2000ac0c    0000000c     (.common:displayUartObject)
                  2000ac18    00000004     adcBufDifferential.obj (.bss)
                  2000ac1c    00000004     drivers_msp432p401x.aem4f : ADCBufMSP432.oem4f (.bss)
                  2000ac20    00000004                               : GPIOMSP432.oem4f (.bss)
                  2000ac24    00000004                               : TimerMSP432.oem4f (.bss:timerState)
                  2000ac28    00000004     (.common:ClockP_tickPeriod)
                  2000ac2c    00000004     (.common:displayHandle)
                  2000ac30    00000004     (.common:ti_sysbios_knl_Task_Instance_State_0_hookEnv__A)
                  2000ac34    00000001     (.common:udmaMSP432Object)

.data      0    2000ac38    0000066e     UNINITIALIZED
                  2000ac38    00000140     drivers_msp432p401x.aem4f : PowerMSP432.oem4f (.data:PowerMSP432_perfLevels)
                  2000ad78    00000088     sysbios.aem4f : BIOS.obj (.data:$O1$$)
                  2000ae00    00000080     release_pem4f.oem4f (.data:ti_sysbios_knl_Swi_Module_State_0_readyQ__A)
                  2000ae80    00000080     release_pem4f.oem4f (.data:ti_sysbios_knl_Task_Module_State_0_readyQ__A)
                  2000af00    00000054     release_pem4f.oem4f (.data:ti_sysbios_gates_GateMutex_Object__table__V)
                  2000af54    0000004c     release_pem4f.oem4f (.data:ti_sysbios_knl_Task_Object__table__V)
                  2000afa0    00000044     release_pem4f.oem4f (.data:ti_sysbios_family_arm_msp432_Timer_Object__table__V)
                  2000afe4    00000044     release_pem4f.oem4f (.data:ti_sysbios_knl_Task_Module__state__V)
                  2000b028    00000034     release_pem4f.oem4f (.data:ti_sysbios_family_arm_m3_Hwi_Module__state__V)
                  2000b05c    00000030     release_pem4f.oem4f (.data:ti_sysbios_knl_Swi_Object__table__V)
                  2000b08c    0000002c     drivers_msp432p401x.aem4f : PowerMSP432.oem4f (.data:PowerMSP432_module)
                  2000b0b8    0000002c     release_pem4f.oem4f (.data:ti_sysbios_knl_Clock_Module__state__V)
                  2000b0e4    00000024     release_pem4f.oem4f (.data:ti_sysbios_BIOS_Module__state__V)
                  2000b108    00000020     release_pem4f.oem4f (.data:ti_sysbios_family_arm_msp432_Timer_Module_State_0_device__A)
                  2000b128    00000020     release_pem4f.oem4f (.data:xdc_runtime_Error_IgnoreBlock)
                  2000b148    0000001c     drivers_msp432p401x.aem4f : ADCBufMSP432.oem4f (.data:adcSampleHoldTrigger)
                  2000b164    0000001c                               : ADCBufMSP432.oem4f (.data:adcTriggerTable)
                  2000b180    0000001c     release_pem4f.oem4f (.data:ti_sysbios_knl_Swi_Module__state__V)
                  2000b19c    00000018     ti_drivers_config.obj (.data:adcBufMSP432Channels)
                  2000b1b4    00000018     release_pem4f.oem4f (.data:ti_sysbios_family_arm_m3_Hwi_Object__table__V)
                  2000b1cc    00000018     release_pem4f.oem4f (.data:ti_sysbios_heaps_HeapMem_Object__table__V)
                  2000b1e4    00000010     drivers_msp432p401x.aem4f : UDMAMSP432.oem4f (.data)
                  2000b1f4    00000010     release_pem4f.oem4f (.data:ti_sysbios_family_arm_msp432_Timer_Module_State_0_handles__A)
                  2000b204    0000000c     release_pem4f.oem4f (.data:ti_sysbios_family_arm_msp432_ClockFreqs_Module__state__V)
                  2000b210    0000000c     release_pem4f.oem4f (.data:ti_sysbios_family_arm_msp432_Timer_Module__state__V)
                  2000b21c    00000008     rtsv7M4_T_le_v4SPD16_eabi.lib : _lock.c.obj (.data:$O1$$)
                  2000b224    00000008     release_pem4f.oem4f (.data:ti_sysbios_family_arm_m3_Hwi_Module__root__V)
                  2000b22c    00000008     release_pem4f.oem4f (.data:ti_sysbios_gates_GateHwi_Module__root__V)
                  2000b234    00000008     release_pem4f.oem4f (.data:ti_sysbios_gates_GateMutex_Module__root__V)
                  2000b23c    00000008     release_pem4f.oem4f (.data:ti_sysbios_heaps_HeapMem_Module__root__V)
                  2000b244    00000008     release_pem4f.oem4f (.data:ti_sysbios_knl_Clock_Module__root__V)
                  2000b24c    00000008     release_pem4f.oem4f (.data:ti_sysbios_knl_Queue_Module__root__V)
                  2000b254    00000008     release_pem4f.oem4f (.data:ti_sysbios_knl_Semaphore_Module__root__V)
                  2000b25c    00000008     release_pem4f.oem4f (.data:ti_sysbios_knl_Task_Module__root__V)
                  2000b264    00000008     release_pem4f.oem4f (.data:xdc_runtime_Startup_Module__state__V)
                  2000b26c    00000008     release_pem4f.oem4f (.data:xdc_runtime_System_Module_State_0_atexitHandlers__A)
                  2000b274    00000008     release_pem4f.oem4f (.data:xdc_runtime_System_Module__state__V)
                  2000b27c    00000004     ti_drivers_config.obj (.data:gpioCallbackFunctions)
                  2000b280    00000004     ti_drivers_config.obj (.data:gpioPinConfigs)
                  2000b284    00000004     rtsv7M4_T_le_v4SPD16_eabi.lib : stkdepth_vars.c.obj (.data)
                  2000b288    00000004     release_pem4f.oem4f (.data:ti_sysbios_family_arm_m3_Hwi_Module_State_0_excContext__A)
                  2000b28c    00000004     release_pem4f.oem4f (.data:ti_sysbios_family_arm_m3_Hwi_Module_State_0_excStack__A)
                  2000b290    00000004     release_pem4f.oem4f (.data:ti_sysbios_gates_GateHwi_Object__table__V)
                  2000b294    00000004     release_pem4f.oem4f (.data:ti_sysbios_knl_Task_Module_State_0_idleTask__A)
                  2000b298    00000004     release_pem4f.oem4f (.data:ti_sysbios_rts_ti_ReentSupport_Module__state__V)
                  2000b29c    00000004     release_pem4f.oem4f (.data:xdc_runtime_Memory_Module__state__V)
                  2000b2a0    00000002     drivers_msp432p401x.aem4f : GPIOMSP432.oem4f (.data)
                  2000b2a2    00000002     release_pem4f.oem4f (.data:ti_sysbios_family_arm_m3_Hwi_Module_State_0_excActive__A)
                  2000b2a4    00000001     drivers_msp432p401x.aem4f : ADCBuf.oem4f (.data)
                  2000b2a5    00000001                               : UART.oem4f (.data)

.priheap   0    20000140    00008000     UNINITIALIZED
                  20000140    00008000     --HOLE--

.stack     0    2000fc00    00000400     UNINITIALIZED
                  2000fc00    00000400     --HOLE--

.bootVecs 
*          0    00000000    00000008     DSECT
                  00000000    00000008     boot.aem4f : boot.oem4f (.bootVecs)

.resetVecs 
*          0    00000000    0000003c     
                  00000000    0000003c     release_pem4f.oem4f (.resetVecs)

.vecs      0    20000000    00000140     NOLOAD SECTION
                  20000000    00000140     release_pem4f.oem4f (.vecs)

xdc.meta   0    00000000    000000fe     COPY SECTION
                  00000000    000000fe     release_pem4f.oem4f (xdc.meta)

xdc.noload 
*          0    00000000    00000000     COPY SECTION

__llvm_prf_cnts 
*          0    20000000    00000000     UNINITIALIZED

.binit     0    00000000    00000000     

MODULE SUMMARY

       Module                       code    ro data   rw data
       ------                       ----    -------   -------
    .\
       adcBufDifferential.obj       768     0         16456  
       main_tirtos.obj              100     0         0      
    +--+----------------------------+-------+---------+---------+
       Total:                       868     0         16456  
                                                             
    .\syscfg\
       ti_drivers_config.obj        42      283       3242   
    +--+----------------------------+-------+---------+---------+
       Total:                       42      283       3242   
                                                             
    C:\Users\jdobo\workspace_v10\tirtos_builds_MSP_EXP432P401R_release_ccs\Debug\configPkg\package\cfg\
       release_pem4f.oem4f          1962    1073      4364   
    +--+----------------------------+-------+---------+---------+
       Total:                       1962    1073      4364   
                                                             
    C:/ti/simplelink_msp432p4_sdk_3_40_01_02/kernel/tirtos/packages/ti/dpl/lib/dpl_msp432p401x.aem4f
       SemaphoreP_tirtos.oem4f      146     0         0      
       ClockP_tirtos.oem4f          114     0         8      
       PowerMSP432_tirtos.oem4f     122     0         0      
       HwiP_tirtos.oem4f            100     0         0      
       SystemP_tirtos.oem4f         4       0         0      
    +--+----------------------------+-------+---------+---------+
       Total:                       486     0         8      
                                                             
    C:/ti/simplelink_msp432p4_sdk_3_40_01_02/source/ti/devices/msp432p4xx/driverlib/ccs/msp432p4xx_driverlib.lib
       pcm.o                        1770    0         0      
       adc14.o                      768     128       0      
       cs.o                         704     0         16     
       uart.o                       284     0         0      
       dma.o                        240     0         0      
       sysctl_a.o                   64      0         0      
       rtc_c.o                      44      0         0      
       wdt_a.o                      36      0         0      
       cpu.o                        28      0         0      
       sysctl.o                     16      0         0      
    +--+----------------------------+-------+---------+---------+
       Total:                       3954    128       16     
                                                             
    C:/ti/simplelink_msp432p4_sdk_3_40_01_02/source/ti/display/lib/display.aem4f
       DisplayUart.oem4f            184     32        0      
       Display.oem4f                180     1         0      
    +--+----------------------------+-------+---------+---------+
       Total:                       364     33        0      
                                                             
    C:/ti/simplelink_msp432p4_sdk_3_40_01_02/source/ti/drivers/lib/drivers_msp432p401x.aem4f
       UARTMSP432.oem4f             3406    81        0      
       ADCBufMSP432.oem4f           2826    76        120    
       PowerMSP432.oem4f            2196    0         728    
       UDMAMSP432.oem4f             1272    0         192    
       GPIOMSP432.oem4f             796     12        108    
       UART.oem4f                   186     36        2      
       TimerMSP432.oem4f            204     0         8      
       ADCBuf.oem4f                 162     24        2      
       RingBuf.oem4f                184     0         0      
       List.oem4f                   76      0         0      
    +--+----------------------------+-------+---------+---------+
       Total:                       11308   229       1160   
                                                             
    C:\Users\jdobo\workspace_v10\tirtos_builds_MSP_EXP432P401R_release_ccs\src\sysbios\sysbios.aem4f
       BIOS.obj                     9761    0         272    
       m3_Hwi_asm.obj               318     0         0      
       m3_TaskSupport_asm.obj       180     0         0      
       m3_Hwi_asm_switch.obj        118     0         0      
    +--+----------------------------+-------+---------+---------+
       Total:                       10377   0         272    
                                                             
    C:\ti\ccs1011\ccs\tools\compiler\ti-cgt-arm_20.2.4.LTS\lib\rtsv7M4_T_le_v4SPD16_eabi.lib
       fd_add_t2.asm.obj            438     0         0      
       fd_cmp_t2.asm.obj            268     0         0      
       fd_mul_t2.asm.obj            252     0         0      
       memcpy_t2.asm.obj            156     0         0      
       memset_t2.asm.obj            122     0         0      
       copy_decompress_lzss.c.obj   104     0         0      
       cpy_tbl.c.obj                76      0         0      
       fd_toi_t2.asm.obj            72      0         0      
       fd_tou_t2.asm.obj            68      0         0      
       u_divt2.asm.obj              64      0         0      
       fs_tod_t2.asm.obj            56      0         0      
       i_tofd_t2.asm.obj            46      0         0      
       _lock.c.obj                  26      0         16     
       args_main.c.obj              24      0         0      
       strlen.c.obj                 20      0         0      
       copy_decompress_none.c.obj   14      0         0      
       copy_zero_init.c.obj         12      0         0      
       stkdepth_vars.c.obj          0       0         8      
       div0.asm.obj                 2       0         0      
    +--+----------------------------+-------+---------+---------+
       Total:                       1820    0         24     
                                                             
    C:\ti\simplelink_msp432p4_sdk_3_40_01_02\kernel\tirtos\packages\ti\targets\arm\rtsarm\lib\auto_init.aem4f
       auto_init.oem4f              160     0         0      
    +--+----------------------------+-------+---------+---------+
[...]
00007919  __TI_decompress_none                                            
00007929  pthread_attr_setdetachstate                                     
00007939  sem_wait                                                        
00007949  ti_sysbios_knl_Idle_loop__E                                     
00007959  ti_sysbios_knl_Queue_empty__E                                   
00007967  Board_init                                                      
00007973  CPU_cpsid                                                       
0000797f  CPU_cpsie                                                       
0000798b  ClockP_delete                                                   
00007997  HwiP_delete                                                     
000079a5  Power_getConstraintMask                                         
000079b1  Power_getPerformanceLevel                                       
000079bd  SemaphoreP_delete                                               
000079c9  _register_lock                                                  
000079d5  _register_unlock                                                
000079e1  __TI_zero_init                                                  
000079f1  pthread_self                                                    
000079fd  ti_sysbios_family_arm_m3_Hwi_Params__init__S                    
000079fd  ti_sysbios_hal_Hwi_HwiProxy_Params__init__S                     
00007a09  ti_sysbios_family_arm_m3_Hwi_disableFxn__E                      
00007a09  ti_sysbios_hal_Hwi_HwiProxy_disable__E                          
00007a19  ti_sysbios_family_arm_m3_TaskSupport_getStackAlignment__E       
00007a19  ti_sysbios_knl_Task_SupportProxy_getStackAlignment__E           
00007a29  ti_sysbios_family_arm_msp432_Timer_getMaxTicks__E               
00007a39  ti_sysbios_gates_GateHwi_enter__E                               
00007a45  ti_sysbios_knl_Clock_Params__init__S                            
00007a51  ti_sysbios_knl_Clock_getTickPeriod__E                           
00007a61  ClockP_getSystemTicks                                           
00007a61  ti_sysbios_knl_Clock_getTicks__E                                
00007a6d  ti_sysbios_knl_Queue_Object__get__S                             
00007a79  ti_sysbios_knl_Semaphore_Params__init__S                        
00007a85  ti_sysbios_knl_Task_Params__init__S                             
00007a91  ti_sysbios_knl_Task_self__E                                     
00007aa1  ti_sysbios_rts_ti_ReentSupport_taskRegHook__I                   
00007ab1  xdc_runtime_Gate_enterSystem__E                                 
00007ac1  xdc_runtime_Startup_rtsDone__E                                  
00007acd  ADCBuf_convert                                                  
00007ad7  ClockP_Params_init                                              
00007ae1  UART_close                                                      
00007aeb  UART_control                                                    
00007af5  UART_write                                                      
00007b01  sem_post                                                        
00007b0b  xdc_runtime_Memory_HeapProxy_alloc__E                           
00007b15  xdc_runtime_Memory_HeapProxy_free__E                            
00007b1f  SemaphoreP_Params_init                                          
00007b31  pthread_attr_setstacksize                                       
00007b41  ti_sysbios_family_arm_m3_Hwi_doSwiRestore__I                    
00007b49  ti_sysbios_family_arm_m3_Hwi_startup__E                         
00007b49  ti_sysbios_hal_Hwi_HwiProxy_startup__E                          
00007b49  ti_sysbios_hal_Hwi_startup__E                                   
00007b61  ti_sysbios_family_arm_m3_Hwi_doTaskRestore__I                   
00007b69  HwiP_restore                                                    
00007b69  ti_sysbios_family_arm_m3_Hwi_restoreFxn__E                      
00007b69  ti_sysbios_hal_Hwi_HwiProxy_restore__E                          
00007b71  ti_sysbios_gates_GateHwi_leave__E                               
00007b79  ti_sysbios_heaps_HeapMem_isBlocking__E                          
00007b81  ti_sysbios_knl_Clock_stop__E                                    
00007b89  ti_sysbios_knl_Queue_Instance_init__E                           
00007b91  ti_sysbios_knl_Swi_startup__E                                   
00007b99  xdc_runtime_System_Module_startup__E                            
00007ba1  __aeabi_errno_addr                                              
00007ba9  ti_sysbios_family_arm_msp432_Timer_getPeriod__E                 
00007bb1  ti_sysbios_gates_GateHwi_query__E                               
00007bb1  xdc_runtime_Main_Module_GateProxy_query__E                      
00007bb1  xdc_runtime_System_Module_GateProxy_query__E                    
00007bb9  ti_sysbios_BIOS_RtsGateProxy_query__E                           
00007bb9  ti_sysbios_gates_GateMutex_query__E                             
00007bb9  ti_sysbios_heaps_HeapMem_Module_GateProxy_query__E              
00007bc1  ti_sysbios_knl_Clock_setTimeout__E                              
00007bc9  ti_sysbios_knl_Task_startup__E                                  
00007bd1  xdc_runtime_SysCallback_defaultReady                            
00007bd9  ti_sysbios_BIOS_linkedWithIncorrectBootLibrary__E               
00007be1  ti_sysbios_gates_GateHwi_Instance_init__E                       
00007be9  ti_sysbios_knl_Clock_logTick__E                                 
00007bf1  xdc_runtime_SysCallback_defaultAbort                            
00007bf9  xdc_runtime_SysCallback_defaultExit                             
00007c01  xdc_runtime_SysCallback_defaultPutch                            
00007c09  xdc_runtime_System_abortSpin__E                                 
00007c11  xdc_runtime_System_exitSpin__E                                  
00007cd4  ti_sysbios_knl_Task_Object__PARAMS__C                           
00007d10  PowerMSP432_config                                              
00007d48  ti_sysbios_family_arm_m3_Hwi_Object__PARAMS__C                  
00007da4  UARTMSP432_fxnTable                                             
00007dcc  ti_sysbios_heaps_HeapMem_Module__FXNS__C                        
00007df4  ADCBufMSP432_fxnTable                                           
00007e18  UART_defaultParams                                              
00007e3c  ti_sysbios_gates_GateHwi_Module__FXNS__C                        
00007e60  ti_sysbios_gates_GateMutex_Module__FXNS__C                      
00007e84  ti_sysbios_heaps_HeapMem_Object__PARAMS__C                      
00007ea8  ti_sysbios_knl_Clock_Object__PARAMS__C                          
00007ecc  ti_sysbios_knl_Semaphore_Object__PARAMS__C                      
00007ef0  xdc_runtime_Startup_sfxnTab__A                                  
00007f14  DisplayUartMin_fxnTable                                         
00007f54  ti_sysbios_family_arm_m3_Hwi_Object__DESC__C                    
00007f74  ti_sysbios_gates_GateHwi_Object__DESC__C                        
00007f94  ti_sysbios_gates_GateMutex_Object__DESC__C                      
00007fb4  ti_sysbios_heaps_HeapMem_Object__DESC__C                        
00007fd4  ti_sysbios_knl_Clock_Object__DESC__C                            
00007ff4  ti_sysbios_knl_Queue_Object__DESC__C                            
00008000  HEAPSIZE                                                        
00008014  ti_sysbios_knl_Semaphore_Object__DESC__C                        
00008034  ti_sysbios_knl_Task_Object__DESC__C                             
0000806c  ADCBuf_defaultParams                                            
00008084  ti_sysbios_gates_GateHwi_Object__PARAMS__C                      
0000809c  ti_sysbios_gates_GateMutex_Object__PARAMS__C                    
000080b4  ti_sysbios_knl_Queue_Object__PARAMS__C                          
000080cc  ti_sysbios_knl_Task_hooks__A                                    
000080e4  GPIOMSP432_config                                               
000080f8  adcbufMSP432HWAttrs                                             
0000810c  displayUartHWAttrs                                              
00008120  xdc_runtime_Startup_sfxnRts__A                                  
00008132  ti_sysbios_family_arm_m3_Hwi_Module__id__C                      
00008144  ADCBuf_config                                                   
00008150  Display_config                                                  
0000815c  UART_config                                                     
00008168  udmaMSP432HWAttrs                                               
00008174  xdc_runtime_Startup_firstFxns__A                                
00008180  UDMAMSP432_config                                               
00008188  ti_sysbios_knl_Idle_funcList__A                                 
00008190  ti_sysbios_knl_Idle_funcList__C                                 
00008198  ti_sysbios_knl_Task_hooks__C                                    
000081a0  xdc_runtime_Startup_firstFxns__C                                
000081a8  xdc_runtime_Startup_lastFxns__C                                 
000081c1  Display_defaultParams                                           
000081c6  ti_sysbios_family_arm_msp432_init_Boot_bypassHFXT__C            
000081c8  ti_sysbios_family_arm_m3_Hwi_E_alreadyDefined__C                
000081cc  ti_sysbios_family_arm_m3_Hwi_E_badIntNum__C                     
000081d0  ti_sysbios_family_arm_m3_Hwi_NUM_INTERRUPTS__C                  
000081d4  ti_sysbios_family_arm_m3_Hwi_Object__count__C                   
000081d8  ti_sysbios_family_arm_m3_Hwi_ccr__C                             
000081dc  ti_sysbios_family_arm_m3_Hwi_excHandlerFunc__C                  
000081e0  ti_sysbios_family_arm_m3_Hwi_nullIsrFunc__C                     
000081e4  ti_sysbios_family_arm_m3_Hwi_priGroup__C                        
000081e8  ti_sysbios_family_arm_m3_Hwi_swiDisable__C                      
000081ec  ti_sysbios_family_arm_m3_Hwi_swiRestore__C                      
000081f0  ti_sysbios_family_arm_m3_TaskSupport_stackAlignment__C          
000081f4  ti_sysbios_family_arm_msp432_Timer_numTimerDevices__C           
000081f8  ti_sysbios_family_arm_msp432_Timer_startupNeeded__C             
000081fc  ti_sysbios_gates_GateMutex_Instance_State_sem__O                
00008200  ti_sysbios_heaps_HeapMem_E_memory__C                            
00008204  ti_sysbios_heaps_HeapMem_Module__gateObj__C                     
00008208  ti_sysbios_heaps_HeapMem_Object__count__C                       
0000820c  ti_sysbios_heaps_HeapMem_primaryHeapBaseAddr__C                 
00008210  ti_sysbios_heaps_HeapMem_primaryHeapEndAddr__C                  
00008214  ti_sysbios_heaps_HeapMem_reqAlign__C                            
00008218  ti_sysbios_knl_Clock_Module_State_clockQ__O                     
0000821c  ti_sysbios_knl_Clock_tickPeriod__C                              
00008220  ti_sysbios_knl_Mailbox_Instance_State_freeQue__O                
00008224  ti_sysbios_knl_Mailbox_Object__count__C                         
00008228  ti_sysbios_knl_Mailbox_maxTypeAlign__C                          
0000822c  ti_sysbios_knl_Semaphore_Instance_State_pendQ__O                
00008230  ti_sysbios_knl_Swi_Object__count__C                             
00008234  ti_sysbios_knl_Task_Module_State_inactiveQ__O                   
00008238  ti_sysbios_knl_Task_Object__count__C                            
0000823c  ti_sysbios_knl_Task_Object__heap__C                             
00008240  ti_sysbios_knl_Task_allBlockedFunc__C                           
00008244  ti_sysbios_knl_Task_defaultStackHeap__C                         
00008248  ti_sysbios_knl_Task_defaultStackSize__C                         
0000824c  ti_sysbios_knl_Task_numConstructedTasks__C                      
00008250  xdc_runtime_Error_E_memory__C                                   
00008254  xdc_runtime_Error_policyFxn__C                                  
00008258  xdc_runtime_IGateProvider_Interface__BASE__C                    
0000825c  xdc_runtime_IHeap_Interface__BASE__C                            
00008260  xdc_runtime_IModule_Interface__BASE__C                          
00008264  xdc_runtime_Memory_defaultHeapInstance__C                       
00008268  xdc_runtime_Startup_execImpl__C                                 
0000826c  xdc_runtime_Startup_maxPasses__C                                
00008270  xdc_runtime_Startup_sfxnRts__C                                  
00008274  xdc_runtime_Startup_sfxnTab__C                                  
00008278  xdc_runtime_SysCallback_abortFxn__C                             
0000827c  xdc_runtime_SysCallback_exitFxn__C                              
00008280  xdc_runtime_SysCallback_putchFxn__C                             
00008284  xdc_runtime_SysCallback_readyFxn__C                             
00008288  xdc_runtime_System_Module__gateObj__C                           
0000828c  xdc_runtime_System_abortFxn__C                                  
00008290  xdc_runtime_System_exitFxn__C                                   
00008294  xdc_runtime_System_extendFxn__C                                 
00008298  xdc_runtime_System_maxAtexitHandlers__C                         
0000829c  Display_count                                                   
0000829d  ADCBuf_count                                                    
0000829e  UART_count                                                      
0000829f  xdc_runtime_Error_policy__C                                     
000082a0  ti_sysbios_family_arm_msp432_init_Boot_bypassLFXT__C            
000082a2  ti_sysbios_family_arm_msp432_init_Boot_enableHFXT__C            
000082a4  ti_sysbios_family_arm_msp432_init_Boot_enableLFXT__C            
000082a6  ti_sysbios_heaps_HeapMem_Module__id__C                          
000082a8  xdc_runtime_Memory_Module__id__C                                
000082b0  __TI_static_base__                                              
000084f4  __TI_Handler_Table_Base                                         
00008500  __TI_Handler_Table_Limit                                        
00008508  __TI_CINIT_Base                                                 
00008518  __TI_CINIT_Limit                                                
20000000  __start___llvm_prf_cnts                                         
20000000  __stop___llvm_prf_cnts                                          
20000000  ti_sysbios_family_arm_m3_Hwi_ramVectors                         
20000140  __primary_heap_start__                                          
20008140  __primary_heap_end__                                            
20008200  voltageBuffer                                                   
20009200  sampleBufferOne                                                 
20009a00  sampleBufferTwo                                                 
2000a600  ti_sysbios_knl_Task_Instance_State_0_stack__A                   
2000a800  ti_sysbios_family_arm_m3_Hwi_dispatchTable                      
2000a940  adcbufMSP432Objects                                             
2000ab00  uartMSP432Objects                                               
2000abe0  adcbufSem                                                       
2000ac0c  displayUartObject                                               
2000ac28  ClockP_tickPeriod                                               
2000ac2c  displayHandle                                                   
2000ac30  ti_sysbios_knl_Task_Instance_State_0_hookEnv__A                 
2000ac34  udmaMSP432Object                                                
2000ac38  PowerMSP432_perfLevels                                          
2000ae00  ti_sysbios_knl_Swi_Module_State_0_readyQ__A                     
2000ae80  ti_sysbios_knl_Task_Module_State_0_readyQ__A                    
2000af00  ti_sysbios_gates_GateMutex_Object__table__V                     
2000af54  ti_sysbios_knl_Task_Object__table__V                            
2000afa0  ti_sysbios_family_arm_msp432_Timer_Object__table__V             
2000afe4  ti_sysbios_knl_Task_Module__state__V                            
2000b028  ti_sysbios_family_arm_m3_Hwi_Module__state__V                   
2000b05c  ti_sysbios_knl_Swi_Object__table__V                             
2000b08c  PowerMSP432_module                                              
2000b0b8  ti_sysbios_knl_Clock_Module__state__V                           
2000b0e4  ti_sysbios_BIOS_Module__state__V                                
2000b108  ti_sysbios_family_arm_msp432_Timer_Module_State_0_device__A     
2000b128  xdc_runtime_Error_IgnoreBlock                                   
2000b180  ti_sysbios_knl_Swi_Module__state__V                             
2000b19c  adcBufMSP432Channels                                            
2000b1b4  ti_sysbios_family_arm_m3_Hwi_Object__table__V                   
2000b1cc  ti_sysbios_heaps_HeapMem_Object__table__V                       
2000b1f4  ti_sysbios_family_arm_msp432_Timer_Module_State_0_handles__A    
2000b204  ti_sysbios_family_arm_msp432_ClockFreqs_Module__state__V        
2000b210  ti_sysbios_family_arm_msp432_Timer_Module__state__V             
2000b21c  _lock                                                           
2000b220  _unlock                                                         
2000b224  ti_sysbios_family_arm_m3_Hwi_Module__root__V                    
2000b22c  ti_sysbios_gates_GateHwi_Module__root__V                        
2000b234  ti_sysbios_gates_GateMutex_Module__root__V                      
2000b23c  ti_sysbios_heaps_HeapMem_Module__root__V                        
2000b244  ti_sysbios_knl_Clock_Module__root__V                            
2000b24c  ti_sysbios_knl_Queue_Module__root__V                            
2000b254  ti_sysbios_knl_Semaphore_Module__root__V                        
2000b25c  ti_sysbios_knl_Task_Module__root__V                             
2000b264  xdc_runtime_Startup_Module__state__V                            
2000b26c  xdc_runtime_System_Module_State_0_atexitHandlers__A             
2000b274  xdc_runtime_System_Module__state__V                             
2000b27c  gpioCallbackFunctions                                           
2000b280  gpioPinConfigs                                                  
2000b284  main_func_sp                                                    
2000b288  ti_sysbios_family_arm_m3_Hwi_Module_State_0_excContext__A       
2000b28c  ti_sysbios_family_arm_m3_Hwi_Module_State_0_excStack__A         
2000b290  ti_sysbios_gates_GateHwi_Object__table__V                       
2000b294  ti_sysbios_knl_Task_Module_State_0_idleTask__A                  
2000b298  ti_sysbios_rts_ti_ReentSupport_Module__state__V                 
2000b29c  xdc_runtime_Memory_Module__state__V                             
2000b2a2  ti_sysbios_family_arm_m3_Hwi_Module_State_0_excActive__A        
2000fc00  __stack                                                         
20010000  __STACK_END                                                     
4000480c  WDTCTL_SYM                                                      
e000e000  ti_sysbios_family_arm_m3_Hwi_nvic                               
ffffffff  __TI_pprof_out_hndl                                             
ffffffff  __TI_prof_data_size                                             
ffffffff  __TI_prof_data_start                                            
ffffffff  __binit__                                                       
ffffffff  __c_args__                                                      
ffffffff  binit                                                           
UNDEFED   SHT$$INIT_ARRAY$$Base                                           
UNDEFED   SHT$$INIT_ARRAY$$Limit                                          

[627 symbols]
