******************************************************************************
                  TI ARM Linker PC v20.2.4                     
******************************************************************************
>> Linked Sun Apr 25 11:05:14 2021

OUTPUT FILE NAME:   <adcbufdifferential_MSP_EXP432P401R_tirtos_ccs.out>
ENTRY POINT SYMBOL: "_c_int00"  address: 00005839


MEMORY CONFIGURATION

         name            origin    length      used     unused   attr    fill
----------------------  --------  ---------  --------  --------  ----  --------
  MAIN                  00000000   00040000  000086cc  00037934  R  X
  INFO                  00200000   00004000  00000000  00004000  R  X
  SRAM_CODE             01000000   00010000  0000b5e3  00004a1d  RW X
  SRAM_DATA             20000000   00010000  0000b5e3  00004a1d  RW  


SEGMENT ALLOCATION MAP

run origin  load origin   length   init length attrs members
----------  ----------- ---------- ----------- ----- -------
00000000    00000000    000086d8   000086d8    r-x
  00000000    00000000    0000003c   0000003c    r-- .resetVecs
  00000040    00000040    00007d92   00007d92    r-x .text
  00007dd4    00007dd4    00000696   00000696    r-- .const
  00008470    00008470    00000268   00000268    r-- .cinit
20000140    20000140    00008000   00000000    r--
  20000140    20000140    00008000   00000000    r-- .priheap
20008200    20008200    000030a6   00000000    rw-
  20008200    20008200    00002a35   00000000    rw- .bss
  2000ac38    2000ac38    0000066e   00000000    rw- .data
2000fc00    2000fc00    00000400   00000000    rw-
  2000fc00    2000fc00    00000400   00000000    rw- .stack


SECTION ALLOCATION MAP

 output                                  attributes/
section   page    origin      length       input sections
--------  ----  ----------  ----------   ----------------
.text      0    00000040    00007d92     
                  00000040    00000468     sysbios.aem4f : BIOS.obj (.text:xdc_runtime_System_doPrint__I)
                  000004a8    00000380     drivers_msp432p401x.aem4f : ADCBufMSP432.oem4f (.text:primeConvert)
                  00000828    000002f8                               : PowerMSP432.oem4f (.text:Power_sleep)
                  00000b20    000002d0                               : UARTMSP432.oem4f (.text:UARTMSP432_open)
                  00000df0    0000028a     msp432p4xx_driverlib.lib : pcm.o (.text:__PCM_setPowerStateAdvanced)
                  0000107a    00000002     ti_drivers_config.obj (.text:Board_initHook)
                  0000107c    00000288     drivers_msp432p401x.aem4f : PowerMSP432.oem4f (.text:initPerfControl)
                  00001304    000001e0     adcBufDifferential.obj (.text:mainThread)
                  000014e4    000001b6     rtsv7M4_T_le_v4SPD16_eabi.lib : fd_add_t2.asm.obj (.text)
                  0000169a    00000002     display.aem4f : DisplayUart.oem4f (.text:DisplayUartMin_clear)
                  0000169c    00000188     release_pem4f.oem4f (.text:xdc_runtime_System_printfExtend__I)
                  00001824    00000170     drivers_msp432p401x.aem4f : GPIOMSP432.oem4f (.text:GPIO_setConfig)
                  00001994    00000164                               : ADCBufMSP432.oem4f (.text:initHw)
                  00001af8    00000160     msp432p4xx_driverlib.lib : adc14.o (.text:_getIndexForMemRegister)
                  00001c58    0000015c                              : pcm.o (.text:__PCM_setPowerModeAdvanced)
                  00001db4    00000140     drivers_msp432p401x.aem4f : ADCBufMSP432.oem4f (.text:ADCBufMSP432_open)
                  00001ef4    00000130                               : UDMAMSP432.oem4f (.text:setupInterrupt)
                  00002024    00000004                               : ADCBufMSP432.oem4f (.text:ADCBufMSP432_getResolution)
                  00002028    00000130     sysbios.aem4f : BIOS.obj (.text:ti_sysbios_knl_Semaphore_pend__E)
                  00002158    0000011c     msp432p4xx_driverlib.lib : uart.o (.text:UART_initModule)
                  00002274    00000108                              : pcm.o (.text:__PCM_setCoreVoltageLevelAdvanced)
                  0000237c    00000004                              : cpu.o (.text:CPU_wfi)
                  00002380    00000108     sysbios.aem4f : BIOS.obj (.text:ti_sysbios_knl_Task_postInit__I)
                  00002488    00000108                   : BIOS.obj (.text:xdc_runtime_Startup_startMods__I)
                  00002590    00000104                   : BIOS.obj (.text:ti_sysbios_knl_Task_Instance_finalize__E)
                  00002694    000000fc     rtsv7M4_T_le_v4SPD16_eabi.lib : fd_mul_t2.asm.obj (.text)
                  00002790    000000f8     sysbios.aem4f : BIOS.obj (.text:ti_sysbios_family_arm_msp432_init_Boot_configureClocksHigh)
                  00002888    000000f0     msp432p4xx_driverlib.lib : dma.o (.text:DMA_setChannelTransfer)
                  00002978    000000f0     adcBufDifferential.obj (.text:convertAdjustedDifferential)
                  00002a68    000000f0     sysbios.aem4f : BIOS.obj (.text:pthread_create)
                  00002b58    000000f0                   : m3_Hwi_asm.obj (.text:ti_sysbios_family_arm_m3_Hwi_dispatch__I)
                  00002c48    000000e4     msp432p4xx_driverlib.lib : cs.o (.text:CS_startHFXTWithTimeout)
                  00002d2c    000000e0     drivers_msp432p401x.aem4f : ADCBufMSP432.oem4f (.text:ADCBufMSP432_hwiIntFxn)
                  00002e0c    000000e0     msp432p4xx_driverlib.lib : cs.o (.text:CS_startLFXTWithTimeout)
                  00002eec    00000004     dpl_msp432p401x.aem4f : ClockP_tirtos.oem4f (.text:ClockP_setTimeout)
                  00002ef0    000000e0     sysbios.aem4f : BIOS.obj (.text:ti_sysbios_knl_Task_Instance_init__E)
                  00002fd0    000000dc     drivers_msp432p401x.aem4f : UARTMSP432.oem4f (.text:UARTMSP432_readPolling)
                  000030ac    000000dc                               : UDMAMSP432.oem4f (.text:UDMAMSP432_close)
                  00003188    000000dc     msp432p4xx_driverlib.lib : cs.o (.text:_CSGetHFXTFrequency)
                  00003264    00000004     dpl_msp432p401x.aem4f : ClockP_tirtos.oem4f (.text:ClockP_start)
                  00003268    000000d0     sysbios.aem4f : BIOS.obj (.text:ti_sysbios_heaps_HeapMem_alloc__E)
                  00003338    000000cc     drivers_msp432p401x.aem4f : ADCBufMSP432.oem4f (.text:ADCBufMSP432_control)
                  00003404    000000ca                               : UARTMSP432.oem4f (.text:UARTMSP432_hwiIntFxn)
                  000034ce    00000002     display.aem4f : DisplayUart.oem4f (.text:DisplayUartMin_clearLines)
                  000034d0    000000c4     sysbios.aem4f : BIOS.obj (.text:ti_sysbios_knl_Task_sleep__E)
                  00003594    000000b8     drivers_msp432p401x.aem4f : UARTMSP432.oem4f (.text:initHw)
                  0000364c    000000b8                               : UARTMSP432.oem4f (.text:readTaskCallback)
                  00003704    00000004     dpl_msp432p401x.aem4f : ClockP_tirtos.oem4f (.text:ClockP_stop)
                  00003708    000000b8     sysbios.aem4f : BIOS.obj (.text:ti_sysbios_family_arm_m3_Hwi_Instance_init__E)
                  000037c0    000000b4     msp432p4xx_driverlib.lib : adc14.o (.text:ADC14_configureConversionMemory)
                  00003874    000000b4                              : adc14.o (.text:ADC14_configureMultiSequenceMode)
                  00003928    000000b4     drivers_msp432p401x.aem4f : UARTMSP432.oem4f (.text:UARTMSP432_control)
                  000039dc    000000b4                               : UARTMSP432.oem4f (.text:UARTMSP432_writePolling)
                  00003a90    000000ac                               : GPIOMSP432.oem4f (.text:GPIO_init)
                  00003b3c    00000004     dpl_msp432p401x.aem4f : HwiP_tirtos.oem4f (.text:HwiP_clearInterrupt)
                  00003b40    000000aa     sysbios.aem4f : BIOS.obj (.text:xdc_runtime_Core_createObject__I)
                  00003bea    000000a8     drivers_msp432p401x.aem4f : UARTMSP432.oem4f (.text:UARTMSP432_write)
                  00003c92    000000a8                               : UARTMSP432.oem4f (.text:readTaskBlocking)
                  00003d3a    00000006                               : ADCBufMSP432.oem4f (.text:ADCBufMSP432_adjustRawValues)
                  00003d40    000000a8     sysbios.aem4f : BIOS.obj (.text:ti_sysbios_family_arm_msp432_Timer_periodicStub__E)
                  00003de8    000000a4                   : BIOS.obj (.text:ti_sysbios_knl_Task_setPri__E)
                  00003e8c    000000a0     auto_init.aem4f : auto_init.oem4f (.text)
                  00003f2c    000000a0     drivers_msp432p401x.aem4f : UARTMSP432.oem4f (.text:readIsrTextCallback)
                  00003fcc    0000009c                               : PowerMSP432.oem4f (.text:Power_init)
                  00004068    0000009c                               : UDMAMSP432.oem4f (.text:UDMAMSP432_setupPingPongTransfer)
                  00004104    0000009c     rtsv7M4_T_le_v4SPD16_eabi.lib : memcpy_t2.asm.obj (.text)
                  000041a0    00000096                                   : ull_div_t2.asm.obj (.text)
                  00004236    00000002     display.aem4f : DisplayUart.oem4f (.text:DisplayUartMin_init)
                  00004238    00000094     drivers_msp432p401x.aem4f : UDMAMSP432.oem4f (.text:UDMAMSP432_init)
                  000042cc    00000094                               : UDMAMSP432.oem4f (.text:UDMAMSP432_open)
                  00004360    00000094     sysbios.aem4f : BIOS.obj (.text:_pthread_removeThreadKeys)
                  000043f4    00000004     dpl_msp432p401x.aem4f : HwiP_tirtos.oem4f (.text:HwiP_disable)
                  000043f8    00000094     sysbios.aem4f : BIOS.obj (.text:ti_sysbios_family_arm_m3_Hwi_initNVIC__E)
                  0000448c    00000004     dpl_msp432p401x.aem4f : SemaphoreP_tirtos.oem4f (.text:SemaphoreP_post)
                  00004490    00000094     sysbios.aem4f : BIOS.obj (.text:ti_sysbios_knl_Task_exit__E)
                  00004524    00000092     drivers_msp432p401x.aem4f : UARTMSP432.oem4f (.text:UARTMSP432_close)
                  000045b6    00000092                               : UARTMSP432.oem4f (.text:writeData)
                  00004648    00000090     sysbios.aem4f : BIOS.obj (.text:ti_sysbios_knl_Task_Module_startup__E)
                  000046d8    0000008c     drivers_msp432p401x.aem4f : UARTMSP432.oem4f (.text:readIsrTextBlocking)
                  00004764    0000008c     sysbios.aem4f : m3_TaskSupport_asm.obj (.text:ti_sysbios_family_arm_m3_TaskSupport_buildTaskStack)
                  000047f0    0000008c                   : BIOS.obj (.text:xdc_runtime_Memory_alloc__E)
                  0000487c    00000086     rtsv7M4_T_le_v4SPD16_eabi.lib : fd_cmp_t2.asm.obj (.text:__aeabi_cdcmple)
                  00004902    00000086                                   : fd_cmp_t2.asm.obj (.text:__aeabi_cdrcmple)
                  00004988    00000086     sysbios.aem4f : BIOS.obj (.text:xdc_runtime_Core_constructObject__I)
                  00004a0e    00000002     dpl_msp432p401x.aem4f : PowerMSP432_tirtos.oem4f (.text:PowerMSP432_initPolicy)
                  00004a10    00000084     msp432p4xx_driverlib.lib : pcm.o (.text:PCM_gotoLPM3)
                  00004a94    00000084     drivers_msp432p401x.aem4f : UDMAMSP432.oem4f (.text:UDMAMSP432_setupTransfer)
                  00004b18    00000084                               : PowerMSP432.oem4f (.text:restartHFXT)
                  00004b9c    00000004     dpl_msp432p401x.aem4f : SystemP_tirtos.oem4f (.text:SystemP_vsnprintf)
                  00004ba0    00000084     sysbios.aem4f : BIOS.obj (.text:ti_sysbios_family_arm_m3_Hwi_postInit__I)
                  00004c24    00000004     release_pem4f.oem4f (.text:ti_sysbios_BIOS_RtsGateProxy_enter__E)
                  00004c28    00000084     sysbios.aem4f : BIOS.obj (.text:ti_sysbios_heaps_HeapMem_free__E)
                  00004cac    00000004     release_pem4f.oem4f (.text:ti_sysbios_BIOS_RtsGateProxy_leave__E)
                  00004cb0    00000080     sysbios.aem4f : BIOS.obj (.text:ti_sysbios_knl_Clock_workFunc__E)
                  00004d30    0000007a     rtsv7M4_T_le_v4SPD16_eabi.lib : memset_t2.asm.obj (.text)
                  00004daa    00000002     drivers_msp432p401x.aem4f : UARTMSP432.oem4f (.text:UARTMSP432_init)
                  00004dac    00000078                               : ADCBufMSP432.oem4f (.text:ADCBufMSP432_close)
                  00004e24    00000078                               : TimerMSP432.oem4f (.text:TimerMSP432_allocateTimerResource)
                  00004e9c    00000004     release_pem4f.oem4f (.text:ti_sysbios_family_arm_m3_Hwi_delete)
                  00004ea0    00000075     sysbios.aem4f : BIOS.obj (.text:xdc_runtime_System_formatNum__I)
                  00004f15    00000001     --HOLE-- [fill = 0]
                  00004f16    00000070     drivers_msp432p401x.aem4f : UARTMSP432.oem4f (.text:UARTMSP432_writeCancel)
                  00004f86    00000002     rtsv7M4_T_le_v4SPD16_eabi.lib : _lock.c.obj (.text:_nop)
                  00004f88    00000070     drivers_msp432p401x.aem4f : ADCBufMSP432.oem4f (.text:configDMA)
                  00004ff8    00000070     sysbios.aem4f : BIOS.obj (.text:ti_sysbios_heaps_HeapMem_initPrimary__I)
                  00005068    0000006c                   : BIOS.obj (.text:ti_sysbios_knl_Swi_restoreHwi__E)
                  000050d4    00000068     drivers_msp432p401x.aem4f : ADCBufMSP432.oem4f (.text:ADCBufMSP432_convert)
                  0000513c    00000068                               : GPIOMSP432.oem4f (.text:GPIO_hwiIntFxn)
                  000051a4    00000068                               : PowerMSP432.oem4f (.text:PowerMSP432_getFreqs)
                  0000520c    00000068     rtsv7M4_T_le_v4SPD16_eabi.lib : copy_decompress_lzss.c.obj (.text:decompress:lzss:__TI_decompress_lzss)
                  00005274    00000066     drivers_msp432p401x.aem4f : ADCBufMSP432.oem4f (.text:completeDMAConversion)
                  000052da    00000006     display.aem4f : DisplayUart.oem4f (.text:DisplayUartMin_control)
                  000052e0    00000066     sysbios.aem4f : BIOS.obj (.text:xdc_runtime_Core_deleteObject__I)
                  00005346    00000064     drivers_msp432p401x.aem4f : ADCBufMSP432.oem4f (.text:completeConversion)
                  000053aa    00000002     rtsv7M4_T_le_v4SPD16_eabi.lib : div0.asm.obj (.text)
                  000053ac    00000064     main_tirtos.obj (.text:main)
                  00005410    00000064     sysbios.aem4f : BIOS.obj (.text:pthread_exit)
                  00005474    00000004     release_pem4f.oem4f (.text:ti_sysbios_family_arm_m3_TaskSupport_Module__startupDone__S)
                  00005478    00000064     sysbios.aem4f : BIOS.obj (.text:ti_sysbios_family_arm_m3_Hwi_dispatchC__I)
                  000054dc    00000060     drivers_msp432p401x.aem4f : GPIOMSP432.oem4f (.text:GPIO_setCallback)
                  0000553c    00000004     release_pem4f.oem4f (.text:ti_sysbios_heaps_HeapMem_Module_GateProxy_enter__E)
                  00005540    00000060     sysbios.aem4f : BIOS.obj (.text:ti_sysbios_knl_Semaphore_post__E)
                  000055a0    00000060                   : BIOS.obj (.text:ti_sysbios_knl_Swi_run__I)
                  00005600    0000005e     msp432p4xx_driverlib.lib : pcm.o (.text:PCM_getCoreVoltageLevel)
                  0000565e    00000002     release_pem4f.oem4f (.text:ti_sysbios_BIOS_nullFunc__I)
                  00005660    0000005c     display.aem4f : Display.oem4f (.text:Display_doOpen)
                  000056bc    00000004     release_pem4f.oem4f (.text:ti_sysbios_heaps_HeapMem_Module_GateProxy_leave__E)
                  000056c0    0000005c     sysbios.aem4f : BIOS.obj (.text:ti_sysbios_knl_Swi_schedule__I)
                  0000571c    00000004     release_pem4f.oem4f (.text:ti_sysbios_knl_Clock_TimerProxy_getMaxTicks__E)
                  00005720    0000005c     sysbios.aem4f : BIOS.obj (.text:ti_sysbios_knl_Task_startCore__E)
                  0000577c    00000004     release_pem4f.oem4f (.text:ti_sysbios_knl_Clock_TimerProxy_getPeriod__E)
                  00005780    0000005c     sysbios.aem4f : BIOS.obj (.text:xdc_runtime_Startup_exec__E)
                  000057dc    0000005a     msp432p4xx_driverlib.lib : pcm.o (.text:PCM_getPowerMode)
                  00005836    00000002     --HOLE-- [fill = 0]
                  00005838    00000058     boot.aem4f : boot.oem4f (.text)
                  00005890    00000058     drivers_msp432p401x.aem4f : UARTMSP432.oem4f (.text:readIsrBinaryBlocking)
                  000058e8    00000058     sysbios.aem4f : m3_Hwi_asm_switch.obj (.text:ti_sysbios_family_arm_m3_Hwi_initStacks__E)
                  00005940    00000054     drivers_msp432p401x.aem4f : ADCBufMSP432.oem4f (.text:ADCBufMSP432DMA_hwiIntFxn)
                  00005994    00000054     msp432p4xx_driverlib.lib : pcm.o (.text:PCM_shutdownDevice)
                  000059e8    00000054     drivers_msp432p401x.aem4f : TimerMSP432.oem4f (.text:TimerMSP432_freeTimerResource)
                  00005a3c    00000054                               : UDMAMSP432.oem4f (.text:UDMAMSP432_PingPongToggleBuffer)
                  00005a90    00000054     release_pem4f.oem4f (.text:ti_sysbios_family_arm_m3_Hwi_create)
                  00005ae4    00000004     release_pem4f.oem4f (.text:ti_sysbios_knl_Clock_delete)
                  00005ae8    00000054     sysbios.aem4f : BIOS.obj (.text:ti_sysbios_family_arm_msp432_Timer_initDevice__I)
                  00005b3c    00000050     dpl_msp432p401x.aem4f : ClockP_tirtos.oem4f (.text:ClockP_create)
                  00005b8c    00000050     drivers_msp432p401x.aem4f : UDMAMSP432.oem4f (.text:UDMAMSP432_hwiFxn)
                  00005bdc    00000004     release_pem4f.oem4f (.text:ti_sysbios_knl_Semaphore_delete)
                  00005be0    00000050     sysbios.aem4f : BIOS.obj (.text:ti_sysbios_family_arm_m3_Hwi_Module_startup__E)
                  00005c30    00000050     release_pem4f.oem4f (.text:ti_sysbios_knl_Task_create)
                  00005c80    0000004c     dpl_msp432p401x.aem4f : PowerMSP432_tirtos.oem4f (.text:PowerMSP432_sleepPolicy)
                  00005ccc    0000004c     rtsv7M4_T_le_v4SPD16_eabi.lib : cpy_tbl.c.obj (.text:copy_in)
                  00005d18    0000004c     drivers_msp432p401x.aem4f : UARTMSP432.oem4f (.text:readIsrBinaryCallback)
                  00005d64    00000004     release_pem4f.oem4f (.text:ti_sysbios_knl_Task_delete)
                  00005d68    0000004c     sysbios.aem4f : BIOS.obj (.text:ti_sysbios_family_arm_msp432_Timer_postInit__I)
                  00005db4    00000004     release_pem4f.oem4f (.text:xdc_runtime_System_Module_GateProxy_enter__E)
                  00005db8    0000004c     sysbios.aem4f : BIOS.obj (.text:ti_sysbios_family_arm_msp432_Timer_start__E)
                  00005e04    00000004     release_pem4f.oem4f (.text:xdc_runtime_System_Module_GateProxy_leave__E)
                  00005e08    0000004c     sysbios.aem4f : BIOS.obj (.text:ti_sysbios_heaps_HeapMem_getStats__E)
                  00005e54    00000004     --HOLE-- [fill = 0]
                  00005e58    0000004c                   : BIOS.obj (.text:ti_sysbios_knl_Swi_runLoop__I)
                  00005ea4    00000004     --HOLE-- [fill = 0]
                  00005ea8    0000004c                   : BIOS.obj (.text:ti_sysbios_knl_Task_allBlockedFunction__I)
                  00005ef4    00000004     --HOLE-- [fill = 0]
                  00005ef8    0000004c                   : BIOS.obj (.text:ti_sysbios_knl_Task_schedule__I)
                  00005f44    0000004a     display.aem4f : DisplayUart.oem4f (.text:DisplayUartMin_open)
                  00005f8e    00000002     --HOLE-- [fill = 0]
                  00005f90    00000048     drivers_msp432p401x.aem4f : PowerMSP432.oem4f (.text:Power_releaseConstraint)
                  00005fd8    00000048     rtsv7M4_T_le_v4SPD16_eabi.lib : fd_toi_t2.asm.obj (.text)
                  00006020    00000048     sysbios.aem4f : BIOS.obj (.text:ti_sysbios_family_arm_m3_Hwi_disableInterrupt__E)
                  00006068    00000048                   : BIOS.obj (.text:ti_sysbios_family_arm_m3_Hwi_enableInterrupt__E)
                  000060b0    00000048                   : BIOS.obj (.text:ti_sysbios_knl_Mailbox_Module_startup__E)
                  000060f8    00000048                   : BIOS.obj (.text:xdc_runtime_Core_assignParams__I)
                  00006140    00000046     drivers_msp432p401x.aem4f : ADCBufMSP432.oem4f (.text:ADCBufMSP432_convertAdjustedToMicroVolts)
                  00006186    00000046     display.aem4f : DisplayUart.oem4f (.text:DisplayUartMin_vprintf)
                  000061cc    00000046     drivers_msp432p401x.aem4f : RingBuf.oem4f (.text:RingBuf_put)
                  00006212    00000002     --HOLE-- [fill = 0]
                  00006214    00000044                               : ADCBufMSP432.oem4f (.text:ADCBufMSP432_init)
                  00006258    00000044                               : ADCBuf.oem4f (.text:ADCBuf_init)
                  0000629c    00000044                               : UART.oem4f (.text:UART_init)
                  000062e0    00000044     rtsv7M4_T_le_v4SPD16_eabi.lib : fd_tou_t2.asm.obj (.text)
                  00006324    00000004     --HOLE-- [fill = 0]
                  00006328    00000044     sysbios.aem4f : BIOS.obj (.text:ti_sysbios_family_arm_m3_Hwi_getStackInfo__E)
                  0000636c    00000004     --HOLE-- [fill = 0]
                  00006370    00000044                   : BIOS.obj (.text:ti_sysbios_knl_Swi_post__E)
                  000063b4    00000040     drivers_msp432p401x.aem4f : ADCBuf.oem4f (.text:ADCBuf_open)
                  000063f4    00000040     dpl_msp432p401x.aem4f : HwiP_tirtos.oem4f (.text:HwiP_create)
                  00006434    00000040     drivers_msp432p401x.aem4f : RingBuf.oem4f (.text:RingBuf_get)
                  00006474    00000040                               : UARTMSP432.oem4f (.text:UARTMSP432_read)
                  000064b4    00000040                               : UART.oem4f (.text:UART_open)
                  000064f4    00000040                               : UARTMSP432.oem4f (.text:perfChangeNotifyFxn)
                  00006534    00000040     rtsv7M4_T_le_v4SPD16_eabi.lib : u_divt2.asm.obj (.text)
                  00006574    00000004     --HOLE-- [fill = 0]
                  00006578    00000040     sysbios.aem4f : BIOS.obj (.text:ti_sysbios_family_arm_msp432_Timer_Module_startup__E)
                  000065b8    00000040                   : BIOS.obj (.text:ti_sysbios_family_arm_msp432_Timer_startup__E)
                  000065f8    00000040                   : BIOS.obj (.text:ti_sysbios_heaps_HeapMem_Instance_init__E)
                  00006638    00000040                   : BIOS.obj (.text:ti_sysbios_knl_Clock_Instance_init__E)
                  00006678    0000003c     dpl_msp432p401x.aem4f : SemaphoreP_tirtos.oem4f (.text:SemaphoreP_create)
                  000066b4    00000004     --HOLE-- [fill = 0]
                  000066b8    0000003c     sysbios.aem4f : BIOS.obj (.text:sleep)
                  000066f4    00000004     --HOLE-- [fill = 0]
                  000066f8    0000003c                   : BIOS.obj (.text:ti_sysbios_family_arm_m3_Hwi_Instance_finalize__E)
                  00006734    00000004     --HOLE-- [fill = 0]
                  00006738    0000003c                   : BIOS.obj (.text:ti_sysbios_family_arm_msp432_Seconds_Module_startup__E)
                  00006774    0000003c     release_pem4f.oem4f (.text:ti_sysbios_knl_Clock_create)
                  000067b0    0000003c     sysbios.aem4f : BIOS.obj (.text:ti_sysbios_knl_Swi_restore__E)
                  000067ec    00000038     drivers_msp432p401x.aem4f : GPIOMSP432.oem4f (.text:GPIO_toggle)
                  00006824    00000038                               : PowerMSP432.oem4f (.text:Power_setConstraint)
                  0000685c    00000038     adcBufDifferential.obj (.text:adcBufCallback)
                  00006894    00000038     drivers_msp432p401x.aem4f : PowerMSP432.oem4f (.text:notify)
                  000068cc    00000038     rtsv7M4_T_le_v4SPD16_eabi.lib : fs_tod_t2.asm.obj (.text)
                  00006904    00000004     --HOLE-- [fill = 0]
                  00006908    00000038     sysbios.aem4f : BIOS.obj (.text:xdc_runtime_System_atexit__E)
                  00006940    00000036     drivers_msp432p401x.aem4f : UARTMSP432.oem4f (.text:UARTMSP432_readCancel)
                  00006976    00000002     --HOLE-- [fill = 0]
                  00006978    00000034     release_pem4f.oem4f (.text:ti_sysbios_knl_Semaphore_create)
                  000069ac    00000004     --HOLE-- [fill = 0]
                  000069b0    00000032     sysbios.aem4f : BIOS.obj (.text:ti_sysbios_hal_Hwi_initStack)
                  000069e2    00000006     display.aem4f : DisplayUart.oem4f (.text:DisplayUartMin_getType)
                  000069e8    00000032     sysbios.aem4f : BIOS.obj (.text:xdc_runtime_System_putchar__I)
                  00006a1a    00000030     drivers_msp432p401x.aem4f : ADCBufMSP432.oem4f (.text:ADCBufMSP432_convertCancel)
                  00006a4a    00000002     --HOLE-- [fill = 0]
                  00006a4c    00000030                               : UARTMSP432.oem4f (.text:mapPin)
                  00006a7c    00000030     release_pem4f.oem4f (.text:ti_sysbios_BIOS_atExitFunc__I)
                  00006aac    00000030     release_pem4f.oem4f (.text:ti_sysbios_BIOS_startFunc__I)
                  00006adc    00000004     --HOLE-- [fill = 0]
                  00006ae0    00000030     sysbios.aem4f : BIOS.obj (.text:ti_sysbios_family_arm_m3_TaskSupport_start__E)
                  00006b10    00000030     release_pem4f.oem4f (.text:ti_sysbios_gates_GateHwi_Object__create__S)
                  00006b40    00000030     release_pem4f.oem4f (.text:ti_sysbios_gates_GateMutex_Object__create__S)
                  00006b70    00000030     sysbios.aem4f : BIOS.obj (.text:ti_sysbios_gates_GateMutex_enter__E)
                  00006ba0    00000030     release_pem4f.oem4f (.text:ti_sysbios_heaps_HeapMem_Object__create__S)
                  00006bd0    00000030     sysbios.aem4f : BIOS.obj (.text:ti_sysbios_knl_Mailbox_postInit__I)
                  00006c00    00000030     release_pem4f.oem4f (.text:ti_sysbios_knl_Semaphore_construct)
                  00006c30    00000030     sysbios.aem4f : BIOS.obj (.text:ti_sysbios_knl_Semaphore_pendTimeout__I)
                  00006c60    00000030                   : BIOS.obj (.text:ti_sysbios_knl_Task_processVitalTaskFlag__I)
                  00006c90    00000030                   : BIOS.obj (.text:ti_sysbios_knl_Task_restore__E)
                  00006cc0    00000030                   : BIOS.obj (.text:ti_sysbios_knl_Task_unblockI__E)
                  00006cf0    00000030                   : BIOS.obj (.text:xdc_runtime_System_processAtExit__E)
                  00006d20    0000002e                   : BIOS.obj (.text:pthread_setcancelstate)
                  00006d4e    0000002e     rtsv7M4_T_le_v4SPD16_eabi.lib : i_tofd_t2.asm.obj (.text)
                  00006d7c    0000002c     dpl_msp432p401x.aem4f : PowerMSP432_tirtos.oem4f (.text:PowerMSP432_updateFreqs)
                  00006da8    0000002c     msp432p4xx_driverlib.lib : rtc_c.o (.text:RTC_C_holdClock)
                  00006dd4    0000002c     dpl_msp432p401x.aem4f : SemaphoreP_tirtos.oem4f (.text:SemaphoreP_createBinary)
                  00006e00    0000002c     sysbios.aem4f : BIOS.obj (.text:_pthread_cleanupFxn)
                  00006e2c    00000004     --HOLE-- [fill = 0]
                  00006e30    0000002c                   : BIOS.obj (.text:_pthread_delete$43)
                  00006e5c    0000002c     release_pem4f.oem4f (.text:ti_sysbios_gates_GateHwi_Handle__label__S)
                  00006e88    0000002c     release_pem4f.oem4f (.text:ti_sysbios_gates_GateMutex_Handle__label__S)
                  00006eb4    0000002c     release_pem4f.oem4f (.text:ti_sysbios_heaps_HeapMem_Handle__label__S)
                  00006ee0    0000002c     release_pem4f.oem4f (.text:ti_sysbios_knl_Clock_doTick__I)
                  00006f0c    0000002c     release_pem4f.oem4f (.text:ti_sysbios_knl_Queue_construct)
                  00006f38    0000002a     display.aem4f : Display.oem4f (.text:Display_doPrintf)
                  00006f62    00000006                   : Display.oem4f (.text:Display_doParamsInit)
                  00006f68    0000002a     sysbios.aem4f : BIOS.obj (.text:sem_init)
                  00006f92    00000002     --HOLE-- [fill = 0]
                  00006f94    00000028     msp432p4xx_driverlib.lib : adc14.o (.text:ADC14_getResult)
                  00006fbc    00000028     display.aem4f : Display.oem4f (.text:Display_doInit)
                  00006fe4    00000028     msp432p4xx_driverlib.lib : pcm.o (.text:PCM_gotoLPM0)
                  0000700c    00000028     drivers_msp432p401x.aem4f : PowerMSP432.oem4f (.text:Power_registerNotify)
                  00007034    00000028                               : PowerMSP432.oem4f (.text:disableFaultCounter)
                  0000705c    00000028                               : PowerMSP432.oem4f (.text:disableHFXT)
                  00007084    00000028                               : UARTMSP432.oem4f (.text:findBaudDividerIndex)
                  000070ac    00000028     sysbios.aem4f : m3_Hwi_asm.obj (.text:ti_sysbios_family_arm_m3_Hwi_excHandlerAsm__I)
                  000070d4    00000004     --HOLE-- [fill = 0]
                  000070d8    00000028                   : BIOS.obj (.text:ti_sysbios_knl_Clock_addI__E)
                  00007100    00000028                   : BIOS.obj (.text:ti_sysbios_knl_Swi_Module_startup__E)
                  00007128    00000026     drivers_msp432p401x.aem4f : List.oem4f (.text:List_put)
                  0000714e    00000026                               : List.oem4f (.text:List_remove)
                  00007174    00000026     sysbios.aem4f : m3_Hwi_asm.obj (.text:ti_sysbios_family_arm_m3_Hwi_pendSV__I)
                  0000719a    00000002     --HOLE-- [fill = 0]
                  0000719c    00000024     msp432p4xx_driverlib.lib : wdt_a.o (.text:WDT_A_holdTimer)
                  000071c0    00000024     sysbios.aem4f : BIOS.obj (.text:pthread_attr_init)
                  000071e4    00000024     release_pem4f.oem4f (.text:ti_sysbios_BIOS_registerRTSLock__I)
                  00007208    00000024     release_pem4f.oem4f (.text:ti_sysbios_BIOS_removeRTSLock__I)
                  0000722c    00000004     --HOLE-- [fill = 0]
                  00007230    00000024     sysbios.aem4f : BIOS.obj (.text:ti_sysbios_family_arm_msp432_ClockFreqs_setFrequency__E)
                  00007254    00000024     release_pem4f.oem4f (.text:ti_sysbios_gates_GateMutex_Object__delete__S)
                  00007278    00000024     sysbios.aem4f : BIOS.obj (.text:ti_sysbios_knl_Clock_Module_startup__E)
                  0000729c    00000024     release_pem4f.oem4f (.text:ti_sysbios_knl_Clock_Object__delete__S)
                  000072c0    00000024     sysbios.aem4f : BIOS.obj (.text:ti_sysbios_knl_Clock_start__E)
                  000072e4    00000004     --HOLE-- [fill = 0]
                  000072e8    00000024                   : BIOS.obj (.text:ti_sysbios_knl_Semaphore_Instance_init__E)
                  0000730c    00000024     release_pem4f.oem4f (.text:ti_sysbios_knl_Semaphore_Object__delete__S)
                  00007330    00000024     sysbios.aem4f : BIOS.obj (.text:ti_sysbios_knl_Task_restoreHwi__E)
                  00007354    00000004     --HOLE-- [fill = 0]
                  00007358    00000024                   : BIOS.obj (.text:xdc_runtime_Error_policyMin__E)
                  0000737c    00000020     msp432p4xx_driverlib.lib : cs.o (.text:CS_setExternalClockSourceFrequency)
                  0000739c    00000020     drivers_msp432p401x.aem4f : PowerMSP432.oem4f (.text:Power_unregisterNotify)
                  000073bc    00000020                               : RingBuf.oem4f (.text:RingBuf_peek)
                  000073dc    00000020     release_pem4f.oem4f (.text:ti_sysbios_BIOS_rtsLock__I)
                  000073fc    00000020     release_pem4f.oem4f (.text:ti_sysbios_family_arm_m3_Hwi_Object__delete__S)
                  0000741c    00000004     --HOLE-- [fill = 0]
                  00007420    00000020     sysbios.aem4f : BIOS.obj (.text:ti_sysbios_family_arm_m3_Hwi_clearInterrupt__E)
                  00007440    00000020     release_pem4f.oem4f (.text:ti_sysbios_gates_GateHwi_Object__delete__S)
                  00007460    00000020     release_pem4f.oem4f (.text:ti_sysbios_heaps_HeapMem_Object__delete__S)
                  00007480    00000020     sysbios.aem4f : BIOS.obj (.text:ti_sysbios_knl_Idle_run__E)
                  000074a0    00000020     release_pem4f.oem4f (.text:ti_sysbios_knl_Semaphore_destruct)
                  000074c0    00000020     release_pem4f.oem4f (.text:ti_sysbios_knl_Task_Object__delete__S)
                  000074e0    0000001e     sysbios.aem4f : m3_Hwi_asm_switch.obj (.text:ti_sysbios_family_xxx_Hwi_switchAndRunFunc)
                  000074fe    00000002     --HOLE-- [fill = 0]
                  00007500    0000001c     ti_drivers_config.obj (.text:dmaErrorFxn)
                  0000751c    00000004     --HOLE-- [fill = 0]
                  00007520    0000001c     sysbios.aem4f : BIOS.obj (.text:ti_sysbios_family_arm_m3_Hwi_excHandler__I)
                  0000753c    00000004     --HOLE-- [fill = 0]
                  00007540    0000001c                   : BIOS.obj (.text:ti_sysbios_gates_GateMutex_Instance_init__E)
                  0000755c    00000004     --HOLE-- [fill = 0]
                  00007560    0000001c                   : BIOS.obj (.text:ti_sysbios_knl_Clock_Instance_finalize__E)
                  0000757c    0000001c     release_pem4f.oem4f (.text:ti_sysbios_knl_Queue_destruct)
                  00007598    0000001c     sysbios.aem4f : BIOS.obj (.text:ti_sysbios_knl_Queue_put__E)
                  000075b4    00000004     --HOLE-- [fill = 0]
                  000075b8    0000001c                   : BIOS.obj (.text:ti_sysbios_knl_Task_enter__I)
                  000075d4    00000004     --HOLE-- [fill = 0]
                  000075d8    0000001c                   : BIOS.obj (.text:ti_sysbios_rts_ti_ReentSupport_getReent__F)
                  000075f4    00000004     --HOLE-- [fill = 0]
                  000075f8    0000001c                   : BIOS.obj (.text:xdc_runtime_Memory_valloc__E)
                  00007614    00000004     --HOLE-- [fill = 0]
                  00007618    0000001c                   : BIOS.obj (.text:xdc_runtime_System_abort__E)
                  00007634    00000018     release_pem4f.oem4f (.text:.bootCodeSection:ti_sysbios_family_arm_msp432_init_Boot_init__I)
                  0000764c    00000018     msp432p4xx_driverlib.lib : sysctl_a.o (.text:SysCtl_A_disableNMISource)
                  00007664    00000018                              : sysctl_a.o (.text:SysCtl_A_enableNMISource)
                  0000767c    00000018     drivers_msp432p401x.aem4f : UART.oem4f (.text:UART_Params_init)
                  00007694    00000018     rtsv7M4_T_le_v4SPD16_eabi.lib : args_main.c.obj (.text:_args_main)
                  000076ac    00000018     release_pem4f.oem4f (.text:ti_sysbios_BIOS_rtsUnlock__I)
                  000076c4    00000018     release_pem4f.oem4f (.text:ti_sysbios_family_arm_m3_Hwi_Module__startupDone__F)
                  000076dc    00000018     sysbios.aem4f : m3_TaskSupport_asm.obj (.text:ti_sysbios_family_arm_m3_TaskSupport_swap__E)
                  000076f4    00000018     release_pem4f.oem4f (.text:ti_sysbios_family_arm_msp432_Timer_Module__startupDone__F)
                  0000770c    00000004     --HOLE-- [fill = 0]
                  00007710    00000018     sysbios.aem4f : BIOS.obj (.text:ti_sysbios_gates_GateMutex_leave__E)
                  00007728    00000018                   : BIOS.obj (.text:ti_sysbios_knl_Task_sleepTimeout__I)
                  00007740    00000018     release_pem4f.oem4f (.text:ti_sysbios_rts_ti_ReentSupport_getTlsAddr__I)
                  00007758    00000018     sysbios.aem4f : BIOS.obj (.text:xdc_runtime_Error_init__E)
                  00007770    00000018                   : BIOS.obj (.text:xdc_runtime_System_exit__E)
                  00007788    00000016     display.aem4f : DisplayUart.oem4f (.text:DisplayUartMin_close)
                  0000779e    00000016     release_pem4f.oem4f (.text:ti_sysbios_BIOS_exitFunc__I)
                  000077b4    00000004     --HOLE-- [fill = 0]
                  000077b8    00000016     sysbios.aem4f : BIOS.obj (.text:ti_sysbios_knl_Task_unblock__E)
                  000077ce    00000002     --HOLE-- [fill = 0]
                  000077d0    00000014     drivers_msp432p401x.aem4f : ADCBuf.oem4f (.text:ADCBuf_Params_init)
                  000077e4    00000014     msp432p4xx_driverlib.lib : pcm.o (.text:PCM_getPowerState)
                  000077f8    00000014     drivers_msp432p401x.aem4f : PowerMSP432.oem4f (.text:Power_idleFunc)
                  0000780c    00000014                               : UARTMSP432.oem4f (.text:clearTXCPTIFG)
                  00007820    00000014     sysbios.aem4f : BIOS.obj (.text:pthread_attr_setschedparam)
                  00007834    00000014     rtsv7M4_T_le_v4SPD16_eabi.lib : strlen.c.obj (.text:strlen)
                  00007848    00000014     release_pem4f.oem4f (.text:ti_sysbios_family_arm_m3_Hwi_Object__get__S)
                  0000785c    00000004     --HOLE-- [fill = 0]
                  00007860    00000014     sysbios.aem4f : BIOS.obj (.text:ti_sysbios_family_arm_m3_Hwi_switchFromBootStack__E)
                  00007874    00000014     release_pem4f.oem4f (.text:ti_sysbios_heaps_HeapMem_Object__get__S)
                  00007888    00000014     release_pem4f.oem4f (.text:ti_sysbios_knl_Swi_Object__get__S)
                  0000789c    00000012     drivers_msp432p401x.aem4f : RingBuf.oem4f (.text:RingBuf_construct)
                  000078ae    00000012     dpl_msp432p401x.aem4f : SemaphoreP_tirtos.oem4f (.text:SemaphoreP_pend)
                  000078c0    00000012     sysbios.aem4f : BIOS.obj (.text:_pthread_cleanup_pop)
                  000078d2    00000006     --HOLE-- [fill = 0]
                  000078d8    00000012                   : BIOS.obj (.text:_pthread_runStub$43)
                  000078ea    00000006     --HOLE-- [fill = 0]
                  000078f0    00000012                   : BIOS.obj (.text:ti_sysbios_hal_Hwi_Module_startup__E)
                  00007902    00000012     release_pem4f.oem4f (.text:xdc_runtime_Startup_exec__I)
                  00007914    00000010     msp432p4xx_driverlib.lib : adc14.o (.text:ADCIsConversionRunning)
                  00007924    00000010     dpl_msp432p401x.aem4f : HwiP_tirtos.oem4f (.text:HwiP_Params_init)
                  00007934    00000010     msp432p4xx_driverlib.lib : pcm.o (.text:PCM_gotoLPM4)
                  00007944    00000010                              : pcm.o (.text:PCM_setPowerMode)
                  00007954    00000010                              : pcm.o (.text:PCM_setPowerState)
                  00007964    00000010     drivers_msp432p401x.aem4f : PowerMSP432.oem4f (.text:PowerMSP432_getNumPerfLevels)
                  00007974    00000010     msp432p4xx_driverlib.lib : sysctl_a.o (.text:SysCtl_A_getNMISourceStatus)
                  00007984    00000010                              : sysctl.o (.text:SysCtl_getNMISourceStatus)
                  00007994    00000010     drivers_msp432p401x.aem4f : UARTMSP432.oem4f (.text:readBlockingTimeout)
                  000079a4    00000004     --HOLE-- [fill = 0]
                  000079a8    00000010     sysbios.aem4f : BIOS.obj (.text:ti_sysbios_BIOS_exit__E)
                  000079b8    00000010                   : BIOS.obj (.text:ti_sysbios_BIOS_setCpuFreq__E)
                  000079c8    00000010                   : BIOS.obj (.text:ti_sysbios_BIOS_setThreadType__E)
                  000079d8    00000010                   : BIOS.obj (.text:ti_sysbios_BIOS_start__E)
                  000079e8    00000010                   : m3_TaskSupport_asm.obj (.text:ti_sysbios_family_arm_m3_TaskSupport_glue)
                  000079f8    00000010                   : BIOS.obj (.text:ti_sysbios_family_arm_msp432_init_Boot_disableWatchdog)
                  00007a08    00000010                   : BIOS.obj (.text:ti_sysbios_gates_GateMutex_Instance_finalize__E)
                  00007a18    00000010     release_pem4f.oem4f (.text:ti_sysbios_knl_Mailbox_Object__get__S)
                  00007a28    00000010     sysbios.aem4f : BIOS.obj (.text:ti_sysbios_knl_Semaphore_Instance_finalize__E)
                  00007a38    00000010                   : BIOS.obj (.text:ti_sysbios_knl_Swi_disable__E)
                  00007a48    00000010     release_pem4f.oem4f (.text:ti_sysbios_knl_Task_Object__get__S)
                  00007a58    00000010     sysbios.aem4f : BIOS.obj (.text:ti_sysbios_knl_Task_disable__E)
                  00007a68    00000010                   : BIOS.obj (.text:xdc_runtime_Gate_leaveSystem__E)
                  00007a78    00000010                   : BIOS.obj (.text:xdc_runtime_Memory_free__E)
                  00007a88    00000010                   : BIOS.obj (.text:xdc_runtime_SysCallback_abort__E)
                  00007a98    00000010                   : BIOS.obj (.text:xdc_runtime_SysCallback_exit__E)
                  00007aa8    00000010                   : BIOS.obj (.text:xdc_runtime_SysCallback_putch__E)
                  00007ab8    00000010                   : BIOS.obj (.text:xdc_runtime_SysCallback_ready__E)
                  00007ac8    00000010                   : BIOS.obj (.text:xdc_runtime_System_vsnprintf__E)
                  00007ad8    0000000e     rtsv7M4_T_le_v4SPD16_eabi.lib : copy_decompress_none.c.obj (.text:decompress:none:__TI_decompress_none)
                  00007ae6    00000002     --HOLE-- [fill = 0]
                  00007ae8    0000000e     sysbios.aem4f : BIOS.obj (.text:pthread_attr_setdetachstate)
                  00007af6    00000002     --HOLE-- [fill = 0]
                  00007af8    0000000e                   : BIOS.obj (.text:sem_wait)
                  00007b06    00000002     --HOLE-- [fill = 0]
                  00007b08    0000000e                   : BIOS.obj (.text:ti_sysbios_knl_Idle_loop__E)
                  00007b16    00000002     --HOLE-- [fill = 0]
                  00007b18    0000000e                   : BIOS.obj (.text:ti_sysbios_knl_Queue_empty__E)
                  00007b26    0000000c     ti_drivers_config.obj (.text:Board_init)
                  00007b32    0000000c     msp432p4xx_driverlib.lib : cpu.o (.text:CPU_cpsid)
                  00007b3e    0000000c                              : cpu.o (.text:CPU_cpsie)
                  00007b4a    0000000c     dpl_msp432p401x.aem4f : ClockP_tirtos.oem4f (.text:ClockP_delete)
                  00007b56    0000000c                           : HwiP_tirtos.oem4f (.text:HwiP_delete)
                  00007b62    00000002     --HOLE-- [fill = 0]
                  00007b64    0000000c     drivers_msp432p401x.aem4f : PowerMSP432.oem4f (.text:Power_getConstraintMask)
                  00007b70    0000000c                               : PowerMSP432.oem4f (.text:Power_getPerformanceLevel)
                  00007b7c    0000000c     dpl_msp432p401x.aem4f : SemaphoreP_tirtos.oem4f (.text:SemaphoreP_delete)
                  00007b88    0000000c     rtsv7M4_T_le_v4SPD16_eabi.lib : _lock.c.obj (.text:_register_lock)
                  00007b94    0000000c                                   : _lock.c.obj (.text:_register_unlock)
                  00007ba0    0000000c                                   : copy_zero_init.c.obj (.text:decompress:ZI:__TI_zero_init)
                  00007bac    00000004     --HOLE-- [fill = 0]
                  00007bb0    0000000c     sysbios.aem4f : BIOS.obj (.text:pthread_self)
                  00007bbc    0000000c     release_pem4f.oem4f (.text:ti_sysbios_family_arm_m3_Hwi_Params__init__S)
                  00007bc8    0000000c     sysbios.aem4f : BIOS.obj (.text:ti_sysbios_family_arm_m3_Hwi_disableFxn__E)
                  00007bd4    00000004     --HOLE-- [fill = 0]
                  00007bd8    0000000c                   : BIOS.obj (.text:ti_sysbios_family_arm_m3_TaskSupport_getStackAlignment__E)
                  00007be4    00000004     --HOLE-- [fill = 0]
                  00007be8    0000000c                   : BIOS.obj (.text:ti_sysbios_family_arm_msp432_Timer_getMaxTicks__E)
                  00007bf4    00000004     --HOLE-- [fill = 0]
                  00007bf8    0000000c                   : BIOS.obj (.text:ti_sysbios_gates_GateHwi_enter__E)
                  00007c04    0000000c     release_pem4f.oem4f (.text:ti_sysbios_knl_Clock_Params__init__S)
                  00007c10    0000000c     sysbios.aem4f : BIOS.obj (.text:ti_sysbios_knl_Clock_getTickPeriod__E)
                  00007c1c    00000004     --HOLE-- [fill = 0]
                  00007c20    0000000c                   : BIOS.obj (.text:ti_sysbios_knl_Clock_getTicks__E)
                  00007c2c    0000000c     release_pem4f.oem4f (.text:ti_sysbios_knl_Queue_Object__get__S)
                  00007c38    0000000c     release_pem4f.oem4f (.text:ti_sysbios_knl_Semaphore_Params__init__S)
                  00007c44    0000000c     release_pem4f.oem4f (.text:ti_sysbios_knl_Task_Params__init__S)
                  00007c50    0000000c     sysbios.aem4f : BIOS.obj (.text:ti_sysbios_knl_Task_self__E)
                  00007c5c    00000004     --HOLE-- [fill = 0]
                  00007c60    0000000c                   : BIOS.obj (.text:ti_sysbios_rts_ti_ReentSupport_taskRegHook__I)
                  00007c6c    00000004     --HOLE-- [fill = 0]
                  00007c70    0000000c                   : BIOS.obj (.text:xdc_runtime_Gate_enterSystem__E)
                  00007c7c    00000004     --HOLE-- [fill = 0]
                  00007c80    0000000c                   : BIOS.obj (.text:xdc_runtime_Startup_rtsDone__E)
                  00007c8c    0000000a     drivers_msp432p401x.aem4f : ADCBuf.oem4f (.text:ADCBuf_convert)
                  00007c96    0000000a     dpl_msp432p401x.aem4f : ClockP_tirtos.oem4f (.text:ClockP_Params_init)
                  00007ca0    0000000a     drivers_msp432p401x.aem4f : UART.oem4f (.text:UART_close)
                  00007caa    0000000a                               : UART.oem4f (.text:UART_control)
                  00007cb4    0000000a                               : UART.oem4f (.text:UART_write)
                  00007cbe    00000002     --HOLE-- [fill = 0]
                  00007cc0    0000000a     sysbios.aem4f : BIOS.obj (.text:sem_post)
                  00007cca    0000000a     release_pem4f.oem4f (.text:xdc_runtime_IHeap_alloc)
                  00007cd4    0000000a     release_pem4f.oem4f (.text:xdc_runtime_IHeap_free)
                  00007cde    00000008     dpl_msp432p401x.aem4f : SemaphoreP_tirtos.oem4f (.text:SemaphoreP_Params_init)
                  00007ce6    00000008     drivers_msp432p401x.aem4f : ADCBufMSP432.oem4f (.text:blockingConvertCallback)
                  00007cee    00000002     --HOLE-- [fill = 0]
                  00007cf0    00000008     sysbios.aem4f : BIOS.obj (.text:pthread_attr_setstacksize)
                  00007cf8    00000008     drivers_msp432p401x.aem4f : UARTMSP432.oem4f (.text:readSemCallback)
                  00007d00    00000008     sysbios.aem4f : BIOS.obj (.text:ti_sysbios_family_arm_m3_Hwi_doSwiRestore__I)
                  00007d08    00000008                   : BIOS.obj (.text:ti_sysbios_family_arm_m3_Hwi_startup__E)
                  00007d10    00000008     drivers_msp432p401x.aem4f : UARTMSP432.oem4f (.text:txcptEnabledStatus)
                  00007d18    00000008                               : UARTMSP432.oem4f (.text:writeSemCallback)
                  00007d20    00000006     sysbios.aem4f : BIOS.obj (.text:ti_sysbios_family_arm_m3_Hwi_doTaskRestore__I)
                  00007d26    00000002     --HOLE-- [fill = 0]
                  00007d28    00000006                   : BIOS.obj (.text:ti_sysbios_family_arm_m3_Hwi_restoreFxn__E)
                  00007d2e    00000002     --HOLE-- [fill = 0]
                  00007d30    00000006                   : BIOS.obj (.text:ti_sysbios_gates_GateHwi_leave__E)
                  00007d36    00000002     --HOLE-- [fill = 0]
                  00007d38    00000006                   : BIOS.obj (.text:ti_sysbios_heaps_HeapMem_isBlocking__E)
                  00007d3e    00000002     --HOLE-- [fill = 0]
                  00007d40    00000006                   : BIOS.obj (.text:ti_sysbios_knl_Clock_stop__E)
                  00007d46    00000002     --HOLE-- [fill = 0]
                  00007d48    00000006                   : BIOS.obj (.text:ti_sysbios_knl_Queue_Instance_init__E)
                  00007d4e    00000002     --HOLE-- [fill = 0]
                  00007d50    00000006                   : BIOS.obj (.text:ti_sysbios_knl_Swi_startup__E)
                  00007d56    00000002     --HOLE-- [fill = 0]
                  00007d58    00000006                   : BIOS.obj (.text:xdc_runtime_System_Module_startup__E)
                  00007d5e    00000002     --HOLE-- [fill = 0]
                  00007d60    00000004                   : BIOS.obj (.text:__aeabi_errno_addr)
                  00007d64    00000004     --HOLE-- [fill = 0]
                  00007d68    00000004                   : BIOS.obj (.text:ti_sysbios_family_arm_msp432_Timer_getPeriod__E)
                  00007d6c    00000004     --HOLE-- [fill = 0]
                  00007d70    00000004                   : BIOS.obj (.text:ti_sysbios_gates_GateHwi_query__E)
                  00007d74    00000004     --HOLE-- [fill = 0]
                  00007d78    00000004                   : BIOS.obj (.text:ti_sysbios_gates_GateMutex_query__E)
                  00007d7c    00000004     --HOLE-- [fill = 0]
                  00007d80    00000004                   : BIOS.obj (.text:ti_sysbios_knl_Clock_setTimeout__E)
                  00007d84    00000004     --HOLE-- [fill = 0]
                  00007d88    00000004                   : BIOS.obj (.text:ti_sysbios_knl_Task_startup__E)
                  00007d8c    00000004     --HOLE-- [fill = 0]
                  00007d90    00000004                   : BIOS.obj (.text:xdc_runtime_SysCallback_defaultReady)
                  00007d94    00000004     --HOLE-- [fill = 0]
                  00007d98    00000002                   : BIOS.obj (.text:ti_sysbios_BIOS_linkedWithIncorrectBootLibrary__E)
                  00007d9a    00000006     --HOLE-- [fill = 0]
                  00007da0    00000002                   : BIOS.obj (.text:ti_sysbios_gates_GateHwi_Instance_init__E)
                  00007da2    00000006     --HOLE-- [fill = 0]
                  00007da8    00000002                   : BIOS.obj (.text:ti_sysbios_knl_Clock_logTick__E)
                  00007daa    00000006     --HOLE-- [fill = 0]
                  00007db0    00000002                   : BIOS.obj (.text:xdc_runtime_SysCallback_defaultAbort)
                  00007db2    00000006     --HOLE-- [fill = 0]
                  00007db8    00000002                   : BIOS.obj (.text:xdc_runtime_SysCallback_defaultExit)
                  00007dba    00000006     --HOLE-- [fill = 0]
                  00007dc0    00000002                   : BIOS.obj (.text:xdc_runtime_SysCallback_defaultPutch)
                  00007dc2    00000006     --HOLE-- [fill = 0]
                  00007dc8    00000002                   : BIOS.obj (.text:xdc_runtime_System_abortSpin__E)
                  00007dca    00000006     --HOLE-- [fill = 0]
                  00007dd0    00000002                   : BIOS.obj (.text:xdc_runtime_System_exitSpin__E)

.const     0    00007dd4    00000696     
                  00007dd4    00000080     msp432p4xx_driverlib.lib : adc14.o (.const:_ctlRegs)
                  00007e54    00000040     ti_drivers_config.obj (.const:uartMSP432Baudrates)
                  00007e94    0000003c     release_pem4f.oem4f (.const:ti_sysbios_knl_Task_Object__PARAMS__C)
                  00007ed0    00000038     ti_drivers_config.obj (.const:PowerMSP432_config)
                  00007f08    00000030     release_pem4f.oem4f (.const:ti_sysbios_family_arm_m3_Hwi_Object__PARAMS__C)
                  00007f38    0000002c     ti_drivers_config.obj (.const:uartMSP432HWAttrs)
                  00007f64    00000028     drivers_msp432p401x.aem4f : UARTMSP432.oem4f (.const:UARTMSP432_fxnTable)
                  00007f8c    00000028     release_pem4f.oem4f (.const:ti_sysbios_heaps_HeapMem_Module__FXNS__C)
                  00007fb4    00000024     drivers_msp432p401x.aem4f : ADCBufMSP432.oem4f (.const:ADCBufMSP432_fxnTable)
                  00007fd8    00000024                               : UART.oem4f (.const:UART_defaultParams)
                  00007ffc    00000024     release_pem4f.oem4f (.const:ti_sysbios_gates_GateHwi_Module__FXNS__C)
                  00008020    00000024     release_pem4f.oem4f (.const:ti_sysbios_gates_GateMutex_Module__FXNS__C)
                  00008044    00000024     release_pem4f.oem4f (.const:ti_sysbios_heaps_HeapMem_Object__PARAMS__C)
                  00008068    00000024     release_pem4f.oem4f (.const:ti_sysbios_knl_Clock_Object__PARAMS__C)
                  0000808c    00000024     release_pem4f.oem4f (.const:ti_sysbios_knl_Semaphore_Object__PARAMS__C)
                  000080b0    00000024     release_pem4f.oem4f (.const:xdc_runtime_Startup_sfxnTab__A)
                  000080d4    00000020     display.aem4f : DisplayUart.oem4f (.const:DisplayUartMin_fxnTable)
                  000080f4    00000020     drivers_msp432p401x.aem4f : UARTMSP432.oem4f (.const:staticFxnTable)
                  00008114    00000020     release_pem4f.oem4f (.const:ti_sysbios_family_arm_m3_Hwi_Object__DESC__C)
                  00008134    00000020     release_pem4f.oem4f (.const:ti_sysbios_gates_GateHwi_Object__DESC__C)
                  00008154    00000020     release_pem4f.oem4f (.const:ti_sysbios_gates_GateMutex_Object__DESC__C)
                  00008174    00000020     release_pem4f.oem4f (.const:ti_sysbios_heaps_HeapMem_Object__DESC__C)
                  00008194    00000020     release_pem4f.oem4f (.const:ti_sysbios_knl_Clock_Object__DESC__C)
                  000081b4    00000020     release_pem4f.oem4f (.const:ti_sysbios_knl_Queue_Object__DESC__C)
                  000081d4    00000020     release_pem4f.oem4f (.const:ti_sysbios_knl_Semaphore_Object__DESC__C)
                  000081f4    00000020     release_pem4f.oem4f (.const:ti_sysbios_knl_Task_Object__DESC__C)
                  00008214    00000018     drivers_msp432p401x.aem4f : ADCBufMSP432.oem4f (.const:$P$T0$1)
                  0000822c    00000018                               : ADCBuf.oem4f (.const:ADCBuf_defaultParams)
                  00008244    00000018     release_pem4f.oem4f (.const:ti_sysbios_gates_GateHwi_Object__PARAMS__C)
                  0000825c    00000018     release_pem4f.oem4f (.const:ti_sysbios_gates_GateMutex_Object__PARAMS__C)
                  00008274    00000018     release_pem4f.oem4f (.const:ti_sysbios_knl_Queue_Object__PARAMS__C)
                  0000828c    00000018     release_pem4f.oem4f (.const:ti_sysbios_knl_Task_hooks__A)
                  000082a4    00000014     ti_drivers_config.obj (.const:GPIOMSP432_config)
                  000082b8    00000014     ti_drivers_config.obj (.const:adcbufMSP432HWAttrs)
                  000082cc    00000014     ti_drivers_config.obj (.const:displayUartHWAttrs)
                  000082e0    00000012     release_pem4f.oem4f (.const:xdc_runtime_Startup_sfxnRts__A)
                  000082f2    00000002     release_pem4f.oem4f (.const:ti_sysbios_family_arm_m3_Hwi_Module__id__C)
                  000082f4    00000010     drivers_msp432p401x.aem4f : ADCBufMSP432.oem4f (.const:$P$T1$2)
                  00008304    0000000c     ti_drivers_config.obj (.const:ADCBuf_config)
                  00008310    0000000c     ti_drivers_config.obj (.const:Display_config)
                  0000831c    0000000c     ti_drivers_config.obj (.const:UART_config)
                  00008328    0000000c     ti_drivers_config.obj (.const:udmaMSP432HWAttrs)
                  00008334    0000000c     release_pem4f.oem4f (.const:xdc_runtime_Startup_firstFxns__A)
                  00008340    00000008     ti_drivers_config.obj (.const:UDMAMSP432_config)
                  00008348    00000008     release_pem4f.oem4f (.const:ti_sysbios_knl_Idle_funcList__A)
                  00008350    00000008     release_pem4f.oem4f (.const:ti_sysbios_knl_Idle_funcList__C)
                  00008358    00000008     release_pem4f.oem4f (.const:ti_sysbios_knl_Task_hooks__C)
                  00008360    00000008     release_pem4f.oem4f (.const:xdc_runtime_Startup_firstFxns__C)
                  00008368    00000008     release_pem4f.oem4f (.const:xdc_runtime_Startup_lastFxns__C)
                  00008370    00000006     drivers_msp432p401x.aem4f : GPIOMSP432.oem4f (.const:.string:interruptType)
                  00008376    00000006                               : GPIOMSP432.oem4f (.const:.string:portInterruptIds)
                  0000837c    00000005                               : UARTMSP432.oem4f (.const:.string:parityTypes)
                  00008381    00000001     display.aem4f : Display.oem4f (.const:Display_defaultParams)
                  00008382    00000004     drivers_msp432p401x.aem4f : UARTMSP432.oem4f (.const:stopBits)
                  00008386    00000002     release_pem4f.oem4f (.const:ti_sysbios_family_arm_msp432_init_Boot_bypassHFXT__C)
                  00008388    00000004     release_pem4f.oem4f (.const:ti_sysbios_family_arm_m3_Hwi_E_alreadyDefined__C)
                  0000838c    00000004     release_pem4f.oem4f (.const:ti_sysbios_family_arm_m3_Hwi_E_badIntNum__C)
                  00008390    00000004     release_pem4f.oem4f (.const:ti_sysbios_family_arm_m3_Hwi_NUM_INTERRUPTS__C)
                  00008394    00000004     release_pem4f.oem4f (.const:ti_sysbios_family_arm_m3_Hwi_Object__count__C)
                  00008398    00000004     release_pem4f.oem4f (.const:ti_sysbios_family_arm_m3_Hwi_ccr__C)
                  0000839c    00000004     release_pem4f.oem4f (.const:ti_sysbios_family_arm_m3_Hwi_excHandlerFunc__C)
                  000083a0    00000004     release_pem4f.oem4f (.const:ti_sysbios_family_arm_m3_Hwi_nullIsrFunc__C)
                  000083a4    00000004     release_pem4f.oem4f (.const:ti_sysbios_family_arm_m3_Hwi_priGroup__C)
                  000083a8    00000004     release_pem4f.oem4f (.const:ti_sysbios_family_arm_m3_Hwi_swiDisable__C)
                  000083ac    00000004     release_pem4f.oem4f (.const:ti_sysbios_family_arm_m3_Hwi_swiRestore__C)
                  000083b0    00000004     release_pem4f.oem4f (.const:ti_sysbios_family_arm_m3_TaskSupport_stackAlignment__C)
                  000083b4    00000004     release_pem4f.oem4f (.const:ti_sysbios_family_arm_msp432_Timer_numTimerDevices__C)
                  000083b8    00000004     release_pem4f.oem4f (.const:ti_sysbios_family_arm_msp432_Timer_startupNeeded__C)
                  000083bc    00000004     release_pem4f.oem4f (.const:ti_sysbios_gates_GateMutex_Instance_State_sem__O)
                  000083c0    00000004     release_pem4f.oem4f (.const:ti_sysbios_heaps_HeapMem_E_memory__C)
                  000083c4    00000004     release_pem4f.oem4f (.const:ti_sysbios_heaps_HeapMem_Module__gateObj__C)
                  000083c8    00000004     release_pem4f.oem4f (.const:ti_sysbios_heaps_HeapMem_Object__count__C)
                  000083cc    00000004     release_pem4f.oem4f (.const:ti_sysbios_heaps_HeapMem_primaryHeapBaseAddr__C)
                  000083d0    00000004     release_pem4f.oem4f (.const:ti_sysbios_heaps_HeapMem_primaryHeapEndAddr__C)
                  000083d4    00000004     release_pem4f.oem4f (.const:ti_sysbios_heaps_HeapMem_reqAlign__C)
                  000083d8    00000004     release_pem4f.oem4f (.const:ti_sysbios_knl_Clock_Module_State_clockQ__O)
                  000083dc    00000004     release_pem4f.oem4f (.const:ti_sysbios_knl_Clock_tickPeriod__C)
                  000083e0    00000004     release_pem4f.oem4f (.const:ti_sysbios_knl_Mailbox_Instance_State_freeQue__O)
                  000083e4    00000004     release_pem4f.oem4f (.const:ti_sysbios_knl_Mailbox_Object__count__C)
                  000083e8    00000004     release_pem4f.oem4f (.const:ti_sysbios_knl_Mailbox_maxTypeAlign__C)
                  000083ec    00000004     release_pem4f.oem4f (.const:ti_sysbios_knl_Semaphore_Instance_State_pendQ__O)
                  000083f0    00000004     release_pem4f.oem4f (.const:ti_sysbios_knl_Swi_Object__count__C)
                  000083f4    00000004     release_pem4f.oem4f (.const:ti_sysbios_knl_Task_Module_State_inactiveQ__O)
                  000083f8    00000004     release_pem4f.oem4f (.const:ti_sysbios_knl_Task_Object__count__C)
                  000083fc    00000004     release_pem4f.oem4f (.const:ti_sysbios_knl_Task_Object__heap__C)
                  00008400    00000004     release_pem4f.oem4f (.const:ti_sysbios_knl_Task_allBlockedFunc__C)
                  00008404    00000004     release_pem4f.oem4f (.const:ti_sysbios_knl_Task_defaultStackHeap__C)
                  00008408    00000004     release_pem4f.oem4f (.const:ti_sysbios_knl_Task_defaultStackSize__C)
                  0000840c    00000004     release_pem4f.oem4f (.const:ti_sysbios_knl_Task_numConstructedTasks__C)
                  00008410    00000004     release_pem4f.oem4f (.const:xdc_runtime_Error_E_memory__C)
                  00008414    00000004     release_pem4f.oem4f (.const:xdc_runtime_Error_policyFxn__C)
                  00008418    00000004     release_pem4f.oem4f (.const:xdc_runtime_IGateProvider_Interface__BASE__C)
                  0000841c    00000004     release_pem4f.oem4f (.const:xdc_runtime_IHeap_Interface__BASE__C)
                  00008420    00000004     release_pem4f.oem4f (.const:xdc_runtime_IModule_Interface__BASE__C)
                  00008424    00000004     release_pem4f.oem4f (.const:xdc_runtime_Memory_defaultHeapInstance__C)
                  00008428    00000004     release_pem4f.oem4f (.const:xdc_runtime_Startup_execImpl__C)
                  0000842c    00000004     release_pem4f.oem4f (.const:xdc_runtime_Startup_maxPasses__C)
                  00008430    00000004     release_pem4f.oem4f (.const:xdc_runtime_Startup_sfxnRts__C)
                  00008434    00000004     release_pem4f.oem4f (.const:xdc_runtime_Startup_sfxnTab__C)
                  00008438    00000004     release_pem4f.oem4f (.const:xdc_runtime_SysCallback_abortFxn__C)
                  0000843c    00000004     release_pem4f.oem4f (.const:xdc_runtime_SysCallback_exitFxn__C)
                  00008440    00000004     release_pem4f.oem4f (.const:xdc_runtime_SysCallback_putchFxn__C)
                  00008444    00000004     release_pem4f.oem4f (.const:xdc_runtime_SysCallback_readyFxn__C)
                  00008448    00000004     release_pem4f.oem4f (.const:xdc_runtime_System_Module__gateObj__C)
                  0000844c    00000004     release_pem4f.oem4f (.const:xdc_runtime_System_abortFxn__C)
                  00008450    00000004     release_pem4f.oem4f (.const:xdc_runtime_System_exitFxn__C)
                  00008454    00000004     release_pem4f.oem4f (.const:xdc_runtime_System_extendFxn__C)
                  00008458    00000004     release_pem4f.oem4f (.const:xdc_runtime_System_maxAtexitHandlers__C)
                  0000845c    00000003     ti_drivers_config.obj (.const)
                  0000845f    00000001     release_pem4f.oem4f (.const:xdc_runtime_Error_policy__C)
                  00008460    00000002     release_pem4f.oem4f (.const:ti_sysbios_family_arm_msp432_init_Boot_bypassLFXT__C)
                  00008462    00000002     release_pem4f.oem4f (.const:ti_sysbios_family_arm_msp432_init_Boot_enableHFXT__C)
                  00008464    00000002     release_pem4f.oem4f (.const:ti_sysbios_family_arm_msp432_init_Boot_enableLFXT__C)
                  00008466    00000002     release_pem4f.oem4f (.const:ti_sysbios_heaps_HeapMem_Module__id__C)
                  00008468    00000002     release_pem4f.oem4f (.const:xdc_runtime_Memory_Module__id__C)

.cinit     0    00008470    00000268     
                  00008470    00000243     (.cinit..data.load) [load image, compression = lzss]
                  000086b3    00000001     --HOLE-- [fill = 0]
                  000086b4    0000000c     (__TI_handler_table)
                  000086c0    00000008     (.cinit..bss.load) [load image, compression = zero_init]
                  000086c8    00000010     (__TI_cinit_table)

.init_array 
*          0    00000000    00000000     UNINITIALIZED

.bss       0    20008200    00002a35     UNINITIALIZED
                  20008200    00001000     (.common:voltageBuffer)
                  20009200    00000800     (.common:sampleBufferOne)
                  20009a00    00000800     (.common:sampleBufferTwo)
                  2000a200    00000400     ti_drivers_config.obj (.bss:displayUARTBuffer)
                  2000a600    00000200     release_pem4f.oem4f (.bss:taskStackSection)
                  2000a800    00000140     (.common:ti_sysbios_family_arm_m3_Hwi_dispatchTable)
                  2000a940    00000088     (.common:adcbufMSP432Objects)
                  2000a9c8    00000030     drivers_msp432p401x.aem4f : GPIOMSP432.oem4f (.bss:gpioCallbackInfo)
                  2000a9f8    00000008     msp432p4xx_driverlib.lib : cs.o (.bss)
                  2000aa00    00000100     ti_drivers_config.obj (.bss:dmaControlTable)
                  2000ab00    00000080     (.common:uartMSP432Objects)
                  2000ab80    00000020     drivers_msp432p401x.aem4f : UDMAMSP432.oem4f (.bss:hwiFxnArgs)
                  2000aba0    00000020                               : UDMAMSP432.oem4f (.bss:hwiFxnHandlers)
                  2000abc0    00000020     ti_drivers_config.obj (.bss:uartMSP432RingBuffer0)
                  2000abe0    0000001c     (.common:adcbufSem)
                  2000abfc    00000010     drivers_msp432p401x.aem4f : UDMAMSP432.oem4f (.bss:hwiHandles)
                  2000ac0c    0000000c     (.common:displayUartObject)
                  2000ac18    00000004     adcBufDifferential.obj (.bss)
                  2000ac1c    00000004     drivers_msp432p401x.aem4f : ADCBufMSP432.oem4f (.bss)
                  2000ac20    00000004                               : GPIOMSP432.oem4f (.bss)
                  2000ac24    00000004                               : TimerMSP432.oem4f (.bss:timerState)
                  2000ac28    00000004     (.common:ClockP_tickPeriod)
                  2000ac2c    00000004     (.common:displayHandle)
                  2000ac30    00000004     (.common:ti_sysbios_knl_Task_Instance_State_0_hookEnv__A)
                  2000ac34    00000001     (.common:udmaMSP432Object)

.data      0    2000ac38    0000066e     UNINITIALIZED
                  2000ac38    00000140     drivers_msp432p401x.aem4f : PowerMSP432.oem4f (.data:PowerMSP432_perfLevels)
                  2000ad78    00000088     sysbios.aem4f : BIOS.obj (.data:$O1$$)
                  2000ae00    00000080     release_pem4f.oem4f (.data:ti_sysbios_knl_Swi_Module_State_0_readyQ__A)
                  2000ae80    00000080     release_pem4f.oem4f (.data:ti_sysbios_knl_Task_Module_State_0_readyQ__A)
                  2000af00    00000054     release_pem4f.oem4f (.data:ti_sysbios_gates_GateMutex_Object__table__V)
                  2000af54    0000004c     release_pem4f.oem4f (.data:ti_sysbios_knl_Task_Object__table__V)
                  2000afa0    00000044     release_pem4f.oem4f (.data:ti_sysbios_family_arm_msp432_Timer_Object__table__V)
                  2000afe4    00000044     release_pem4f.oem4f (.data:ti_sysbios_knl_Task_Module__state__V)
                  2000b028    00000034     release_pem4f.oem4f (.data:ti_sysbios_family_arm_m3_Hwi_Module__state__V)
                  2000b05c    00000030     release_pem4f.oem4f (.data:ti_sysbios_knl_Swi_Object__table__V)
                  2000b08c    0000002c     drivers_msp432p401x.aem4f : PowerMSP432.oem4f (.data:PowerMSP432_module)
                  2000b0b8    0000002c     release_pem4f.oem4f (.data:ti_sysbios_knl_Clock_Module__state__V)
                  2000b0e4    00000024     release_pem4f.oem4f (.data:ti_sysbios_BIOS_Module__state__V)
                  2000b108    00000020     release_pem4f.oem4f (.data:ti_sysbios_family_arm_msp432_Timer_Module_State_0_device__A)
                  2000b128    00000020     release_pem4f.oem4f (.data:xdc_runtime_Error_IgnoreBlock)
                  2000b148    0000001c     drivers_msp432p401x.aem4f : ADCBufMSP432.oem4f (.data:adcSampleHoldTrigger)
                  2000b164    0000001c                               : ADCBufMSP432.oem4f (.data:adcTriggerTable)
                  2000b180    0000001c     release_pem4f.oem4f (.data:ti_sysbios_knl_Swi_Module__state__V)
                  2000b19c    00000018     ti_drivers_config.obj (.data:adcBufMSP432Channels)
                  2000b1b4    00000018     release_pem4f.oem4f (.data:ti_sysbios_family_arm_m3_Hwi_Object__table__V)
                  2000b1cc    00000018     release_pem4f.oem4f (.data:ti_sysbios_heaps_HeapMem_Object__table__V)
                  2000b1e4    00000010     drivers_msp432p401x.aem4f : UDMAMSP432.oem4f (.data)
                  2000b1f4    00000010     release_pem4f.oem4f (.data:ti_sysbios_family_arm_msp432_Timer_Module_State_0_handles__A)
                  2000b204    0000000c     release_pem4f.oem4f (.data:ti_sysbios_family_arm_msp432_ClockFreqs_Module__state__V)
                  2000b210    0000000c     release_pem4f.oem4f (.data:ti_sysbios_family_arm_msp432_Timer_Module__state__V)
                  2000b21c    00000008     rtsv7M4_T_le_v4SPD16_eabi.lib : _lock.c.obj (.data:$O1$$)
                  2000b224    00000008     release_pem4f.oem4f (.data:ti_sysbios_family_arm_m3_Hwi_Module__root__V)
                  2000b22c    00000008     release_pem4f.oem4f (.data:ti_sysbios_gates_GateHwi_Module__root__V)
                  2000b234    00000008     release_pem4f.oem4f (.data:ti_sysbios_gates_GateMutex_Module__root__V)
                  2000b23c    00000008     release_pem4f.oem4f (.data:ti_sysbios_heaps_HeapMem_Module__root__V)
                  2000b244    00000008     release_pem4f.oem4f (.data:ti_sysbios_knl_Clock_Module__root__V)
                  2000b24c    00000008     release_pem4f.oem4f (.data:ti_sysbios_knl_Queue_Module__root__V)
                  2000b254    00000008     release_pem4f.oem4f (.data:ti_sysbios_knl_Semaphore_Module__root__V)
                  2000b25c    00000008     release_pem4f.oem4f (.data:ti_sysbios_knl_Task_Module__root__V)
                  2000b264    00000008     release_pem4f.oem4f (.data:xdc_runtime_Startup_Module__state__V)
                  2000b26c    00000008     release_pem4f.oem4f (.data:xdc_runtime_System_Module_State_0_atexitHandlers__A)
                  2000b274    00000008     release_pem4f.oem4f (.data:xdc_runtime_System_Module__state__V)
                  2000b27c    00000004     ti_drivers_config.obj (.data:gpioCallbackFunctions)
                  2000b280    00000004     ti_drivers_config.obj (.data:gpioPinConfigs)
                  2000b284    00000004     rtsv7M4_T_le_v4SPD16_eabi.lib : stkdepth_vars.c.obj (.data)
                  2000b288    00000004     release_pem4f.oem4f (.data:ti_sysbios_family_arm_m3_Hwi_Module_State_0_excContext__A)
                  2000b28c    00000004     release_pem4f.oem4f (.data:ti_sysbios_family_arm_m3_Hwi_Module_State_0_excStack__A)
                  2000b290    00000004     release_pem4f.oem4f (.data:ti_sysbios_gates_GateHwi_Object__table__V)
                  2000b294    00000004     release_pem4f.oem4f (.data:ti_sysbios_knl_Task_Module_State_0_idleTask__A)
                  2000b298    00000004     release_pem4f.oem4f (.data:ti_sysbios_rts_ti_ReentSupport_Module__state__V)
                  2000b29c    00000004     release_pem4f.oem4f (.data:xdc_runtime_Memory_Module__state__V)
                  2000b2a0    00000002     drivers_msp432p401x.aem4f : GPIOMSP432.oem4f (.data)
                  2000b2a2    00000002     release_pem4f.oem4f (.data:ti_sysbios_family_arm_m3_Hwi_Module_State_0_excActive__A)
                  2000b2a4    00000001     drivers_msp432p401x.aem4f : ADCBuf.oem4f (.data)
                  2000b2a5    00000001                               : UART.oem4f (.data)

.priheap   0    20000140    00008000     UNINITIALIZED
                  20000140    00008000     --HOLE--

.stack     0    2000fc00    00000400     UNINITIALIZED
                  2000fc00    00000400     --HOLE--

.bootVecs 
*          0    00000000    00000008     DSECT
                  00000000    00000008     boot.aem4f : boot.oem4f (.bootVecs)

.resetVecs 
*          0    00000000    0000003c     
                  00000000    0000003c     release_pem4f.oem4f (.resetVecs)

.vecs      0    20000000    00000140     NOLOAD SECTION
                  20000000    00000140     release_pem4f.oem4f (.vecs)

xdc.meta   0    00000000    000000fe     COPY SECTION
                  00000000    000000fe     release_pem4f.oem4f (xdc.meta)

xdc.noload 
*          0    00000000    00000000     COPY SECTION

__llvm_prf_cnts 
*          0    20000000    00000000     UNINITIALIZED

.binit     0    00000000    00000000     

MODULE SUMMARY

       Module                       code    ro data   rw data
       ------                       ----    -------   -------
    .\
       adcBufDifferential.obj       776     0         16456  
       main_tirtos.obj              100     0         0      
    +--+----------------------------+-------+---------+---------+
       Total:                       876     0         16456  
                                                             
    .\syscfg\
       ti_drivers_config.obj        42      283       3242   
    +--+----------------------------+-------+---------+---------+
       Total:                       42      283       3242   
                                                             
    C:\Users\jdobo\workspace_v10\tirtos_builds_MSP_EXP432P401R_release_ccs\Debug\configPkg\package\cfg\
       release_pem4f.oem4f          1962    1073      4364   
    +--+----------------------------+-------+---------+---------+
       Total:                       1962    1073      4364   
                                                             
    C:/ti/simplelink_msp432p4_sdk_3_40_01_02/kernel/tirtos/packages/ti/dpl/lib/dpl_msp432p401x.aem4f
       SemaphoreP_tirtos.oem4f      146     0         0      
       ClockP_tirtos.oem4f          114     0         8      
       PowerMSP432_tirtos.oem4f     122     0         0      
       HwiP_tirtos.oem4f            100     0         0      
       SystemP_tirtos.oem4f         4       0         0      
    +--+----------------------------+-------+---------+---------+
       Total:                       486     0         8      
                                                             
    C:/ti/simplelink_msp432p4_sdk_3_40_01_02/source/ti/devices/msp432p4xx/driverlib/ccs/msp432p4xx_driverlib.lib
       pcm.o                        1770    0         0      
       adc14.o                      768     128       0      
       cs.o                         704     0         16     
       uart.o                       284     0         0      
       dma.o                        240     0         0      
       sysctl_a.o                   64      0         0      
       rtc_c.o                      44      0         0      
       wdt_a.o                      36      0         0      
       cpu.o                        28      0         0      
       sysctl.o                     16      0         0      
    +--+----------------------------+-------+---------+---------+
       Total:                       3954    128       16     
                                                             
    C:/ti/simplelink_msp432p4_sdk_3_40_01_02/source/ti/display/lib/display.aem4f
       DisplayUart.oem4f            184     32        0      
       Display.oem4f                180     1         0      
    +--+----------------------------+-------+---------+---------+
       Total:                       364     33        0      
                                                             
    C:/ti/simplelink_msp432p4_sdk_3_40_01_02/source/ti/drivers/lib/drivers_msp432p401x.aem4f
       UARTMSP432.oem4f             3406    81        0      
       ADCBufMSP432.oem4f           2826    76        120    
       PowerMSP432.oem4f            2196    0         728    
       UDMAMSP432.oem4f             1272    0         192    
       GPIOMSP432.oem4f             796     12        108    
       UART.oem4f                   186     36        2      
       TimerMSP432.oem4f            204     0         8      
       ADCBuf.oem4f                 162     24        2      
       RingBuf.oem4f                184     0         0      
       List.oem4f                   76      0         0      
    +--+----------------------------+-------+---------+---------+
       Total:                       11308   229       1160   
                                                             
    C:\Users\jdobo\workspace_v10\tirtos_builds_MSP_EXP432P401R_release_ccs\src\sysbios\sysbios.aem4f
       BIOS.obj                     10041   0         272    
       m3_Hwi_asm.obj               318     0         0      
       m3_TaskSupport_asm.obj       180     0         0      
       m3_Hwi_asm_switch.obj        118     0         0      
    +--+----------------------------+-------+---------+---------+
       Total:                       10657   0         272    
                                                             
    C:\ti\ccs1011\ccs\tools\compiler\ti-cgt-arm_20.2.4.LTS\lib\rtsv7M4_T_le_v4SPD16_eabi.lib
       fd_add_t2.asm.obj            438     0         0      
       fd_cmp_t2.asm.obj            268     0         0      
       fd_mul_t2.asm.obj            252     0         0      
       memcpy_t2.asm.obj            156     0         0      
       ull_div_t2.asm.obj           150     0         0      
       memset_t2.asm.obj            122     0         0      
       copy_decompress_lzss.c.obj   104     0         0      
       cpy_tbl.c.obj                76      0         0      
       fd_toi_t2.asm.obj            72      0         0      
       fd_tou_t2.asm.obj            68      0         0      
       u_divt2.asm.obj              64      0         0      
       fs_tod_t2.asm.obj            56      0         0      
       i_tofd_t2.asm.obj            46      0         0      
       _lock.c.obj                  26      0         16     
       args_main.c.obj              24      0         0      
[...]
00007ad9  __TI_decompress_none                                            
00007ae9  pthread_attr_setdetachstate                                     
00007af9  sem_wait                                                        
00007b09  ti_sysbios_knl_Idle_loop__E                                     
00007b19  ti_sysbios_knl_Queue_empty__E                                   
00007b27  Board_init                                                      
00007b33  CPU_cpsid                                                       
00007b3f  CPU_cpsie                                                       
00007b4b  ClockP_delete                                                   
00007b57  HwiP_delete                                                     
00007b65  Power_getConstraintMask                                         
00007b71  Power_getPerformanceLevel                                       
00007b7d  SemaphoreP_delete                                               
00007b89  _register_lock                                                  
00007b95  _register_unlock                                                
00007ba1  __TI_zero_init                                                  
00007bb1  pthread_self                                                    
00007bbd  ti_sysbios_family_arm_m3_Hwi_Params__init__S                    
00007bbd  ti_sysbios_hal_Hwi_HwiProxy_Params__init__S                     
00007bc9  ti_sysbios_family_arm_m3_Hwi_disableFxn__E                      
00007bc9  ti_sysbios_hal_Hwi_HwiProxy_disable__E                          
00007bd9  ti_sysbios_family_arm_m3_TaskSupport_getStackAlignment__E       
00007bd9  ti_sysbios_knl_Task_SupportProxy_getStackAlignment__E           
00007be9  ti_sysbios_family_arm_msp432_Timer_getMaxTicks__E               
00007bf9  ti_sysbios_gates_GateHwi_enter__E                               
00007c05  ti_sysbios_knl_Clock_Params__init__S                            
00007c11  ti_sysbios_knl_Clock_getTickPeriod__E                           
00007c21  ClockP_getSystemTicks                                           
00007c21  ti_sysbios_knl_Clock_getTicks__E                                
00007c2d  ti_sysbios_knl_Queue_Object__get__S                             
00007c39  ti_sysbios_knl_Semaphore_Params__init__S                        
00007c45  ti_sysbios_knl_Task_Params__init__S                             
00007c51  ti_sysbios_knl_Task_self__E                                     
00007c61  ti_sysbios_rts_ti_ReentSupport_taskRegHook__I                   
00007c71  xdc_runtime_Gate_enterSystem__E                                 
00007c81  xdc_runtime_Startup_rtsDone__E                                  
00007c8d  ADCBuf_convert                                                  
00007c97  ClockP_Params_init                                              
00007ca1  UART_close                                                      
00007cab  UART_control                                                    
00007cb5  UART_write                                                      
00007cc1  sem_post                                                        
00007ccb  xdc_runtime_Memory_HeapProxy_alloc__E                           
00007cd5  xdc_runtime_Memory_HeapProxy_free__E                            
00007cdf  SemaphoreP_Params_init                                          
00007cf1  pthread_attr_setstacksize                                       
00007d01  ti_sysbios_family_arm_m3_Hwi_doSwiRestore__I                    
00007d09  ti_sysbios_family_arm_m3_Hwi_startup__E                         
00007d09  ti_sysbios_hal_Hwi_HwiProxy_startup__E                          
00007d09  ti_sysbios_hal_Hwi_startup__E                                   
00007d21  ti_sysbios_family_arm_m3_Hwi_doTaskRestore__I                   
00007d29  HwiP_restore                                                    
00007d29  ti_sysbios_family_arm_m3_Hwi_restoreFxn__E                      
00007d29  ti_sysbios_hal_Hwi_HwiProxy_restore__E                          
00007d31  ti_sysbios_gates_GateHwi_leave__E                               
00007d39  ti_sysbios_heaps_HeapMem_isBlocking__E                          
00007d41  ti_sysbios_knl_Clock_stop__E                                    
00007d49  ti_sysbios_knl_Queue_Instance_init__E                           
00007d51  ti_sysbios_knl_Swi_startup__E                                   
00007d59  xdc_runtime_System_Module_startup__E                            
00007d61  __aeabi_errno_addr                                              
00007d69  ti_sysbios_family_arm_msp432_Timer_getPeriod__E                 
00007d71  ti_sysbios_gates_GateHwi_query__E                               
00007d71  xdc_runtime_Main_Module_GateProxy_query__E                      
00007d71  xdc_runtime_System_Module_GateProxy_query__E                    
00007d79  ti_sysbios_BIOS_RtsGateProxy_query__E                           
00007d79  ti_sysbios_gates_GateMutex_query__E                             
00007d79  ti_sysbios_heaps_HeapMem_Module_GateProxy_query__E              
00007d81  ti_sysbios_knl_Clock_setTimeout__E                              
00007d89  ti_sysbios_knl_Task_startup__E                                  
00007d91  xdc_runtime_SysCallback_defaultReady                            
00007d99  ti_sysbios_BIOS_linkedWithIncorrectBootLibrary__E               
00007da1  ti_sysbios_gates_GateHwi_Instance_init__E                       
00007da9  ti_sysbios_knl_Clock_logTick__E                                 
00007db1  xdc_runtime_SysCallback_defaultAbort                            
00007db9  xdc_runtime_SysCallback_defaultExit                             
00007dc1  xdc_runtime_SysCallback_defaultPutch                            
00007dc9  xdc_runtime_System_abortSpin__E                                 
00007dd1  xdc_runtime_System_exitSpin__E                                  
00007e94  ti_sysbios_knl_Task_Object__PARAMS__C                           
00007ed0  PowerMSP432_config                                              
00007f08  ti_sysbios_family_arm_m3_Hwi_Object__PARAMS__C                  
00007f64  UARTMSP432_fxnTable                                             
00007f8c  ti_sysbios_heaps_HeapMem_Module__FXNS__C                        
00007fb4  ADCBufMSP432_fxnTable                                           
00007fd8  UART_defaultParams                                              
00007ffc  ti_sysbios_gates_GateHwi_Module__FXNS__C                        
00008000  HEAPSIZE                                                        
00008020  ti_sysbios_gates_GateMutex_Module__FXNS__C                      
00008044  ti_sysbios_heaps_HeapMem_Object__PARAMS__C                      
00008068  ti_sysbios_knl_Clock_Object__PARAMS__C                          
0000808c  ti_sysbios_knl_Semaphore_Object__PARAMS__C                      
000080b0  xdc_runtime_Startup_sfxnTab__A                                  
000080d4  DisplayUartMin_fxnTable                                         
00008114  ti_sysbios_family_arm_m3_Hwi_Object__DESC__C                    
00008134  ti_sysbios_gates_GateHwi_Object__DESC__C                        
00008154  ti_sysbios_gates_GateMutex_Object__DESC__C                      
00008174  ti_sysbios_heaps_HeapMem_Object__DESC__C                        
00008194  ti_sysbios_knl_Clock_Object__DESC__C                            
000081b4  ti_sysbios_knl_Queue_Object__DESC__C                            
000081d4  ti_sysbios_knl_Semaphore_Object__DESC__C                        
000081f4  ti_sysbios_knl_Task_Object__DESC__C                             
0000822c  ADCBuf_defaultParams                                            
00008244  ti_sysbios_gates_GateHwi_Object__PARAMS__C                      
0000825c  ti_sysbios_gates_GateMutex_Object__PARAMS__C                    
00008274  ti_sysbios_knl_Queue_Object__PARAMS__C                          
0000828c  ti_sysbios_knl_Task_hooks__A                                    
000082a4  GPIOMSP432_config                                               
000082b8  adcbufMSP432HWAttrs                                             
000082cc  displayUartHWAttrs                                              
000082e0  xdc_runtime_Startup_sfxnRts__A                                  
000082f2  ti_sysbios_family_arm_m3_Hwi_Module__id__C                      
00008304  ADCBuf_config                                                   
00008310  Display_config                                                  
0000831c  UART_config                                                     
00008328  udmaMSP432HWAttrs                                               
00008334  xdc_runtime_Startup_firstFxns__A                                
00008340  UDMAMSP432_config                                               
00008348  ti_sysbios_knl_Idle_funcList__A                                 
00008350  ti_sysbios_knl_Idle_funcList__C                                 
00008358  ti_sysbios_knl_Task_hooks__C                                    
00008360  xdc_runtime_Startup_firstFxns__C                                
00008368  xdc_runtime_Startup_lastFxns__C                                 
00008381  Display_defaultParams                                           
00008386  ti_sysbios_family_arm_msp432_init_Boot_bypassHFXT__C            
00008388  ti_sysbios_family_arm_m3_Hwi_E_alreadyDefined__C                
0000838c  ti_sysbios_family_arm_m3_Hwi_E_badIntNum__C                     
00008390  ti_sysbios_family_arm_m3_Hwi_NUM_INTERRUPTS__C                  
00008394  ti_sysbios_family_arm_m3_Hwi_Object__count__C                   
00008398  ti_sysbios_family_arm_m3_Hwi_ccr__C                             
0000839c  ti_sysbios_family_arm_m3_Hwi_excHandlerFunc__C                  
000083a0  ti_sysbios_family_arm_m3_Hwi_nullIsrFunc__C                     
000083a4  ti_sysbios_family_arm_m3_Hwi_priGroup__C                        
000083a8  ti_sysbios_family_arm_m3_Hwi_swiDisable__C                      
000083ac  ti_sysbios_family_arm_m3_Hwi_swiRestore__C                      
000083b0  ti_sysbios_family_arm_m3_TaskSupport_stackAlignment__C          
000083b4  ti_sysbios_family_arm_msp432_Timer_numTimerDevices__C           
000083b8  ti_sysbios_family_arm_msp432_Timer_startupNeeded__C             
000083bc  ti_sysbios_gates_GateMutex_Instance_State_sem__O                
000083c0  ti_sysbios_heaps_HeapMem_E_memory__C                            
000083c4  ti_sysbios_heaps_HeapMem_Module__gateObj__C                     
000083c8  ti_sysbios_heaps_HeapMem_Object__count__C                       
000083cc  ti_sysbios_heaps_HeapMem_primaryHeapBaseAddr__C                 
000083d0  ti_sysbios_heaps_HeapMem_primaryHeapEndAddr__C                  
000083d4  ti_sysbios_heaps_HeapMem_reqAlign__C                            
000083d8  ti_sysbios_knl_Clock_Module_State_clockQ__O                     
000083dc  ti_sysbios_knl_Clock_tickPeriod__C                              
000083e0  ti_sysbios_knl_Mailbox_Instance_State_freeQue__O                
000083e4  ti_sysbios_knl_Mailbox_Object__count__C                         
000083e8  ti_sysbios_knl_Mailbox_maxTypeAlign__C                          
000083ec  ti_sysbios_knl_Semaphore_Instance_State_pendQ__O                
000083f0  ti_sysbios_knl_Swi_Object__count__C                             
000083f4  ti_sysbios_knl_Task_Module_State_inactiveQ__O                   
000083f8  ti_sysbios_knl_Task_Object__count__C                            
000083fc  ti_sysbios_knl_Task_Object__heap__C                             
00008400  ti_sysbios_knl_Task_allBlockedFunc__C                           
00008404  ti_sysbios_knl_Task_defaultStackHeap__C                         
00008408  ti_sysbios_knl_Task_defaultStackSize__C                         
0000840c  ti_sysbios_knl_Task_numConstructedTasks__C                      
00008410  xdc_runtime_Error_E_memory__C                                   
00008414  xdc_runtime_Error_policyFxn__C                                  
00008418  xdc_runtime_IGateProvider_Interface__BASE__C                    
0000841c  xdc_runtime_IHeap_Interface__BASE__C                            
00008420  xdc_runtime_IModule_Interface__BASE__C                          
00008424  xdc_runtime_Memory_defaultHeapInstance__C                       
00008428  xdc_runtime_Startup_execImpl__C                                 
0000842c  xdc_runtime_Startup_maxPasses__C                                
00008430  xdc_runtime_Startup_sfxnRts__C                                  
00008434  xdc_runtime_Startup_sfxnTab__C                                  
00008438  xdc_runtime_SysCallback_abortFxn__C                             
0000843c  xdc_runtime_SysCallback_exitFxn__C                              
00008440  xdc_runtime_SysCallback_putchFxn__C                             
00008444  xdc_runtime_SysCallback_readyFxn__C                             
00008448  xdc_runtime_System_Module__gateObj__C                           
0000844c  xdc_runtime_System_abortFxn__C                                  
00008450  xdc_runtime_System_exitFxn__C                                   
00008454  xdc_runtime_System_extendFxn__C                                 
00008458  xdc_runtime_System_maxAtexitHandlers__C                         
0000845c  Display_count                                                   
0000845d  ADCBuf_count                                                    
0000845e  UART_count                                                      
0000845f  xdc_runtime_Error_policy__C                                     
00008460  ti_sysbios_family_arm_msp432_init_Boot_bypassLFXT__C            
00008462  ti_sysbios_family_arm_msp432_init_Boot_enableHFXT__C            
00008464  ti_sysbios_family_arm_msp432_init_Boot_enableLFXT__C            
00008466  ti_sysbios_heaps_HeapMem_Module__id__C                          
00008468  xdc_runtime_Memory_Module__id__C                                
00008470  __TI_static_base__                                              
000086b4  __TI_Handler_Table_Base                                         
000086c0  __TI_Handler_Table_Limit                                        
000086c8  __TI_CINIT_Base                                                 
000086d8  __TI_CINIT_Limit                                                
20000000  __start___llvm_prf_cnts                                         
20000000  __stop___llvm_prf_cnts                                          
20000000  ti_sysbios_family_arm_m3_Hwi_ramVectors                         
20000140  __primary_heap_start__                                          
20008140  __primary_heap_end__                                            
20008200  voltageBuffer                                                   
20009200  sampleBufferOne                                                 
20009a00  sampleBufferTwo                                                 
2000a600  ti_sysbios_knl_Task_Instance_State_0_stack__A                   
2000a800  ti_sysbios_family_arm_m3_Hwi_dispatchTable                      
2000a940  adcbufMSP432Objects                                             
2000ab00  uartMSP432Objects                                               
2000abe0  adcbufSem                                                       
2000ac0c  displayUartObject                                               
2000ac28  ClockP_tickPeriod                                               
2000ac2c  displayHandle                                                   
2000ac30  ti_sysbios_knl_Task_Instance_State_0_hookEnv__A                 
2000ac34  udmaMSP432Object                                                
2000ac38  PowerMSP432_perfLevels                                          
2000ae00  ti_sysbios_knl_Swi_Module_State_0_readyQ__A                     
2000ae80  ti_sysbios_knl_Task_Module_State_0_readyQ__A                    
2000af00  ti_sysbios_gates_GateMutex_Object__table__V                     
2000af54  ti_sysbios_knl_Task_Object__table__V                            
2000afa0  ti_sysbios_family_arm_msp432_Timer_Object__table__V             
2000afe4  ti_sysbios_knl_Task_Module__state__V                            
2000b028  ti_sysbios_family_arm_m3_Hwi_Module__state__V                   
2000b05c  ti_sysbios_knl_Swi_Object__table__V                             
2000b08c  PowerMSP432_module                                              
2000b0b8  ti_sysbios_knl_Clock_Module__state__V                           
2000b0e4  ti_sysbios_BIOS_Module__state__V                                
2000b108  ti_sysbios_family_arm_msp432_Timer_Module_State_0_device__A     
2000b128  xdc_runtime_Error_IgnoreBlock                                   
2000b180  ti_sysbios_knl_Swi_Module__state__V                             
2000b19c  adcBufMSP432Channels                                            
2000b1b4  ti_sysbios_family_arm_m3_Hwi_Object__table__V                   
2000b1cc  ti_sysbios_heaps_HeapMem_Object__table__V                       
2000b1f4  ti_sysbios_family_arm_msp432_Timer_Module_State_0_handles__A    
2000b204  ti_sysbios_family_arm_msp432_ClockFreqs_Module__state__V        
2000b210  ti_sysbios_family_arm_msp432_Timer_Module__state__V             
2000b21c  _lock                                                           
2000b220  _unlock                                                         
2000b224  ti_sysbios_family_arm_m3_Hwi_Module__root__V                    
2000b22c  ti_sysbios_gates_GateHwi_Module__root__V                        
2000b234  ti_sysbios_gates_GateMutex_Module__root__V                      
2000b23c  ti_sysbios_heaps_HeapMem_Module__root__V                        
2000b244  ti_sysbios_knl_Clock_Module__root__V                            
2000b24c  ti_sysbios_knl_Queue_Module__root__V                            
2000b254  ti_sysbios_knl_Semaphore_Module__root__V                        
2000b25c  ti_sysbios_knl_Task_Module__root__V                             
2000b264  xdc_runtime_Startup_Module__state__V                            
2000b26c  xdc_runtime_System_Module_State_0_atexitHandlers__A             
2000b274  xdc_runtime_System_Module__state__V                             
2000b27c  gpioCallbackFunctions                                           
2000b280  gpioPinConfigs                                                  
2000b284  main_func_sp                                                    
2000b288  ti_sysbios_family_arm_m3_Hwi_Module_State_0_excContext__A       
2000b28c  ti_sysbios_family_arm_m3_Hwi_Module_State_0_excStack__A         
2000b290  ti_sysbios_gates_GateHwi_Object__table__V                       
2000b294  ti_sysbios_knl_Task_Module_State_0_idleTask__A                  
2000b298  ti_sysbios_rts_ti_ReentSupport_Module__state__V                 
2000b29c  xdc_runtime_Memory_Module__state__V                             
2000b2a2  ti_sysbios_family_arm_m3_Hwi_Module_State_0_excActive__A        
2000fc00  __stack                                                         
20010000  __STACK_END                                                     
4000480c  WDTCTL_SYM                                                      
e000e000  ti_sysbios_family_arm_m3_Hwi_nvic                               
ffffffff  __TI_pprof_out_hndl                                             
ffffffff  __TI_prof_data_size                                             
ffffffff  __TI_prof_data_start                                            
ffffffff  __binit__                                                       
ffffffff  __c_args__                                                      
ffffffff  binit                                                           
UNDEFED   SHT$$INIT_ARRAY$$Base                                           
UNDEFED   SHT$$INIT_ARRAY$$Limit                                          

[631 symbols]
